#
# There is insufficient memory for the Java Runtime Environment to continue.
# Native memory allocation (mmap) failed to map 56623104 bytes. Error detail: G1 virtual space
# Possible reasons:
#   The system is out of physical RAM or swap space
#   This process is running with CompressedOops enabled, and the Java Heap may be blocking the growth of the native heap
# Possible solutions:
#   Reduce memory load on the system
#   Increase physical memory or swap space
#   Check if swap backing store is full
#   Decrease Java heap size (-Xmx/-Xms)
#   Decrease number of Java threads
#   Decrease Java thread stack sizes (-Xss)
#   Set larger code cache with -XX:ReservedCodeCacheSize=
#   JVM is running with Zero Based Compressed Oops mode in which the Java heap is
#     placed in the first 32GB address space. The Java Heap base address is the
#     maximum limit for the native heap growth. Please use -XX:HeapBaseMinAddress
#     to set the Java Heap base and to place the Java Heap above 32GB virtual address.
# This output file may be truncated or incomplete.
#
#  Out of Memory Error (os_windows.cpp:3766), pid=12016, tid=8504
#
# JRE version: OpenJDK Runtime Environment (25.0.2) (build 25.0.2+-15348964-b329.117)
# Java VM: OpenJDK 64-Bit Server VM (25.0.2+-15348964-b329.117, mixed mode, tiered, compressed oops, compressed class ptrs, g1 gc, windows-amd64)
# No core dump will be written. Minidumps are not enabled by default on client versions of Windows
#

---------------  S U M M A R Y ------------

Command Line: --add-opens=java.base/java.lang=ALL-UNNAMED --add-opens=java.base/java.lang.invoke=ALL-UNNAMED --add-opens=java.base/java.util=ALL-UNNAMED --add-opens=java.prefs/java.util.prefs=ALL-UNNAMED --add-exports=jdk.compiler/com.sun.tools.javac.api=ALL-UNNAMED --add-exports=jdk.compiler/com.sun.tools.javac.util=ALL-UNNAMED --add-opens=java.base/java.util=ALL-UNNAMED --add-opens=java.prefs/java.util.prefs=ALL-UNNAMED --add-opens=java.base/java.nio.charset=ALL-UNNAMED --add-opens=java.base/java.net=ALL-UNNAMED --add-opens=java.base/java.util.concurrent=ALL-UNNAMED --add-opens=java.base/java.util.concurrent.atomic=ALL-UNNAMED --add-opens=java.xml/javax.xml.namespace=ALL-UNNAMED --add-opens=java.base/java.time=ALL-UNNAMED --enable-native-access=ALL-UNNAMED -Xmx4g -Dfile.encoding=UTF-8 -Duser.country=US -Duser.language=en -Duser.variant -javaagent:C:\Users\DELL\.gradle\wrapper\dists\gradle-9.3.0-bin\79n14ral3mx1ozqr3csh2u872\gradle-9.3.0\lib\agents\gradle-instrumentation-agent-9.3.0.jar org.gradle.launcher.daemon.bootstrap.GradleDaemon 9.3.0

Host: 11th Gen Intel(R) Core(TM) i5-1135G7 @ 2.40GHz, 8 cores, 7G,  Windows 11 , 64 bit Build 26100 (10.0.26100.8875)
Time: Mon Aug 10 12:53:54 2026 E. Africa Standard Time elapsed time: 17.207400 seconds (0d 0h 0m 17s)

---------------  T H R E A D  ---------------

Current thread (0x0000015dbf8a1f20):  VMThread "VM Thread"          [id=8504, stack(0x00000033b9f00000,0x00000033ba000000) (1024K)]

Stack: [0x00000033b9f00000,0x00000033ba000000]
Native frames: (J=compiled Java code, j=interpreted, Vv=VM code, C=native code)
V  [jvm.dll+0x7bd439]  (no source info available)
V  [jvm.dll+0x78763d]  (no source info available)
V  [jvm.dll+0xa0c885]  (no source info available)
V  [jvm.dll+0xa0ef04]  (no source info available)
V  [jvm.dll+0xa0f603]  (no source info available)
V  [jvm.dll+0x309bf6]  (no source info available)
V  [jvm.dll+0x7b9545]  (no source info available)
V  [jvm.dll+0x7ac047]  (no source info available)
V  [jvm.dll+0x3fdeab]  (no source info available)
V  [jvm.dll+0x406066]  (no source info available)
V  [jvm.dll+0x3f2516]  (no source info available)
V  [jvm.dll+0x3f27f8]  (no source info available)
V  [jvm.dll+0x3c7b82]  (no source info available)
V  [jvm.dll+0x3c7c1a]  (no source info available)
V  [jvm.dll+0x4172d0]  (no source info available)
V  [jvm.dll+0x415bf1]  (no source info available)
V  [jvm.dll+0x3c72b7]  (no source info available)
V  [jvm.dll+0x41502f]  (no source info available)
V  [jvm.dll+0xa158ca]  (no source info available)
V  [jvm.dll+0xa16bd1]  (no source info available)
V  [jvm.dll+0xa17148]  (no source info available)
V  [jvm.dll+0xa173d3]  (no source info available)
V  [jvm.dll+0x9ab9c8]  (no source info available)
V  [jvm.dll+0x7bb985]  (no source info available)
C  [ucrtbase.dll+0x2cd30]  (no source info available)
C  [KERNEL32.DLL+0x2e957]  (no source info available)
C  [ntdll.dll+0xaad6c]  (no source info available)

VM_Operation (0x00000033baaf6310): G1CollectForAllocation, mode: safepoint, requested by thread 0x0000015dc6b8faf0


---------------  P R O C E S S  ---------------

Threads class SMR info:
_java_thread_list=0x0000015dc777c6d0, length=34, elements={
0x0000015da383ff10, 0x0000015dbf8c97c0, 0x0000015dbf8ce210, 0x0000015dbf8cec70,
0x0000015dbf8e9800, 0x0000015dbf8e9fc0, 0x0000015dbf8ec790, 0x0000015dbf8f5030,
0x0000015dbf8f9810, 0x0000015dbfb904a0, 0x0000015dbfe97ae0, 0x0000015dbf917e70,
0x0000015dc6b8b4a0, 0x0000015dc6b8dbb0, 0x0000015dc6b8a500, 0x0000015dc6b8e380,
0x0000015dc6b90a90, 0x0000015dc6b8faf0, 0x0000015dc6b8eb50, 0x0000015dc6acfd30,
0x0000015dc6ad14a0, 0x0000015dc6acddf0, 0x0000015dc6ace5c0, 0x0000015dc6aced90,
0x0000015dc6ad33e0, 0x0000015dc6ad3bb0, 0x0000015dc6f45d70, 0x0000015dc6f48c50,
0x0000015dc6f48480, 0x0000015dc6f46540, 0x0000015dc6f4ab90, 0x0000015dc6f4b360,
0x0000015dc6acf560, 0x0000015dc8357fa0
}

Java Threads: ( => current thread )
  0x0000015da383ff10 JavaThread "main"                              [_thread_blocked, id=10360, stack(0x00000033b9800000,0x00000033b9900000) (1024K)]
  0x0000015dbf8c97c0 JavaThread "Common-Cleaner"             daemon [_thread_blocked, id=13780, stack(0x00000033ba000000,0x00000033ba100000) (1024K)]
  0x0000015dbf8ce210 JavaThread "Reference Handler"          daemon [_thread_blocked, id=6932, stack(0x00000033ba100000,0x00000033ba200000) (1024K)]
  0x0000015dbf8cec70 JavaThread "Finalizer"                  daemon [_thread_blocked, id=10380, stack(0x00000033ba200000,0x00000033ba300000) (1024K)]
  0x0000015dbf8e9800 JavaThread "Signal Dispatcher"          daemon [_thread_blocked, id=908, stack(0x00000033ba300000,0x00000033ba400000) (1024K)]
  0x0000015dbf8e9fc0 JavaThread "Attach Listener"            daemon [_thread_blocked, id=10356, stack(0x00000033ba400000,0x00000033ba500000) (1024K)]
  0x0000015dbf8ec790 JavaThread "Service Thread"             daemon [_thread_blocked, id=6880, stack(0x00000033ba500000,0x00000033ba600000) (1024K)]
  0x0000015dbf8f5030 JavaThread "Monitor Deflation Thread"   daemon [_thread_blocked, id=2300, stack(0x00000033ba600000,0x00000033ba700000) (1024K)]
  0x0000015dbf8f9810 JavaThread "C2 CompilerThread0"         daemon [_thread_blocked, id=2856, stack(0x00000033ba700000,0x00000033ba800000) (1024K)]
  0x0000015dbfb904a0 JavaThread "C1 CompilerThread0"         daemon [_thread_blocked, id=4048, stack(0x00000033ba800000,0x00000033ba900000) (1024K)]
  0x0000015dbfe97ae0 JavaThread "Notification Thread"        daemon [_thread_blocked, id=1096, stack(0x00000033ba900000,0x00000033baa00000) (1024K)]
  0x0000015dbf917e70 JavaThread "Daemon health stats"               [_thread_blocked, id=6624, stack(0x00000033bb000000,0x00000033bb100000) (1024K)]
  0x0000015dc6b8b4a0 JavaThread "Incoming local TCP Connector on port 56443"        [_thread_in_native, id=5412, stack(0x00000033bb100000,0x00000033bb200000) (1024K)]
  0x0000015dc6b8dbb0 JavaThread "Daemon periodic checks"            [_thread_blocked, id=1732, stack(0x00000033bb200000,0x00000033bb300000) (1024K)]
  0x0000015dc6b8a500 JavaThread "Daemon"                            [_thread_blocked, id=564, stack(0x00000033bb300000,0x00000033bb400000) (1024K)]
  0x0000015dc6b8e380 JavaThread "Handler for socket connection from /127.0.0.1:56443 to /127.0.0.1:56444"        [_thread_in_native, id=3384, stack(0x00000033bb400000,0x00000033bb500000) (1024K)]
  0x0000015dc6b90a90 JavaThread "Cancel handler"                    [_thread_blocked, id=5312, stack(0x00000033bb800000,0x00000033bb900000) (1024K)]
  0x0000015dc6b8faf0 JavaThread "Daemon worker"                     [_thread_blocked, id=5872, stack(0x00000033baa00000,0x00000033bab00000) (1024K)]
  0x0000015dc6b8eb50 JavaThread "Asynchronous log dispatcher for DefaultDaemonConnection: socket connection from /127.0.0.1:56443 to /127.0.0.1:56444"        [_thread_blocked, id=11388, stack(0x00000033bb900000,0x00000033bba00000) (1024K)]
  0x0000015dc6acfd30 JavaThread "Stdin handler"                     [_thread_blocked, id=10084, stack(0x00000033bba00000,0x00000033bbb00000) (1024K)]
  0x0000015dc6ad14a0 JavaThread "Daemon client event forwarder"        [_thread_blocked, id=7288, stack(0x00000033bbb00000,0x00000033bbc00000) (1024K)]
  0x0000015dc6acddf0 JavaThread "Cache worker for journal cache (C:\Users\DELL\.gradle\caches\journal-1)"        [_thread_blocked, id=1404, stack(0x00000033bbd00000,0x00000033bbe00000) (1024K)]
  0x0000015dc6ace5c0 JavaThread "File lock request listener"        [_thread_in_native, id=6960, stack(0x00000033bbe00000,0x00000033bbf00000) (1024K)]
  0x0000015dc6aced90 JavaThread "Cache worker for file hash cache (C:\Users\DELL\.gradle\caches\9.3.0\fileHashes)"        [_thread_blocked, id=3436, stack(0x00000033bbf00000,0x00000033bc000000) (1024K)]
  0x0000015dc6ad33e0 JavaThread "Cache worker for file hash cache (D:\me\XAGUSD\WIN\ls\.gradle\9.3.0\fileHashes)"        [_thread_blocked, id=13140, stack(0x00000033bc000000,0x00000033bc100000) (1024K)]
  0x0000015dc6ad3bb0 JavaThread "Cache worker for checksums cache (D:\me\XAGUSD\WIN\ls\.gradle\9.3.0\checksums)"        [_thread_blocked, id=4520, stack(0x00000033bc100000,0x00000033bc200000) (1024K)]
  0x0000015dc6f45d70 JavaThread "Cache worker for Build Output Cleanup Cache (D:\me\XAGUSD\WIN\ls\.gradle\buildOutputCleanup)"        [_thread_blocked, id=12340, stack(0x00000033bc200000,0x00000033bc300000) (1024K)]
  0x0000015dc6f48c50 JavaThread "Cache worker for file content cache (C:\Users\DELL\.gradle\caches\9.3.0\fileContent)"        [_thread_blocked, id=14752, stack(0x00000033bc300000,0x00000033bc400000) (1024K)]
  0x0000015dc6f48480 JavaThread "File watcher server"        daemon [_thread_blocked, id=15288, stack(0x00000033bbc00000,0x00000033bbd00000) (1024K)]
  0x0000015dc6f46540 JavaThread "File watcher consumer"      daemon [_thread_blocked, id=4840, stack(0x00000033bc400000,0x00000033bc500000) (1024K)]
  0x0000015dc6f4ab90 JavaThread "Cache worker for cache directory md-supplier (C:\Users\DELL\.gradle\caches\9.3.0\md-supplier)"        [_thread_blocked, id=3480, stack(0x00000033bc500000,0x00000033bc600000) (1024K)]
  0x0000015dc6f4b360 JavaThread "Cache worker for cache directory md-rule (C:\Users\DELL\.gradle\caches\9.3.0\md-rule)"        [_thread_blocked, id=14064, stack(0x00000033bc600000,0x00000033bc700000) (1024K)]
  0x0000015dc6acf560 JavaThread "jar transforms"                    [_thread_blocked, id=8232, stack(0x00000033bc700000,0x00000033bc800000) (1024K)]
  0x0000015dc8357fa0 JavaThread "jar transforms Thread 2"           [_thread_blocked, id=5228, stack(0x00000033bc800000,0x00000033bc900000) (1024K)]
Total: 34

Other Threads:
=>0x0000015dbf8a1f20 VMThread "VM Thread"                           [id=8504, stack(0x00000033b9f00000,0x00000033ba000000) (1024K)]
  0x0000015dbf863900 WatcherThread "VM Periodic Task Thread"        [id=9412, stack(0x00000033b9e00000,0x00000033b9f00000) (1024K)]
  0x0000015da38a8cc0 WorkerThread "GC Thread#0"                     [id=5024, stack(0x00000033b9900000,0x00000033b9a00000) (1024K)]
  0x0000015dc4c8c1c0 WorkerThread "GC Thread#1"                     [id=13876, stack(0x00000033bab00000,0x00000033bac00000) (1024K)]
  0x0000015dc49532e0 WorkerThread "GC Thread#2"                     [id=11068, stack(0x00000033bac00000,0x00000033bad00000) (1024K)]
  0x0000015dc4b826d0 WorkerThread "GC Thread#3"                     [id=13388, stack(0x00000033bad00000,0x00000033bae00000) (1024K)]
  0x0000015dc45f9610 WorkerThread "GC Thread#4"                     [id=12256, stack(0x00000033bae00000,0x00000033baf00000) (1024K)]
  0x0000015dc45faba0 WorkerThread "GC Thread#5"                     [id=1972, stack(0x00000033baf00000,0x00000033bb000000) (1024K)]
  0x0000015dc677b350 WorkerThread "GC Thread#6"                     [id=7608, stack(0x00000033bb500000,0x00000033bb600000) (1024K)]
  0x0000015dc677b7a0 WorkerThread "GC Thread#7"                     [id=13796, stack(0x00000033bb600000,0x00000033bb700000) (1024K)]
  0x0000015da38c2da0 ConcurrentGCThread "G1 Main Marker"            [id=5648, stack(0x00000033b9a00000,0x00000033b9b00000) (1024K)]
  0x0000015da38c3cb0 WorkerThread "G1 Conc#0"                       [id=15256, stack(0x00000033b9b00000,0x00000033b9c00000) (1024K)]
  0x0000015dc6779520 WorkerThread "G1 Conc#1"                       [id=11920, stack(0x00000033bb700000,0x00000033bb800000) (1024K)]
  0x0000015da38feb10 ConcurrentGCThread "G1 Refine#0"               [id=652, stack(0x00000033b9c00000,0x00000033b9d00000) (1024K)]
  0x0000015dbf73b380 ConcurrentGCThread "G1 Service"                [id=11120, stack(0x00000033b9d00000,0x00000033b9e00000) (1024K)]
Total: 15

Threads with active compile tasks:
C2 CompilerThread0  17297 7067       4       org.objectweb.asm.MethodWriter::visitFrame (811 bytes)
Total: 1

VM state: at safepoint (normal execution)

VM Mutex/Monitor currently owned by a thread:  ([mutex/lock_event])
[0x00007ffab9e34698] Threads_lock - owner thread: 0x0000015dbf8a1f20
[0x00007ffab9e34818] Heap_lock - owner thread: 0x0000015dc6b8faf0

Heap address: 0x0000000700000000, size: 4096 MB, Compressed Oops mode: Zero based, Oop shift amount: 3

CDS archive(s) not mapped
Compressed class space mapped at: 0x000000009e000000-0x00000000de000000, reserved size: 1073741824
UseCompressedClassPointers 1, UseCompactObjectHeaders 0
Narrow klass pointer bits 32, Max shift 3
Narrow klass base: 0x0000000000000000, Narrow klass shift: 0
Encoding Range: [0x0000000000000000 - 0x0000000100000000), (4294967296 bytes)
Klass Range:    [0x000000009e000000 - 0x00000000de000000), (1073741824 bytes)
Klass ID Range:  [2650800128 - 3724541945) (1073741817)
No protection zone.

GC Precious Log:
 CardTable entry size: 512
 Card Set container configuration: InlinePtr #cards 4 size 8 Array Of Cards #cards 16 size 48 Howl #buckets 8 coarsen threshold 3686 Howl Bitmap #cards 512 size 80 coarsen threshold 460 Card regions per heap region 1 cards per card region 4096
 CPUs: 8 total, 8 available
 Memory: 7872M
 Large Page Support: Disabled
 NUMA Support: Disabled
 Compressed Oops: Enabled (Zero based)
 Heap Region Size: 2M
 Heap Min Capacity: 8M
 Heap Initial Capacity: 124M
 Heap Max Capacity: 4G
 Pre-touch: Disabled
 Parallel Workers: 8
 Concurrent Workers: 2
 Concurrent Refinement Workers: 8
 Periodic GC: Disabled

Heap:
 garbage-first heap   total reserved 4194304K, committed 151552K, used 45091K [0x0000000700000000, 0x0000000800000000)
  region size 2048K, 3 young (6144K), 3 survivors (6144K)

Heap Regions: E=young(eden), S=young(survivor), O=old, HS=humongous(starts), HC=humongous(continues), CS=collection set, F=free, TAMS=top-at-mark-start, PB=parsable bottom
|   0|0x0000000700000000, 0x0000000700200000, 0x0000000700200000|100%|HS|  |TAMS 0x0000000700200000| PB 0x0000000700000000| Complete |  0
|   1|0x0000000700200000, 0x0000000700400000, 0x0000000700400000|100%|HC|  |TAMS 0x0000000700400000| PB 0x0000000700200000| Complete |  0
|   2|0x0000000700400000, 0x0000000700400000, 0x0000000700600000|  0%| F|  |TAMS 0x0000000700400000| PB 0x0000000700400000| Untracked |  0
|   3|0x0000000700600000, 0x0000000700800000, 0x0000000700800000|100%| O|  |TAMS 0x0000000700800000| PB 0x0000000700600000| Untracked |  0
|   4|0x0000000700800000, 0x0000000700a00000, 0x0000000700a00000|100%| O|  |TAMS 0x0000000700a00000| PB 0x0000000700800000| Untracked |  0
|   5|0x0000000700a00000, 0x0000000700c00000, 0x0000000700c00000|100%| O|  |TAMS 0x0000000700c00000| PB 0x0000000700a00000| Untracked |  0
|   6|0x0000000700c00000, 0x0000000700e00000, 0x0000000700e00000|100%| O|  |TAMS 0x0000000700e00000| PB 0x0000000700c00000| Untracked |  0
|   7|0x0000000700e00000, 0x0000000701000000, 0x0000000701000000|100%| O|  |TAMS 0x0000000701000000| PB 0x0000000700e00000| Untracked |  0
|   8|0x0000000701000000, 0x0000000701200000, 0x0000000701200000|100%| O|  |TAMS 0x0000000701200000| PB 0x0000000701000000| Untracked |  0
|   9|0x0000000701200000, 0x0000000701400000, 0x0000000701400000|100%| O|  |TAMS 0x0000000701400000| PB 0x0000000701200000| Untracked |  0
|  10|0x0000000701400000, 0x0000000701600000, 0x0000000701600000|100%| O|  |TAMS 0x0000000701600000| PB 0x0000000701400000| Untracked |  0
|  11|0x0000000701600000, 0x0000000701800000, 0x0000000701800000|100%| O|  |TAMS 0x0000000701800000| PB 0x0000000701600000| Untracked |  0
|  12|0x0000000701800000, 0x0000000701a00000, 0x0000000701a00000|100%| O|  |TAMS 0x0000000701a00000| PB 0x0000000701800000| Untracked |  0
|  13|0x0000000701a00000, 0x0000000701c00000, 0x0000000701c00000|100%| O|  |TAMS 0x0000000701c00000| PB 0x0000000701a00000| Untracked |  0
|  14|0x0000000701c00000, 0x0000000701e00000, 0x0000000701e00000|100%| O|  |TAMS 0x0000000701e00000| PB 0x0000000701c00000| Untracked |  0
|  15|0x0000000701e00000, 0x0000000701fa6460, 0x0000000702000000| 82%| O|  |TAMS 0x0000000701fa6460| PB 0x0000000701e00000| Untracked |  0
|  16|0x0000000702000000, 0x0000000702200000, 0x0000000702200000|100%| O|  |TAMS 0x0000000702200000| PB 0x0000000702000000| Untracked |  0
|  17|0x0000000702200000, 0x0000000702200000, 0x0000000702400000|  0%| F|  |TAMS 0x0000000702200000| PB 0x0000000702200000| Untracked |  0
|  18|0x0000000702400000, 0x0000000702400000, 0x0000000702600000|  0%| F|  |TAMS 0x0000000702400000| PB 0x0000000702400000| Untracked |  0
|  19|0x0000000702600000, 0x0000000702600000, 0x0000000702800000|  0%| F|  |TAMS 0x0000000702600000| PB 0x0000000702600000| Untracked |  0
|  20|0x0000000702800000, 0x0000000702800000, 0x0000000702a00000|  0%| F|  |TAMS 0x0000000702800000| PB 0x0000000702800000| Untracked |  0
|  21|0x0000000702a00000, 0x0000000702a00000, 0x0000000702c00000|  0%| F|  |TAMS 0x0000000702a00000| PB 0x0000000702a00000| Untracked |  0
|  22|0x0000000702c00000, 0x0000000702c00000, 0x0000000702e00000|  0%| F|  |TAMS 0x0000000702c00000| PB 0x0000000702c00000| Untracked |  0
|  23|0x0000000702e00000, 0x0000000702e62ac0, 0x0000000703000000| 19%| S|CS|TAMS 0x0000000702e00000| PB 0x0000000702e00000| Complete |  0
|  24|0x0000000703000000, 0x0000000703200000, 0x0000000703200000|100%| S|CS|TAMS 0x0000000703000000| PB 0x0000000703000000| Complete |  0
|  25|0x0000000703200000, 0x0000000703400000, 0x0000000703400000|100%| S|CS|TAMS 0x0000000703200000| PB 0x0000000703200000| Complete |  0
|  26|0x0000000703400000, 0x0000000703400000, 0x0000000703600000|  0%| F|  |TAMS 0x0000000703400000| PB 0x0000000703400000| Untracked |  0
|  27|0x0000000703600000, 0x0000000703600000, 0x0000000703800000|  0%| F|  |TAMS 0x0000000703600000| PB 0x0000000703600000| Untracked |  0
|  28|0x0000000703800000, 0x0000000703800000, 0x0000000703a00000|  0%| F|  |TAMS 0x0000000703800000| PB 0x0000000703800000| Untracked |  0
|  29|0x0000000703a00000, 0x0000000703a00000, 0x0000000703c00000|  0%| F|  |TAMS 0x0000000703a00000| PB 0x0000000703a00000| Untracked |  0
|  30|0x0000000703c00000, 0x0000000703c00000, 0x0000000703e00000|  0%| F|  |TAMS 0x0000000703c00000| PB 0x0000000703c00000| Untracked |  0
|  31|0x0000000703e00000, 0x0000000703e00000, 0x0000000704000000|  0%| F|  |TAMS 0x0000000703e00000| PB 0x0000000703e00000| Untracked |  0
|  32|0x0000000704000000, 0x0000000704000000, 0x0000000704200000|  0%| F|  |TAMS 0x0000000704000000| PB 0x0000000704000000| Untracked |  0
|  33|0x0000000704200000, 0x0000000704200000, 0x0000000704400000|  0%| F|  |TAMS 0x0000000704200000| PB 0x0000000704200000| Untracked |  0
|  34|0x0000000704400000, 0x0000000704400000, 0x0000000704600000|  0%| F|  |TAMS 0x0000000704400000| PB 0x0000000704400000| Untracked |  0
|  35|0x0000000704600000, 0x0000000704600000, 0x0000000704800000|  0%| F|  |TAMS 0x0000000704600000| PB 0x0000000704600000| Untracked |  0
|  36|0x0000000704800000, 0x0000000704800000, 0x0000000704a00000|  0%| F|  |TAMS 0x0000000704800000| PB 0x0000000704800000| Untracked |  0
|  37|0x0000000704a00000, 0x0000000704a00000, 0x0000000704c00000|  0%| F|  |TAMS 0x0000000704a00000| PB 0x0000000704a00000| Untracked |  0
|  38|0x0000000704c00000, 0x0000000704c00000, 0x0000000704e00000|  0%| F|  |TAMS 0x0000000704c00000| PB 0x0000000704c00000| Untracked |  0
|  39|0x0000000704e00000, 0x0000000704e00000, 0x0000000705000000|  0%| F|  |TAMS 0x0000000704e00000| PB 0x0000000704e00000| Untracked |  0
|  40|0x0000000705000000, 0x0000000705000000, 0x0000000705200000|  0%| F|  |TAMS 0x0000000705000000| PB 0x0000000705000000| Untracked |  0
|  41|0x0000000705200000, 0x0000000705200000, 0x0000000705400000|  0%| F|  |TAMS 0x0000000705200000| PB 0x0000000705200000| Untracked |  0
|  42|0x0000000705400000, 0x0000000705400000, 0x0000000705600000|  0%| F|  |TAMS 0x0000000705400000| PB 0x0000000705400000| Untracked |  0
|  43|0x0000000705600000, 0x0000000705600000, 0x0000000705800000|  0%| F|  |TAMS 0x0000000705600000| PB 0x0000000705600000| Untracked |  0
|  44|0x0000000705800000, 0x0000000705800000, 0x0000000705a00000|  0%| F|  |TAMS 0x0000000705800000| PB 0x0000000705800000| Untracked |  0
|  45|0x0000000705a00000, 0x0000000705a00000, 0x0000000705c00000|  0%| F|  |TAMS 0x0000000705a00000| PB 0x0000000705a00000| Untracked |  0
|  46|0x0000000705c00000, 0x0000000705c00000, 0x0000000705e00000|  0%| F|  |TAMS 0x0000000705c00000| PB 0x0000000705c00000| Untracked |  0
|  47|0x0000000705e00000, 0x0000000705e00000, 0x0000000706000000|  0%| F|  |TAMS 0x0000000705e00000| PB 0x0000000705e00000| Untracked |  0
|  48|0x0000000706000000, 0x0000000706000000, 0x0000000706200000|  0%| F|  |TAMS 0x0000000706000000| PB 0x0000000706000000| Untracked |  0
|  49|0x0000000706200000, 0x0000000706200000, 0x0000000706400000|  0%| F|  |TAMS 0x0000000706200000| PB 0x0000000706200000| Untracked |  0
|  50|0x0000000706400000, 0x0000000706400000, 0x0000000706600000|  0%| F|  |TAMS 0x0000000706400000| PB 0x0000000706400000| Untracked |  0
|  51|0x0000000706600000, 0x0000000706600000, 0x0000000706800000|  0%| F|  |TAMS 0x0000000706600000| PB 0x0000000706600000| Untracked |  0
|  52|0x0000000706800000, 0x0000000706800000, 0x0000000706a00000|  0%| F|  |TAMS 0x0000000706800000| PB 0x0000000706800000| Untracked |  0
|  53|0x0000000706a00000, 0x0000000706a00000, 0x0000000706c00000|  0%| F|  |TAMS 0x0000000706a00000| PB 0x0000000706a00000| Untracked |  0
|  54|0x0000000706c00000, 0x0000000706c00000, 0x0000000706e00000|  0%| F|  |TAMS 0x0000000706c00000| PB 0x0000000706c00000| Untracked |  0
|  55|0x0000000706e00000, 0x0000000706e00000, 0x0000000707000000|  0%| F|  |TAMS 0x0000000706e00000| PB 0x0000000706e00000| Untracked |  0
|  56|0x0000000707000000, 0x0000000707000000, 0x0000000707200000|  0%| F|  |TAMS 0x0000000707000000| PB 0x0000000707000000| Untracked |  0
|  57|0x0000000707200000, 0x0000000707200000, 0x0000000707400000|  0%| F|  |TAMS 0x0000000707200000| PB 0x0000000707200000| Untracked |  0
|  58|0x0000000707400000, 0x0000000707400000, 0x0000000707600000|  0%| F|  |TAMS 0x0000000707400000| PB 0x0000000707400000| Untracked |  0
|  59|0x0000000707600000, 0x0000000707600000, 0x0000000707800000|  0%| F|  |TAMS 0x0000000707600000| PB 0x0000000707600000| Untracked |  0
|  60|0x0000000707800000, 0x0000000707800000, 0x0000000707a00000|  0%| F|  |TAMS 0x0000000707800000| PB 0x0000000707800000| Untracked |  0
|  61|0x0000000707a00000, 0x0000000707a00000, 0x0000000707c00000|  0%| F|  |TAMS 0x0000000707a00000| PB 0x0000000707a00000| Untracked |  0
|  62|0x0000000707c00000, 0x0000000707c00000, 0x0000000707e00000|  0%| F|  |TAMS 0x0000000707c00000| PB 0x0000000707c00000| Untracked |  0
|  63|0x0000000707e00000, 0x0000000707e00000, 0x0000000708000000|  0%| F|  |TAMS 0x0000000707e00000| PB 0x0000000707e00000| Untracked |  0
|  64|0x0000000708000000, 0x0000000708000000, 0x0000000708200000|  0%| F|  |TAMS 0x0000000708000000| PB 0x0000000708000000| Untracked |  0
|  65|0x0000000708200000, 0x0000000708200000, 0x0000000708400000|  0%| F|  |TAMS 0x0000000708200000| PB 0x0000000708200000| Untracked |  0
|  66|0x0000000708400000, 0x0000000708400000, 0x0000000708600000|  0%| F|  |TAMS 0x0000000708400000| PB 0x0000000708400000| Untracked |  0
|  67|0x0000000708600000, 0x0000000708600000, 0x0000000708800000|  0%| F|  |TAMS 0x0000000708600000| PB 0x0000000708600000| Untracked |  0
|2042|0x00000007ff400000, 0x00000007ff600000, 0x00000007ff600000|100%| O|  |TAMS 0x00000007ff600000| PB 0x00000007ff400000| Untracked |  0
|2043|0x00000007ff600000, 0x00000007ff600000, 0x00000007ff800000|  0%| F|  |TAMS 0x00000007ff600000| PB 0x00000007ff600000| Untracked |  0
|2044|0x00000007ff800000, 0x00000007ffa00000, 0x00000007ffa00000|100%| O|  |TAMS 0x00000007ffa00000| PB 0x00000007ff800000| Untracked |  0
|2045|0x00000007ffa00000, 0x00000007ffc00000, 0x00000007ffc00000|100%| O|  |TAMS 0x00000007ffc00000| PB 0x00000007ffa00000| Untracked |  0
|2046|0x00000007ffc00000, 0x00000007ffc00000, 0x00000007ffe00000|  0%| F|  |TAMS 0x00000007ffc00000| PB 0x00000007ffc00000| Untracked |  0
|2047|0x00000007ffe00000, 0x0000000800000000, 0x0000000800000000|100%| O|  |TAMS 0x0000000800000000| PB 0x00000007ffe00000| Untracked |  0

Card table byte_map: [0x0000015db8720000,0x0000015db8f20000] _byte_map_base: 0x0000015db4f20000

Marking Bits: (CMBitMap*) 0x0000015da38aa460
 Bits: [0x0000015db8f20000, 0x0000015dbcf20000)

Polling page: 0x0000015da35a0000

Metaspace:
Metaspace        used 64389K, committed 65920K, reserved 1114112K
 class space     used 9317K, committed 10048K, reserved 1048576K

Usage:
  Non-class:     53.78 MB used.
      Class:      9.10 MB used.
       Both:     62.88 MB used.

Virtual space:
  Non-class space:       64.00 MB reserved,      54.56 MB ( 85%) committed,  1 nodes.
      Class space:        1.00 GB reserved,       9.81 MB ( <1%) committed,  1 nodes.
             Both:        1.06 GB reserved,      64.38 MB (  6%) committed. 

Chunk freelists:
   Non-Class:  8.70 MB
       Class:  6.08 MB
        Both:  14.78 MB

MaxMetaspaceSize: unlimited
CompressedClassSpaceSize: 1.00 GB
Initial GC threshold: 21.00 MB
Current GC threshold: 107.31 MB
CDS: off
 - commit_granule_bytes: 65536.
 - commit_granule_words: 8192.
 - virtual_space_node_default_size: 8388608.
 - enlarge_chunks_in_place: 1.
UseCompressedClassPointers 1, UseCompactObjectHeaders 0
Narrow klass pointer bits 32, Max shift 3
Narrow klass base: 0x0000000000000000, Narrow klass shift: 0
Encoding Range: [0x0000000000000000 - 0x0000000100000000), (4294967296 bytes)
Klass Range:    [0x000000009e000000 - 0x00000000de000000), (1073741824 bytes)
Klass ID Range:  [2650800128 - 3724541945) (1073741817)
No protection zone.


Internal statistics:

num_allocs_failed_limit: 12.
num_arena_births: 2964.
num_arena_deaths: 2.
num_vsnodes_births: 2.
num_vsnodes_deaths: 0.
num_space_committed: 1030.
num_space_uncommitted: 0.
num_chunks_returned_to_freelist: 15.
num_chunks_taken_from_freelist: 5395.
num_chunk_merges: 12.
num_chunk_splits: 3593.
num_chunks_enlarged: 2290.
num_inconsistent_stats: 0.

CodeHeap 'non-profiled nmethods': size=120064Kb used=2255Kb max_used=2546Kb free=117808Kb
 bounds [0x0000015daff70000, 0x0000015db0210000, 0x0000015db74b0000]
CodeHeap 'profiled nmethods': size=120000Kb used=8093Kb max_used=8916Kb free=111906Kb
 bounds [0x0000015da84b0000, 0x0000015da8d70000, 0x0000015daf9e0000]
CodeHeap 'non-nmethods': size=5696Kb used=2119Kb max_used=2363Kb free=3576Kb
 bounds [0x0000015daf9e0000, 0x0000015dafc50000, 0x0000015daff70000]
CodeCache: size=245760Kb, used=12467Kb, max_used=13825Kb, free=233290Kb
 total_blobs=6374, nmethods=5577, adapters=700, full_count=0
Compilation: enabled, stopped_count=0, restarted_count=0

Compilation events (20 events):
Event: 15.971 Thread 0x0000015dbfb904a0 7066       2       org.objectweb.asm.MethodVisitor::visitLookupSwitchInsn (18 bytes)
Event: 15.971 Thread 0x0000015dbfb904a0 nmethod 7066 0x0000015da86cae88 code [0x0000015da86caf80, 0x0000015da86cb0b8]
Event: 15.975 Thread 0x0000015dbfb904a0 7068   !   2       org.gradle.internal.event.AbstractBroadcastDispatch::dispatch (194 bytes)
Event: 15.977 Thread 0x0000015dbfb904a0 nmethod 7068 0x0000015da8627e88 code [0x0000015da8627f80, 0x0000015da8628ae0]
Event: 15.981 Thread 0x0000015dbfb904a0 7069       2       org.gradle.internal.dispatch.ProxyDispatchAdapter$DispatchingInvocationHandler::invoke (266 bytes)
Event: 15.982 Thread 0x0000015dbf8f9810 nmethod 7064 0x0000015db00b6908 code [0x0000015db00b6a00, 0x0000015db00b9300]
Event: 15.982 Thread 0x0000015dbf8f9810 7065       4       org.objectweb.asm.commons.MethodRemapper::remapFrameTypes (78 bytes)
Event: 15.983 Thread 0x0000015dbfb904a0 nmethod 7069 0x0000015da8b59188 code [0x0000015da8b59280, 0x0000015da8b59f08]
Event: 15.983 Thread 0x0000015dbfb904a0 7070       2       org.gradle.internal.dispatch.MethodInvocation::<init> (25 bytes)
Event: 15.984 Thread 0x0000015dbfb904a0 nmethod 7070 0x0000015da87ed088 code [0x0000015da87ed180, 0x0000015da87ed358]
Event: 15.986 Thread 0x0000015dbfb904a0 7071       2       org.gradle.internal.logging.events.OutputEvent::<init> (5 bytes)
Event: 15.986 Thread 0x0000015dbfb904a0 nmethod 7071 0x0000015da8924908 code [0x0000015da8924a00, 0x0000015da8924b00]
Event: 16.011 Thread 0x0000015dbfb904a0 7072       2       org.objectweb.asm.commons.AnnotationRemapper::visitArray (35 bytes)
Event: 16.012 Thread 0x0000015dbfb904a0 nmethod 7072 0x0000015da893f588 code [0x0000015da893f680, 0x0000015da893f878]
Event: 16.012 Thread 0x0000015dbfb904a0 7073       2       org.objectweb.asm.AnnotationVisitor::visitArray (18 bytes)
Event: 16.012 Thread 0x0000015dbfb904a0 nmethod 7073 0x0000015da8957808 code [0x0000015da8957900, 0x0000015da8957a68]
Event: 16.012 Thread 0x0000015dbfb904a0 7074       2       org.objectweb.asm.AnnotationWriter::visitArray (62 bytes)
Event: 16.013 Thread 0x0000015dbfb904a0 nmethod 7074 0x0000015da8cdb908 code [0x0000015da8cdba00, 0x0000015da8cdbc80]
Event: 16.019 Thread 0x0000015dbf8f9810 nmethod 7065 0x0000015db0141d08 code [0x0000015db0141e00, 0x0000015db0142e80]
Event: 16.019 Thread 0x0000015dbf8f9810 7067       4       org.objectweb.asm.MethodWriter::visitFrame (811 bytes)

GC Heap Usage History (20 events):
Event: 12.728 {heap After GC invocations=17 (full 0):
 garbage-first heap   total reserved 4194304K, committed 122880K, used 42398K [0x0000000700000000, 0x0000000800000000)
  region size 2048K, 3 young (6144K), 3 survivors (6144K)
}
Event: 13.025 {heap Before GC invocations=17 (full 0):
 garbage-first heap   total reserved 4194304K, committed 122880K, used 107934K [0x0000000700000000, 0x0000000800000000)
  region size 2048K, 35 young (71680K), 3 survivors (6144K)
}
Event: 13.033 {heap After GC invocations=18 (full 0):
 garbage-first heap   total reserved 4194304K, committed 122880K, used 42593K [0x0000000700000000, 0x0000000800000000)
  region size 2048K, 3 young (6144K), 3 survivors (6144K)
}
Event: 13.339 {heap Before GC invocations=19 (full 0):
 garbage-first heap   total reserved 4194304K, committed 122880K, used 110177K [0x0000000700000000, 0x0000000800000000)
  region size 2048K, 36 young (73728K), 3 survivors (6144K)
}
Event: 13.347 {heap After GC invocations=20 (full 0):
 garbage-first heap   total reserved 4194304K, committed 122880K, used 42601K [0x0000000700000000, 0x0000000800000000)
  region size 2048K, 3 young (6144K), 3 survivors (6144K)
}
Event: 13.672 {heap Before GC invocations=20 (full 0):
 garbage-first heap   total reserved 4194304K, committed 122880K, used 110185K [0x0000000700000000, 0x0000000800000000)
  region size 2048K, 36 young (73728K), 3 survivors (6144K)
}
Event: 13.682 {heap After GC invocations=21 (full 0):
 garbage-first heap   total reserved 4194304K, committed 122880K, used 42875K [0x0000000700000000, 0x0000000800000000)
  region size 2048K, 3 young (6144K), 3 survivors (6144K)
}
Event: 13.968 {heap Before GC invocations=21 (full 0):
 garbage-first heap   total reserved 4194304K, committed 122880K, used 110459K [0x0000000700000000, 0x0000000800000000)
  region size 2048K, 36 young (73728K), 3 survivors (6144K)
}
Event: 13.978 {heap After GC invocations=22 (full 0):
 garbage-first heap   total reserved 4194304K, committed 151552K, used 43181K [0x0000000700000000, 0x0000000800000000)
  region size 2048K, 3 young (6144K), 3 survivors (6144K)
}
Event: 14.351 {heap Before GC invocations=23 (full 0):
 garbage-first heap   total reserved 4194304K, committed 151552K, used 127149K [0x0000000700000000, 0x0000000800000000)
  region size 2048K, 44 young (90112K), 3 survivors (6144K)
}
Event: 14.362 {heap After GC invocations=24 (full 0):
 garbage-first heap   total reserved 4194304K, committed 151552K, used 43314K [0x0000000700000000, 0x0000000800000000)
  region size 2048K, 3 young (6144K), 3 survivors (6144K)
}
Event: 14.780 {heap Before GC invocations=24 (full 0):
 garbage-first heap   total reserved 4194304K, committed 151552K, used 127282K [0x0000000700000000, 0x0000000800000000)
  region size 2048K, 44 young (90112K), 3 survivors (6144K)
}
Event: 14.790 {heap After GC invocations=25 (full 0):
 garbage-first heap   total reserved 4194304K, committed 151552K, used 43616K [0x0000000700000000, 0x0000000800000000)
  region size 2048K, 4 young (8192K), 4 survivors (8192K)
}
Event: 15.097 {heap Before GC invocations=25 (full 0):
 garbage-first heap   total reserved 4194304K, committed 151552K, used 125536K [0x0000000700000000, 0x0000000800000000)
  region size 2048K, 44 young (90112K), 4 survivors (8192K)
}
Event: 15.108 {heap After GC invocations=26 (full 0):
 garbage-first heap   total reserved 4194304K, committed 151552K, used 44356K [0x0000000700000000, 0x0000000800000000)
  region size 2048K, 4 young (8192K), 4 survivors (8192K)
}
Event: 15.372 {heap Before GC invocations=27 (full 0):
 garbage-first heap   total reserved 4194304K, committed 151552K, used 126276K [0x0000000700000000, 0x0000000800000000)
  region size 2048K, 44 young (90112K), 4 survivors (8192K)
}
Event: 15.381 {heap After GC invocations=28 (full 0):
 garbage-first heap   total reserved 4194304K, committed 151552K, used 43951K [0x0000000700000000, 0x0000000800000000)
  region size 2048K, 4 young (8192K), 4 survivors (8192K)
}
Event: 15.684 {heap Before GC invocations=28 (full 0):
 garbage-first heap   total reserved 4194304K, committed 151552K, used 125871K [0x0000000700000000, 0x0000000800000000)
  region size 2048K, 44 young (90112K), 4 survivors (8192K)
}
Event: 15.696 {heap After GC invocations=29 (full 0):
 garbage-first heap   total reserved 4194304K, committed 151552K, used 44187K [0x0000000700000000, 0x0000000800000000)
  region size 2048K, 2 young (4096K), 2 survivors (4096K)
}
Event: 16.090 {heap Before GC invocations=29 (full 0):
 garbage-first heap   total reserved 4194304K, committed 151552K, used 128155K [0x0000000700000000, 0x0000000800000000)
  region size 2048K, 44 young (90112K), 2 survivors (4096K)
}

Metaspace Usage History (20 events):
Event: 12.728 {metaspace After GC invocations=17 (full 0):
 Metaspace       used 64320K, committed 65920K, reserved 1114112K
  class space    used 9305K, committed 10048K, reserved 1048576K
}
Event: 13.025 {metaspace Before GC invocations=17 (full 0):
 Metaspace       used 64331K, committed 65920K, reserved 1114112K
  class space    used 9305K, committed 10048K, reserved 1048576K
}
Event: 13.033 {metaspace After GC invocations=18 (full 0):
 Metaspace       used 64331K, committed 65920K, reserved 1114112K
  class space    used 9305K, committed 10048K, reserved 1048576K
}
Event: 13.339 {metaspace Before GC invocations=19 (full 0):
 Metaspace       used 64324K, committed 65920K, reserved 1114112K
  class space    used 9302K, committed 10048K, reserved 1048576K
}
Event: 13.347 {metaspace After GC invocations=20 (full 0):
 Metaspace       used 64324K, committed 65920K, reserved 1114112K
  class space    used 9302K, committed 10048K, reserved 1048576K
}
Event: 13.672 {metaspace Before GC invocations=20 (full 0):
 Metaspace       used 64324K, committed 65920K, reserved 1114112K
  class space    used 9302K, committed 10048K, reserved 1048576K
}
Event: 13.682 {metaspace After GC invocations=21 (full 0):
 Metaspace       used 64324K, committed 65920K, reserved 1114112K
  class space    used 9302K, committed 10048K, reserved 1048576K
}
Event: 13.968 {metaspace Before GC invocations=21 (full 0):
 Metaspace       used 64352K, committed 65920K, reserved 1114112K
  class space    used 9310K, committed 10048K, reserved 1048576K
}
Event: 13.978 {metaspace After GC invocations=22 (full 0):
 Metaspace       used 64352K, committed 65920K, reserved 1114112K
  class space    used 9310K, committed 10048K, reserved 1048576K
}
Event: 14.351 {metaspace Before GC invocations=23 (full 0):
 Metaspace       used 64352K, committed 65920K, reserved 1114112K
  class space    used 9310K, committed 10048K, reserved 1048576K
}
Event: 14.362 {metaspace After GC invocations=24 (full 0):
 Metaspace       used 64352K, committed 65920K, reserved 1114112K
  class space    used 9310K, committed 10048K, reserved 1048576K
}
Event: 14.780 {metaspace Before GC invocations=24 (full 0):
 Metaspace       used 64352K, committed 65920K, reserved 1114112K
  class space    used 9310K, committed 10048K, reserved 1048576K
}
Event: 14.790 {metaspace After GC invocations=25 (full 0):
 Metaspace       used 64352K, committed 65920K, reserved 1114112K
  class space    used 9310K, committed 10048K, reserved 1048576K
}
Event: 15.097 {metaspace Before GC invocations=25 (full 0):
 Metaspace       used 64352K, committed 65920K, reserved 1114112K
  class space    used 9310K, committed 10048K, reserved 1048576K
}
Event: 15.108 {metaspace After GC invocations=26 (full 0):
 Metaspace       used 64352K, committed 65920K, reserved 1114112K
  class space    used 9310K, committed 10048K, reserved 1048576K
}
Event: 15.372 {metaspace Before GC invocations=27 (full 0):
 Metaspace       used 64360K, committed 65920K, reserved 1114112K
  class space    used 9310K, committed 10048K, reserved 1048576K
}
Event: 15.381 {metaspace After GC invocations=28 (full 0):
 Metaspace       used 64360K, committed 65920K, reserved 1114112K
  class space    used 9310K, committed 10048K, reserved 1048576K
}
Event: 15.684 {metaspace Before GC invocations=28 (full 0):
 Metaspace       used 64360K, committed 65920K, reserved 1114112K
  class space    used 9310K, committed 10048K, reserved 1048576K
}
Event: 15.696 {metaspace After GC invocations=29 (full 0):
 Metaspace       used 64360K, committed 65920K, reserved 1114112K
  class space    used 9310K, committed 10048K, reserved 1048576K
}
Event: 16.090 {metaspace Before GC invocations=29 (full 0):
 Metaspace       used 64389K, committed 65920K, reserved 1114112K
  class space    used 9317K, committed 10048K, reserved 1048576K
}

Dll operation events (3 events):
Event: 0.017 Loaded shared library C:\Program Files\Android\Android Studio\jbr\bin\java.dll
Event: 0.024 Loaded shared library C:\Program Files\Android\Android Studio\jbr\bin\zip.dll
Event: 1.211 Loaded shared library C:\Program Files\Android\Android Studio\jbr\bin\verify.dll

Deoptimization events (20 events):
Event: 12.939 Thread 0x0000015dc6b8faf0 DEOPT PACKING pc=0x0000015da8ccea7a sp=0x00000033baaf8100
Event: 12.939 Thread 0x0000015dc6b8faf0 DEOPT UNPACKING pc=0x0000015dafa312a2 sp=0x00000033baaf75c8 mode 0
Event: 12.977 Thread 0x0000015dc6b8faf0 DEOPT PACKING pc=0x0000015da8cbd385 sp=0x00000033baaf7940
Event: 12.977 Thread 0x0000015dc6b8faf0 DEOPT UNPACKING pc=0x0000015dafa312a2 sp=0x00000033baaf6e70 mode 0
Event: 13.243 Thread 0x0000015dc6b8faf0 DEOPT PACKING pc=0x0000015da8cc6b6b sp=0x00000033baaf8170
Event: 13.243 Thread 0x0000015dc6b8faf0 DEOPT UNPACKING pc=0x0000015dafa312a2 sp=0x00000033baaf7720 mode 0
Event: 13.287 Thread 0x0000015dc6b8faf0 Uncommon trap: trap_request=0xffffff45 fr.pc=0x0000015db01835e8 relative=0x0000000000005968
Event: 13.288 Thread 0x0000015dc6b8faf0 Uncommon trap: reason=unstable_if action=reinterpret pc=0x0000015db01835e8 method=org.objectweb.asm.signature.SignatureReader.parseType(Ljava/lang/String;ILorg/objectweb/asm/signature/SignatureVisitor;)I @ 14 c2
Event: 13.288 Thread 0x0000015dc6b8faf0 DEOPT PACKING pc=0x0000015db01835e8 sp=0x00000033baaf79f0
Event: 13.288 Thread 0x0000015dc6b8faf0 DEOPT UNPACKING pc=0x0000015dafb07402 sp=0x00000033baaf79f0 mode 2
Event: 13.323 Thread 0x0000015dc6b8faf0 DEOPT PACKING pc=0x0000015da8cf3fb8 sp=0x00000033baaf7670
Event: 13.323 Thread 0x0000015dc6b8faf0 DEOPT UNPACKING pc=0x0000015dafa312a2 sp=0x00000033baaf6b68 mode 0
Event: 13.930 Thread 0x0000015dc6b8faf0 DEOPT PACKING pc=0x0000015da84b43f5 sp=0x00000033baaf7e20
Event: 13.930 Thread 0x0000015dc6b8faf0 DEOPT UNPACKING pc=0x0000015dafa312a2 sp=0x00000033baaf7320 mode 0
Event: 14.262 Thread 0x0000015dc6b8faf0 Uncommon trap: trap_request=0xffffff45 fr.pc=0x0000015db01ea140 relative=0x0000000000000cc0
Event: 14.262 Thread 0x0000015dc6b8faf0 Uncommon trap: reason=unstable_if action=reinterpret pc=0x0000015db01ea140 method=org.objectweb.asm.SymbolTable.addConstantUtf8(Ljava/lang/String;)I @ 40 c2
Event: 14.262 Thread 0x0000015dc6b8faf0 DEOPT PACKING pc=0x0000015db01ea140 sp=0x00000033baaf7550
Event: 14.262 Thread 0x0000015dc6b8faf0 DEOPT UNPACKING pc=0x0000015dafb07402 sp=0x00000033baaf7510 mode 2
Event: 15.792 Thread 0x0000015dc6b8faf0 DEOPT PACKING pc=0x0000015da84b43f5 sp=0x00000033baaf7e20
Event: 15.792 Thread 0x0000015dc6b8faf0 DEOPT UNPACKING pc=0x0000015dafa312a2 sp=0x00000033baaf7320 mode 0

Classes loaded (20 events):
Event: 11.589 Loading class java/lang/StringConcatHelper$Concat1
Event: 11.589 Loading class java/lang/StringConcatHelper$Concat1 done
Event: 11.968 Loading class java/nio/charset/UnsupportedCharsetException
Event: 11.968 Loading class java/nio/charset/UnsupportedCharsetException done
Event: 11.969 Loading class java/util/Collections$UnmodifiableSortedMap
Event: 11.970 Loading class java/util/Collections$UnmodifiableSortedMap done
Event: 11.971 Loading class java/util/zip/Deflater
Event: 11.972 Loading class java/util/zip/Deflater done
Event: 11.973 Loading class java/util/zip/Deflater$DeflaterZStreamRef
Event: 11.973 Loading class java/util/zip/Deflater$DeflaterZStreamRef done
Event: 11.979 Loading class java/util/zip/ZipFile$ZipEntryIterator
Event: 11.979 Loading class java/util/zip/ZipFile$ZipEntryIterator done
Event: 12.019 Loading class java/nio/StringCharBuffer
Event: 12.020 Loading class java/nio/StringCharBuffer done
Event: 13.717 Loading class java/util/concurrent/LinkedBlockingDeque$Itr
Event: 13.719 Loading class java/util/concurrent/LinkedBlockingDeque$AbstractItr
Event: 13.719 Loading class java/util/concurrent/LinkedBlockingDeque$AbstractItr done
Event: 13.719 Loading class java/util/concurrent/LinkedBlockingDeque$Itr done
Event: 15.893 Loading class java/util/regex/Pattern$Caret
Event: 15.893 Loading class java/util/regex/Pattern$Caret done

Classes unloaded (3 events):
Event: 13.089 Thread 0x0000015dbf8a1f20 Unloading class 0x000000009e8f0968 '_BuildScript_$_run_closure1$_closure2'
Event: 13.089 Thread 0x0000015dbf8a1f20 Unloading class 0x000000009e8f0538 '_BuildScript_$_run_closure1'
Event: 13.089 Thread 0x0000015dbf8a1f20 Unloading class 0x000000009e8f0000 '_BuildScript_'

Classes redefined (0 events):
No events

Internal exceptions (20 events):
Event: 11.608 Thread 0x0000015dc6b8faf0 Exception <a 'java/lang/ClassNotFoundException'{0x0000000703e8a9a0}: org/gradle/configuration/internal/DefaultListenerBuildOperationDecorator$BuildOperationEmittingClosureCustomizer> (0x0000000703e8a9a0) 
thrown [s\src\hotspot\share\classfile\systemDictionary.cpp, line 327]
Event: 11.612 Thread 0x0000015dc6b8faf0 Exception <a 'sun/nio/fs/WindowsException'{0x0000000703e9bf60}> (0x0000000703e9bf60) 
thrown [s\src\hotspot\share\prims\jni.cpp, line 535]
Event: 11.654 Thread 0x0000015dc6b8faf0 Exception <a 'java/lang/IncompatibleClassChangeError'{0x0000000703c405e0}: Found class java.lang.Object, but interface was expected> (0x0000000703c405e0) 
thrown [s\src\hotspot\share\interpreter\linkResolver.cpp, line 882]
Event: 11.674 Thread 0x0000015dc6b8faf0 Exception <a 'sun/nio/fs/WindowsException'{0x0000000703ce24e8}> (0x0000000703ce24e8) 
thrown [s\src\hotspot\share\prims\jni.cpp, line 535]
Event: 11.675 Thread 0x0000015dc6b8faf0 Exception <a 'sun/nio/fs/WindowsException'{0x0000000703ce3a48}> (0x0000000703ce3a48) 
thrown [s\src\hotspot\share\prims\jni.cpp, line 535]
Event: 11.675 Thread 0x0000015dc6b8faf0 Exception <a 'sun/nio/fs/WindowsException'{0x0000000703ce4f70}> (0x0000000703ce4f70) 
thrown [s\src\hotspot\share\prims\jni.cpp, line 535]
Event: 11.676 Thread 0x0000015dc6b8faf0 Exception <a 'sun/nio/fs/WindowsException'{0x0000000703ce60d0}> (0x0000000703ce60d0) 
thrown [s\src\hotspot\share\prims\jni.cpp, line 535]
Event: 11.696 Thread 0x0000015dc6b8faf0 Exception <a 'java/lang/NoSuchMethodError'{0x0000000703a17440}: 'java.lang.Object java.lang.invoke.Invokers$Holder.invoker(java.lang.Object, java.lang.Object, java.lang.Object, java.lang.Object, java.lang.Object, java.lang.Object)'> (0x0000000703a17440) 
thrown [s\src\hotspot\share\interpreter\linkResolver.cpp, line 815]
Event: 11.718 Thread 0x0000015dc6b8faf0 Exception <a 'java/lang/NoSuchMethodError'{0x0000000703b2f738}: 'java.lang.Object java.lang.invoke.DirectMethodHandle$Holder.invokeSpecial(java.lang.Object, java.lang.Object, java.lang.Object, java.lang.Object, java.lang.Object, java.lang.Object, java.lang.Object, java.lang.Object, java.lang.Object, java.lang.Object, java.lang.Object, java.lang.Object, java.lang.Object, java.lang.Object, java.lang.Object, java.lang.Object, java.lang.Object, java.lang.Object, java.lang.Object, java.lang.Object, java.lang.Ob
Event: 11.718 Thread 0x0000015dc6b8faf0 Exception <a 'java/lang/NoSuchMethodError'{0x0000000703b39cc0}: 'java.lang.Object java.lang.invoke.DelegatingMethodHandle$Holder.reinvoke_L(java.lang.Object, java.lang.Object, java.lang.Object, java.lang.Object, java.lang.Object, java.lang.Object, java.lang.Object, java.lang.Object, java.lang.Object, java.lang.Object, java.lang.Object, java.lang.Object, java.lang.Object, java.lang.Object, java.lang.Object, java.lang.Object, java.lang.Object, java.lang.Object, java.lang.Object, java.lang.Object, java.lang.O
Event: 11.718 Thread 0x0000015dc6b8faf0 Exception <a 'java/lang/NoSuchMethodError'{0x0000000703b4e2a8}: 'java.lang.Object java.lang.invoke.Invokers$Holder.invoker(java.lang.Object, java.lang.Object, java.lang.Object, java.lang.Object, java.lang.Object, java.lang.Object, java.lang.Object, java.lang.Object, java.lang.Object, java.lang.Object, java.lang.Object, java.lang.Object, java.lang.Object, java.lang.Object, java.lang.Object, java.lang.Object, java.lang.Object, java.lang.Object, java.lang.Object, java.lang.Object, java.lang.Object, java.lang.
Event: 11.719 Thread 0x0000015dc6b8faf0 Exception <a 'java/lang/NoSuchMethodError'{0x0000000703b592f8}: 'java.lang.Object java.lang.invoke.DelegatingMethodHandle$Holder.delegate(java.lang.Object, java.lang.Object, java.lang.Object, java.lang.Object, java.lang.Object, java.lang.Object, java.lang.Object, java.lang.Object, java.lang.Object, java.lang.Object, java.lang.Object, java.lang.Object, java.lang.Object, java.lang.Object, java.lang.Object, java.lang.Object, java.lang.Object, java.lang.Object, java.lang.Object, java.lang.Object, java.lang.Obj
Event: 11.739 Thread 0x0000015dc6b8faf0 Exception <a 'sun/nio/fs/WindowsException'{0x0000000703935d98}> (0x0000000703935d98) 
thrown [s\src\hotspot\share\prims\jni.cpp, line 535]
Event: 11.934 Thread 0x0000015dc6b8faf0 Exception <a 'sun/nio/fs/WindowsException'{0x0000000704661f50}> (0x0000000704661f50) 
thrown [s\src\hotspot\share\prims\jni.cpp, line 535]
Event: 11.936 Thread 0x0000015dc6b8faf0 Exception <a 'sun/nio/fs/WindowsException'{0x000000070466a6d0}> (0x000000070466a6d0) 
thrown [s\src\hotspot\share\prims\jni.cpp, line 535]
Event: 11.952 Thread 0x0000015dc6b8faf0 Exception <a 'sun/nio/fs/WindowsException'{0x000000070473af60}> (0x000000070473af60) 
thrown [s\src\hotspot\share\prims\jni.cpp, line 535]
Event: 11.953 Thread 0x0000015dc6b8faf0 Exception <a 'sun/nio/fs/WindowsException'{0x000000070473c900}> (0x000000070473c900) 
thrown [s\src\hotspot\share\prims\jni.cpp, line 535]
Event: 11.953 Thread 0x0000015dc6b8faf0 Exception <a 'sun/nio/fs/WindowsException'{0x000000070473df78}> (0x000000070473df78) 
thrown [s\src\hotspot\share\prims\jni.cpp, line 535]
Event: 13.724 Thread 0x0000015dc6b8dbb0 Exception <a 'sun/nio/fs/WindowsException'{0x0000000706416170}> (0x0000000706416170) 
thrown [s\src\hotspot\share\prims\jni.cpp, line 535]
Event: 13.729 Thread 0x0000015dc6b8dbb0 Exception <a 'sun/nio/fs/WindowsException'{0x000000070642c6f0}> (0x000000070642c6f0) 
thrown [s\src\hotspot\share\prims\jni.cpp, line 535]

VM Operations (20 events):
Event: 13.978 Executing safepoint VM operation: G1CollectForAllocation (G1 Evacuation Pause) done
Event: 14.039 Executing safepoint VM operation: G1PauseRemark
Event: 14.045 Executing safepoint VM operation: G1PauseRemark done
Event: 14.068 Executing safepoint VM operation: G1PauseCleanup
Event: 14.068 Executing safepoint VM operation: G1PauseCleanup done
Event: 14.351 Executing safepoint VM operation: G1CollectForAllocation (G1 Evacuation Pause)
Event: 14.362 Executing safepoint VM operation: G1CollectForAllocation (G1 Evacuation Pause) done
Event: 14.780 Executing safepoint VM operation: G1CollectForAllocation (G1 Evacuation Pause)
Event: 14.790 Executing safepoint VM operation: G1CollectForAllocation (G1 Evacuation Pause) done
Event: 15.097 Executing safepoint VM operation: G1CollectForAllocation (G1 Evacuation Pause)
Event: 15.108 Executing safepoint VM operation: G1CollectForAllocation (G1 Evacuation Pause) done
Event: 15.172 Executing safepoint VM operation: G1PauseRemark
Event: 15.176 Executing safepoint VM operation: G1PauseRemark done
Event: 15.196 Executing safepoint VM operation: G1PauseCleanup
Event: 15.196 Executing safepoint VM operation: G1PauseCleanup done
Event: 15.372 Executing safepoint VM operation: G1CollectForAllocation (G1 Evacuation Pause)
Event: 15.381 Executing safepoint VM operation: G1CollectForAllocation (G1 Evacuation Pause) done
Event: 15.684 Executing safepoint VM operation: G1CollectForAllocation (G1 Evacuation Pause)
Event: 15.696 Executing safepoint VM operation: G1CollectForAllocation (G1 Evacuation Pause) done
Event: 16.090 Executing safepoint VM operation: G1CollectForAllocation (G1 Evacuation Pause)

Memory protections (0 events):
No events

Nmethod flushes (20 events):
Event: 15.175 Thread 0x0000015dbf8a1f20 flushing  nmethod 0x0000015da8cea908
Event: 15.175 Thread 0x0000015dbf8a1f20 flushing  nmethod 0x0000015da8ceae08
Event: 15.175 Thread 0x0000015dbf8a1f20 flushing  nmethod 0x0000015da8ceba88
Event: 15.175 Thread 0x0000015dbf8a1f20 flushing  nmethod 0x0000015da8cec808
Event: 15.175 Thread 0x0000015dbf8a1f20 flushing  nmethod 0x0000015da8ced708
Event: 15.175 Thread 0x0000015dbf8a1f20 flushing  nmethod 0x0000015da8cee108
Event: 15.175 Thread 0x0000015dbf8a1f20 flushing  nmethod 0x0000015da8cee408
Event: 15.175 Thread 0x0000015dbf8a1f20 flushing  nmethod 0x0000015da8cf6e08
Event: 15.175 Thread 0x0000015dbf8a1f20 flushing  nmethod 0x0000015da8cf9688
Event: 15.175 Thread 0x0000015dbf8a1f20 flushing  nmethod 0x0000015da8cf9d08
Event: 15.175 Thread 0x0000015dbf8a1f20 flushing  nmethod 0x0000015da8cfac88
Event: 15.175 Thread 0x0000015dbf8a1f20 flushing  nmethod 0x0000015da8cfb908
Event: 15.175 Thread 0x0000015dbf8a1f20 flushing  nmethod 0x0000015da8cfca08
Event: 15.175 Thread 0x0000015dbf8a1f20 flushing  nmethod 0x0000015da8d03b08
Event: 15.175 Thread 0x0000015dbf8a1f20 flushing  nmethod 0x0000015da8d04308
Event: 15.175 Thread 0x0000015dbf8a1f20 flushing  nmethod 0x0000015da8d04f08
Event: 15.175 Thread 0x0000015dbf8a1f20 flushing  nmethod 0x0000015da8d05a88
Event: 15.175 Thread 0x0000015dbf8a1f20 flushing  nmethod 0x0000015da8d06008
Event: 15.175 Thread 0x0000015dbf8a1f20 flushing  nmethod 0x0000015da8d06308
Event: 15.175 Thread 0x0000015dbf8a1f20 flushing  nmethod 0x0000015da8d06608

Events (20 events):
Event: 3.914 Thread 0x0000015dc6b8faf0 Thread added: 0x0000015dc6b8eb50
Event: 3.950 Thread 0x0000015dc6b8faf0 Thread added: 0x0000015dc6acfd30
Event: 3.961 Thread 0x0000015dc6b8faf0 Thread added: 0x0000015dc6ad14a0
Event: 4.067 Thread 0x0000015dbf8f9810 Thread added: 0x0000015dc4f9f910
Event: 4.778 Thread 0x0000015dc6b8faf0 Thread added: 0x0000015dc6acddf0
Event: 4.796 Thread 0x0000015dc6b8faf0 Thread added: 0x0000015dc6ace5c0
Event: 4.897 Thread 0x0000015dc6b8faf0 Thread added: 0x0000015dc6aced90
Event: 5.508 Thread 0x0000015dc4f9f910 Thread exited: 0x0000015dc4f9f910
Event: 5.648 Thread 0x0000015dbfb904a0 Thread added: 0x0000015dc4f9d0c0
Event: 6.375 Thread 0x0000015dc6b8faf0 Thread added: 0x0000015dc6ad33e0
Event: 6.430 Thread 0x0000015dc6b8faf0 Thread added: 0x0000015dc6ad3bb0
Event: 6.812 Thread 0x0000015dc6b8faf0 Thread added: 0x0000015dc6f45d70
Event: 7.323 Thread 0x0000015dc6b8faf0 Thread added: 0x0000015dc6f48c50
Event: 7.686 Thread 0x0000015dc4f9d0c0 Thread exited: 0x0000015dc4f9d0c0
Event: 7.779 Thread 0x0000015dc6b8faf0 Thread added: 0x0000015dc6f48480
Event: 7.785 Thread 0x0000015dc6b8faf0 Thread added: 0x0000015dc6f46540
Event: 8.523 Thread 0x0000015dc6b8faf0 Thread added: 0x0000015dc6f4ab90
Event: 8.600 Thread 0x0000015dc6b8faf0 Thread added: 0x0000015dc6f4b360
Event: 10.371 Thread 0x0000015dc6b8faf0 Thread added: 0x0000015dc6acf560
Event: 11.265 Thread 0x0000015dc6b8faf0 Thread added: 0x0000015dc8357fa0


Dynamic libraries:
0x00007ff7631a0000 - 0x00007ff7631aa000 	C:\Program Files\Android\Android Studio\jbr\bin\java.exe
0x00007ffb39f00000 - 0x00007ffb3a166000 	C:\WINDOWS\SYSTEM32\ntdll.dll
0x00007ffb39030000 - 0x00007ffb390f9000 	C:\WINDOWS\System32\KERNEL32.DLL
0x00007ffb375f0000 - 0x00007ffb379ee000 	C:\WINDOWS\System32\KERNELBASE.dll
0x00007ffb37310000 - 0x00007ffb3745c000 	C:\WINDOWS\System32\ucrtbase.dll
0x00007ffb256f0000 - 0x00007ffb25706000 	C:\Program Files\Android\Android Studio\jbr\bin\jli.dll
0x00007ffb25710000 - 0x00007ffb2572b000 	C:\Program Files\Android\Android Studio\jbr\bin\VCRUNTIME140.dll
0x00007ffb392a0000 - 0x00007ffb39467000 	C:\WINDOWS\System32\USER32.dll
0x00007ffb37500000 - 0x00007ffb37527000 	C:\WINDOWS\System32\win32u.dll
0x00007ffb0e1e0000 - 0x00007ffb0e472000 	C:\WINDOWS\WinSxS\amd64_microsoft.windows.common-controls_6595b64144ccf1df_6.0.26100.8875_none_3e0d5d42e32fe9dd\COMCTL32.dll
0x00007ffb37c30000 - 0x00007ffb37cd9000 	C:\WINDOWS\System32\msvcrt.dll
0x00007ffb38cf0000 - 0x00007ffb38d1b000 	C:\WINDOWS\System32\GDI32.dll
0x00007ffb371e0000 - 0x00007ffb3730a000 	C:\WINDOWS\System32\gdi32full.dll
0x00007ffb37a00000 - 0x00007ffb37aa3000 	C:\WINDOWS\System32\msvcp_win.dll
0x00007ffb37d60000 - 0x00007ffb37d92000 	C:\WINDOWS\System32\IMM32.DLL
0x00007ffb2f110000 - 0x00007ffb2f11c000 	C:\Program Files\Android\Android Studio\jbr\bin\vcruntime140_1.dll
0x00007ffaf3c90000 - 0x00007ffaf3d1d000 	C:\Program Files\Android\Android Studio\jbr\bin\msvcp140.dll
0x00007ffab9050000 - 0x00007ffab9f2a000 	C:\Program Files\Android\Android Studio\jbr\bin\server\jvm.dll
0x00007ffb39470000 - 0x00007ffb39527000 	C:\WINDOWS\System32\ADVAPI32.dll
0x00007ffb388d0000 - 0x00007ffb3897a000 	C:\WINDOWS\System32\sechost.dll
0x00007ffb38f10000 - 0x00007ffb39028000 	C:\WINDOWS\System32\RPCRT4.dll
0x00007ffb38c00000 - 0x00007ffb38c80000 	C:\WINDOWS\System32\WS2_32.dll
0x00007ffb24ea0000 - 0x00007ffb24eab000 	C:\WINDOWS\SYSTEM32\VERSION.dll
0x00007ffb2c860000 - 0x00007ffb2c896000 	C:\WINDOWS\SYSTEM32\WINMM.dll
0x00007ffb36fa0000 - 0x00007ffb36ffe000 	C:\WINDOWS\SYSTEM32\POWRPROF.dll
0x00007ffb36f80000 - 0x00007ffb36f94000 	C:\WINDOWS\SYSTEM32\UMPDC.dll
0x00007ffb35e00000 - 0x00007ffb35e1b000 	C:\WINDOWS\SYSTEM32\kernel.appcore.dll
0x00007ffb2f0d0000 - 0x00007ffb2f0da000 	C:\Program Files\Android\Android Studio\jbr\bin\jimage.dll
0x00007ffb346c0000 - 0x00007ffb34902000 	C:\WINDOWS\SYSTEM32\DBGHELP.DLL
0x00007ffb38540000 - 0x00007ffb388c3000 	C:\WINDOWS\System32\combase.dll
0x00007ffb38e30000 - 0x00007ffb38f09000 	C:\WINDOWS\System32\OLEAUT32.dll
0x00007ffb0a9b0000 - 0x00007ffb0a9eb000 	C:\WINDOWS\SYSTEM32\dbgcore.DLL
0x00007ffb37530000 - 0x00007ffb375dc000 	C:\WINDOWS\System32\bcryptPrimitives.dll
0x00007ffb1c970000 - 0x00007ffb1c97e000 	C:\Program Files\Android\Android Studio\jbr\bin\instrument.dll
0x00007ffb25650000 - 0x00007ffb2566f000 	C:\Program Files\Android\Android Studio\jbr\bin\java.dll
0x00007ffb39890000 - 0x00007ffb39a29000 	C:\WINDOWS\System32\ole32.dll
0x00007ffb37da0000 - 0x00007ffb38532000 	C:\WINDOWS\System32\SHELL32.dll
0x00007ffb1cb00000 - 0x00007ffb1cb17000 	C:\Program Files\Android\Android Studio\jbr\bin\zip.dll
0x00007ffb34be0000 - 0x00007ffb35472000 	C:\WINDOWS\SYSTEM32\windows.storage.dll
0x00007ffb38d30000 - 0x00007ffb38e27000 	C:\WINDOWS\System32\SHCORE.dll
0x00007ffb39100000 - 0x00007ffb39167000 	C:\WINDOWS\System32\shlwapi.dll
0x00007ffb37040000 - 0x00007ffb37069000 	C:\WINDOWS\SYSTEM32\profapi.dll
0x00007ffb25a70000 - 0x00007ffb25a80000 	C:\Program Files\Android\Android Studio\jbr\bin\net.dll
0x00007ffb363b0000 - 0x00007ffb3641c000 	C:\WINDOWS\system32\mswsock.dll
0x00007ffb1c9e0000 - 0x00007ffb1c9f6000 	C:\Program Files\Android\Android Studio\jbr\bin\nio.dll
0x00007ffb1c9b0000 - 0x00007ffb1c9c0000 	C:\Program Files\Android\Android Studio\jbr\bin\verify.dll
0x00007ffb13c10000 - 0x00007ffb13c37000 	C:\Users\DELL\.gradle\native\660c5614fbf4a5f2a75b1949f50a0caf5cd603558e7d8a26e50b933a0cfb79d1\windows-amd64\native-platform.dll
0x00007ffaf36c0000 - 0x00007ffaf3737000 	C:\Users\DELL\.gradle\native\0.2.8\x86_64-windows-gnu\gradle-fileevents.dll
0x00007ffb256a0000 - 0x00007ffb256a9000 	C:\Program Files\Android\Android Studio\jbr\bin\management.dll
0x00007ffb1d230000 - 0x00007ffb1d23b000 	C:\Program Files\Android\Android Studio\jbr\bin\management_ext.dll
0x00007ffb38d20000 - 0x00007ffb38d28000 	C:\WINDOWS\System32\PSAPI.DLL
0x00007ffb357d0000 - 0x00007ffb35803000 	C:\WINDOWS\SYSTEM32\IPHLPAPI.DLL
0x00007ffb38b60000 - 0x00007ffb38b6a000 	C:\WINDOWS\System32\NSI.dll
0x00007ffb25870000 - 0x00007ffb25879000 	C:\Program Files\Android\Android Studio\jbr\bin\extnet.dll
0x00007ffb366b0000 - 0x00007ffb366cb000 	C:\WINDOWS\SYSTEM32\CRYPTSP.dll
0x00007ffb35d60000 - 0x00007ffb35d99000 	C:\WINDOWS\system32\rsaenh.dll
0x00007ffb36470000 - 0x00007ffb364a2000 	C:\WINDOWS\SYSTEM32\USERENV.dll
0x00007ffb37010000 - 0x00007ffb3703a000 	C:\WINDOWS\SYSTEM32\bcrypt.dll
0x00007ffb366d0000 - 0x00007ffb366dc000 	C:\WINDOWS\SYSTEM32\CRYPTBASE.dll
0x00007ffb1cd60000 - 0x00007ffb1cd68000 	C:\WINDOWS\system32\wshunix.dll

JVMTI agents:
C:\Users\DELL\.gradle\wrapper\dists\gradle-9.3.0-bin\79n14ral3mx1ozqr3csh2u872\gradle-9.3.0\lib\agents\gradle-instrumentation-agent-9.3.0.jar path:C:\Program Files\Android\Android Studio\jbr\bin\instrument.dll, loaded, initialized, instrumentlib options:none

dbghelp: loaded successfully - version: 4.0.5 - missing functions: none
symbol engine: initialized successfully - sym options: 0x614 - pdb path: .;C:\Program Files\Android\Android Studio\jbr\bin;C:\WINDOWS\SYSTEM32;C:\WINDOWS\WinSxS\amd64_microsoft.windows.common-controls_6595b64144ccf1df_6.0.26100.8875_none_3e0d5d42e32fe9dd;C:\Program Files\Android\Android Studio\jbr\bin\server;C:\Users\DELL\.gradle\native\660c5614fbf4a5f2a75b1949f50a0caf5cd603558e7d8a26e50b933a0cfb79d1\windows-amd64;C:\Users\DELL\.gradle\native\0.2.8\x86_64-windows-gnu

VM Arguments:
jvm_args: --add-opens=java.base/java.lang=ALL-UNNAMED --add-opens=java.base/java.lang.invoke=ALL-UNNAMED --add-opens=java.base/java.util=ALL-UNNAMED --add-opens=java.prefs/java.util.prefs=ALL-UNNAMED --add-exports=jdk.compiler/com.sun.tools.javac.api=ALL-UNNAMED --add-exports=jdk.compiler/com.sun.tools.javac.util=ALL-UNNAMED --add-opens=java.base/java.util=ALL-UNNAMED --add-opens=java.prefs/java.util.prefs=ALL-UNNAMED --add-opens=java.base/java.nio.charset=ALL-UNNAMED --add-opens=java.base/java.net=ALL-UNNAMED --add-opens=java.base/java.util.concurrent=ALL-UNNAMED --add-opens=java.base/java.util.concurrent.atomic=ALL-UNNAMED --add-opens=java.xml/javax.xml.namespace=ALL-UNNAMED --add-opens=java.base/java.time=ALL-UNNAMED --enable-native-access=ALL-UNNAMED -Xmx4g -Dfile.encoding=UTF-8 -Duser.country=US -Duser.language=en -Duser.variant -javaagent:C:\Users\DELL\.gradle\wrapper\dists\gradle-9.3.0-bin\79n14ral3mx1ozqr3csh2u872\gradle-9.3.0\lib\agents\gradle-instrumentation-agent-9.3.0.jar 
java_command: org.gradle.launcher.daemon.bootstrap.GradleDaemon 9.3.0
java_class_path (initial): C:\Users\DELL\.gradle\wrapper\dists\gradle-9.3.0-bin\79n14ral3mx1ozqr3csh2u872\gradle-9.3.0\lib\gradle-daemon-main-9.3.0.jar
Launcher Type: SUN_STANDARD

[Global flags]
     intx CICompilerCount                          = 4                                         {product} {ergonomic}
     uint ConcGCThreads                            = 2                                         {product} {ergonomic}
     uint G1ConcRefinementThreads                  = 8                                         {product} {ergonomic}
   size_t G1HeapRegionSize                         = 2097152                                   {product} {ergonomic}
   size_t InitialHeapSize                          = 130023424                                 {product} {ergonomic}
   size_t MarkStackSize                            = 4194304                                   {product} {ergonomic}
   size_t MarkStackSizeMax                         = 536870912                                 {product} {ergonomic}
   size_t MaxHeapSize                              = 4294967296                                {product} {command line}
   size_t MaxNewSize                               = 2575302656                                {product} {ergonomic}
   size_t MinHeapDeltaBytes                        = 2097152                                   {product} {ergonomic}
   size_t MinHeapSize                              = 8388608                                   {product} {ergonomic}
    uintx NonNMethodCodeHeapSize                   = 5832704                                {pd product} {ergonomic}
    uintx NonProfiledCodeHeapSize                  = 122945536                              {pd product} {ergonomic}
    uintx ProfiledCodeHeapSize                     = 122880000                              {pd product} {ergonomic}
    uintx ReservedCodeCacheSize                    = 251658240                              {pd product} {ergonomic}
     bool SegmentedCodeCache                       = true                                      {product} {ergonomic}
   size_t SoftMaxHeapSize                          = 4294967296                             {manageable} {ergonomic}
     bool UseCompressedOops                        = true                           {product lp64_product} {ergonomic}
     bool UseG1GC                                  = true                                      {product} {ergonomic}
     bool UseLargePagesIndividualAllocation        = false                                  {pd product} {ergonomic}

Logging:
Log output configuration:
 #0: stdout all=warning uptime,level,tags foldmultilines=false
 #1: stderr all=off uptime,level,tags foldmultilines=false

Release file:
JAVA_VERSION="25.0.2" 
MODULES="java.base java.compiler java.datatransfer java.xml java.prefs java.desktop java.instrument java.logging java.management java.security.sasl java.naming java.rmi java.management.rmi java.net.http java.scripting java.security.jgss java.transaction.xa java.sql java.sql.rowset java.xml.crypto java.se java.smartcardio jdk.accessibility jdk.internal.jvmstat jdk.attach jdk.charsets jdk.internal.opt jdk.zipfs jdk.compiler jdk.crypto.cryptoki jdk.crypto.ec jdk.dynalink jdk.hotspot.agent jdk.httpserver jdk.internal.ed jdk.internal.le jdk.internal.md jdk.internal.vm.ci jdk.jartool jdk.javadoc jdk.jcmd jdk.jdeps jdk.jdwp.agent jdk.jdi jdk.jfr jdk.jlink jdk.localedata jdk.management jdk.management.agent jdk.management.jfr jdk.naming.dns jdk.naming.rmi jdk.net jdk.sctp jdk.security.auth jdk.security.jgss jdk.unsupported jdk.unsupported.desktop jdk.xml.dom" 
IMPLEMENTOR="JetBrains s.r.o." 
JAVA_RUNTIME_VERSION="25.0.2+-15348964-b329.117" 
LIBC="default" 
OS_ARCH="x86_64" 
OS_NAME="Windows" 
SOURCE=".:git:3cf398e84a39" 

Environment Variables:
PATH=C:\WINDOWS\system32;C:\WINDOWS;C:\WINDOWS\System32\Wbem;C:\WINDOWS\System32\WindowsPowerShell\v1.0\;C:\WINDOWS\System32\OpenSSH\;C:\Program Files\Git\cmd;C:\Program Files\Microsoft SQL Server\170\Tools\Binn\;C:\Program Files\dotnet\;C:\Program Files\nodejs\;C:\Users\DELL\AppData\Local\jcode\bin;C:\Users\DELL\AppData\Local\Microsoft\WindowsApps;C:\Users\DELL\.dotnet\tools;C:\Users\DELL\AppData\Local\Programs\Microsoft VS Code\bin;C:\Users\DELL\AppData\Roaming\npm
USERNAME=DELL
OS=Windows_NT
PROCESSOR_IDENTIFIER=Intel64 Family 6 Model 140 Stepping 1, GenuineIntel
TMP=C:\Users\DELL\AppData\Local\Temp
TEMP=C:\Users\DELL\AppData\Local\Temp




Compilation memory statistics disabled.

Periodic native trim disabled

JNI global refs:
JNI global refs: 25, weak refs: 105

JNI global refs memory usage: 835, weak refs: 1465

Process memory usage:
Resident Set Size: 337436K (4% of 8061192K total physical memory with 388544K free physical memory)

OOME stack traces (most recent first):
Classloader memory used:
Loader org.gradle.internal.classloader.VisitableURLClassLoader                         : 33848 K
Loader bootstrap                                                                       : 22883 K
Loader org.gradle.initialization.MixInLegacyTypesClassLoader                           : 7034 K
Loader jdk.internal.loader.ClassLoaders$PlatformClassLoader                            : 377 K
Loader jdk.internal.loader.ClassLoaders$AppClassLoader                                 : 224 K
Loader org.gradle.groovy.scripts.internal.DefaultScriptCompilationHandler$ScriptClassLoader: 20800 B

Classes loaded by more than one classloader:
Class org.gradle.internal.classloader.FilteringClassLoader                            : loaded 2 times (x 106B)
Class org.gradle.internal.classloader.ClassLoaderHierarchy                            : loaded 2 times (x 72B)
Class org.gradle.api.internal.classpath.ManifestUtil                                  : loaded 2 times (x 73B)
Class org.gradle.internal.classloader.DefaultClassLoaderFactory                       : loaded 2 times (x 84B)
Class org.gradle.internal.classloader.ClassLoaderVisitor                              : loaded 2 times (x 78B)
Class org.gradle.api.internal.classpath.EffectiveClassPath                            : loaded 2 times (x 92B)
Class org.gradle.api.internal.DefaultClassPathProvider                                : loaded 2 times (x 78B)
Class [Lorg.gradle.api.internal.ClassPathProvider;                                    : loaded 2 times (x 71B)
Class org.gradle.api.internal.ClassPathProvider                                       : loaded 2 times (x 72B)
Class org.gradle.internal.service.UnknownServiceException                             : loaded 2 times (x 85B)
Class org.gradle.internal.classpath.TransformedClassPath                              : loaded 2 times (x 98B)
Class org.gradle.internal.classloader.InstrumentingClassLoader                        : loaded 2 times (x 72B)
Class org.gradle.internal.service.ServiceLocator                                      : loaded 2 times (x 72B)
Class org.gradle.internal.classloader.ClasspathUtil$1                                 : loaded 2 times (x 78B)
Class org.gradle.api.internal.classpath.DefaultModuleRegistry$DefaultModule           : loaded 2 times (x 88B)
Class org.gradle.api.internal.classpath.Module                                        : loaded 2 times (x 72B)
Class org.gradle.api.internal.classpath.UnknownModuleException                        : loaded 2 times (x 84B)
Class org.gradle.api.internal.DefaultClassPathRegistry                                : loaded 2 times (x 78B)
Class org.gradle.api.internal.ClassPathRegistry                                       : loaded 2 times (x 72B)
Class org.gradle.internal.classpath.DefaultClassPath$ImmutableUniqueList              : loaded 2 times (x 201B)
Class org.gradle.internal.classpath.ClassPath                                         : loaded 2 times (x 72B)
Class org.gradle.api.internal.classpath.ModuleRegistry                                : loaded 2 times (x 72B)
Class org.gradle.internal.installation.GradleInstallation$1                           : loaded 2 times (x 77B)
Class org.gradle.api.internal.classpath.DefaultModuleRegistry                         : loaded 2 times (x 88B)
Class org.gradle.internal.service.ServiceLookupException                              : loaded 2 times (x 84B)
Class org.gradle.internal.classloader.ClassLoaderFactory                              : loaded 2 times (x 72B)
Class org.gradle.internal.service.CachingServiceLocator                               : loaded 2 times (x 84B)
Class org.gradle.internal.classloader.ClasspathUtil                                   : loaded 2 times (x 73B)
Class org.gradle.api.specs.Spec                                                       : loaded 2 times (x 72B)
Class org.gradle.internal.classloader.VisitableURLClassLoader$InstrumentingVisitableURLClassLoader: loaded 2 times (x 124B)
Class org.gradle.internal.classloader.VisitableURLClassLoader$Spec                    : loaded 2 times (x 76B)
Class org.gradle.internal.classpath.DefaultClassPath                                  : loaded 2 times (x 92B)
Class org.gradle.internal.classloader.ClassLoaderSpec                                 : loaded 2 times (x 73B)
Class org.gradle.internal.classloader.VisitableURLClassLoader                         : loaded 2 times (x 118B)
Class org.gradle.internal.Cast                                                        : loaded 2 times (x 73B)
Class org.gradle.api.Action                                                           : loaded 2 times (x 72B)
Class org.gradle.internal.classpath.DefaultClassPath$ImmutableUniqueList$Builder      : loaded 2 times (x 77B)
Class org.gradle.api.GradleException                                                  : loaded 2 times (x 84B)
Class org.gradle.internal.IoActions                                                   : loaded 2 times (x 73B)
Class org.gradle.internal.classloader.SystemClassLoaderSpec                           : loaded 2 times (x 73B)
Class org.gradle.api.internal.classpath.GlobalCacheRootsProvider                      : loaded 2 times (x 72B)
Class org.gradle.internal.installation.CurrentGradleInstallationLocator               : loaded 2 times (x 73B)
Class org.gradle.internal.service.DefaultServiceLocator                               : loaded 2 times (x 85B)
Class org.gradle.internal.installation.CurrentGradleInstallation                      : loaded 2 times (x 75B)
Class org.gradle.util.internal.GUtil                                                  : loaded 2 times (x 73B)
Class org.gradle.internal.installation.GradleInstallation                             : loaded 2 times (x 77B)

---------------  S Y S T E M  ---------------

OS:
 Windows 11 , 64 bit Build 26100 (10.0.26100.8875)
OS uptime: 2 days 11:50 hours

CPU: total 8 (initial active 8) (4 cores per cpu, 2 threads per core) family 6 model 140 stepping 1 microcode 0xbe, cx8, cmov, fxsr, ht, mmx, 3dnowpref, sse, sse2, sse3, ssse3, sse4.1, sse4.2, popcnt, lzcnt, tsc, tscinvbit, avx, avx2, aes, erms, clmul, bmi1, bmi2, adx, avx512f, avx512dq, avx512cd, avx512bw, avx512vl, sha, fma, vzeroupper, avx512_vpopcntdq, avx512_vpclmulqdq, avx512_vaes, avx512_vnni, clflush, clflushopt, clwb, avx512_vbmi2, avx512_vbmi, rdtscp, rdpid, fsrm, gfni, avx512_bitalg, f16c, pku, cet_ibt, cet_ss, avx512_ifma
Processor Information for processor 0
  Max Mhz: 2419, Current Mhz: 2419, Mhz Limit: 2419
Processor Information for processor 1
  Max Mhz: 2419, Current Mhz: 2419, Mhz Limit: 2419
Processor Information for processor 2
  Max Mhz: 2419, Current Mhz: 2419, Mhz Limit: 2419
Processor Information for processor 3
  Max Mhz: 2419, Current Mhz: 2419, Mhz Limit: 2419
Processor Information for processor 4
  Max Mhz: 2419, Current Mhz: 2419, Mhz Limit: 2419
Processor Information for processor 5
  Max Mhz: 2419, Current Mhz: 2419, Mhz Limit: 2419
Processor Information for processor 6
  Max Mhz: 2419, Current Mhz: 1007, Mhz Limit: 2419
Processor Information for processor 7
  Max Mhz: 2419, Current Mhz: 2419, Mhz Limit: 2419

Memory: 4k page, system-wide physical 7872M (379M free)
TotalPageFile size 7872M (AvailPageFile size 63M)
current process WorkingSet (physical memory assigned to process): 329M, peak: 355M
current process commit charge ("private bytes"): 359M, peak: 413M

vm_info: OpenJDK 64-Bit Server VM (25.0.2+-15348964-b329.117) for windows-amd64 JRE (25.0.2+-15348964-b329.117), built on 2026-05-05T18:25:19Z with MS VC++ 16.10 / 16.11 (VS2019)

END.
