#
# There is insufficient memory for the Java Runtime Environment to continue.
# Native memory allocation (malloc) failed to allocate 2206488 bytes. Error detail: Chunk::new
# Possible reasons:
#   The system is out of physical RAM or swap space
#   This process is running with CompressedOops enabled, and the Java Heap may be blocking the growth of the native heap
# Possible solutions:
#   Reduce memory load on the system
#   Increase physical memory or swap space
#   Check if swap backing store is full
#   Decrease Java heap size (-Xmx/-Xms)
#   Decrease number of Java threads
#   Decrease Java thread stack sizes (-Xss)
#   Set larger code cache with -XX:ReservedCodeCacheSize=
#   JVM is running with Zero Based Compressed Oops mode in which the Java heap is
#     placed in the first 32GB address space. The Java Heap base address is the
#     maximum limit for the native heap growth. Please use -XX:HeapBaseMinAddress
#     to set the Java Heap base and to place the Java Heap above 32GB virtual address.
# This output file may be truncated or incomplete.
#
#  Out of Memory Error (arena.cpp:186), pid=8204, tid=12132
#
# JRE version: OpenJDK Runtime Environment (25.0.2) (build 25.0.2+-15348964-b329.117)
# Java VM: OpenJDK 64-Bit Server VM (25.0.2+-15348964-b329.117, mixed mode, tiered, compressed oops, compressed class ptrs, g1 gc, windows-amd64)
# No core dump will be written. Minidumps are not enabled by default on client versions of Windows
#

---------------  S U M M A R Y ------------

Command Line: --add-opens=java.base/java.lang=ALL-UNNAMED --add-opens=java.base/java.lang.invoke=ALL-UNNAMED --add-opens=java.base/java.util=ALL-UNNAMED --add-opens=java.prefs/java.util.prefs=ALL-UNNAMED --add-exports=jdk.compiler/com.sun.tools.javac.api=ALL-UNNAMED --add-exports=jdk.compiler/com.sun.tools.javac.util=ALL-UNNAMED --add-opens=java.base/java.util=ALL-UNNAMED --add-opens=java.prefs/java.util.prefs=ALL-UNNAMED --add-opens=java.base/java.nio.charset=ALL-UNNAMED --add-opens=java.base/java.net=ALL-UNNAMED --add-opens=java.base/java.util.concurrent=ALL-UNNAMED --add-opens=java.base/java.util.concurrent.atomic=ALL-UNNAMED --add-opens=java.xml/javax.xml.namespace=ALL-UNNAMED --add-opens=java.base/java.time=ALL-UNNAMED --enable-native-access=ALL-UNNAMED -Xmx4g -Dfile.encoding=UTF-8 -Duser.country=US -Duser.language=en -Duser.variant -javaagent:C:\Users\DELL\.gradle\wrapper\dists\gradle-9.3.0-bin\79n14ral3mx1ozqr3csh2u872\gradle-9.3.0\lib\agents\gradle-instrumentation-agent-9.3.0.jar org.gradle.launcher.daemon.bootstrap.GradleDaemon 9.3.0

Host: 11th Gen Intel(R) Core(TM) i5-1135G7 @ 2.40GHz, 8 cores, 7G,  Windows 11 , 64 bit Build 26100 (10.0.26100.8875)
Time: Mon Aug 10 12:51:09 2026 E. Africa Standard Time elapsed time: 24.942359 seconds (0d 0h 0m 24s)

---------------  T H R E A D  ---------------

Current thread (0x0000019b8f81c230):  JavaThread "C2 CompilerThread1" daemon [_thread_in_native, id=12132, stack(0x0000002b99400000,0x0000002b99500000) (1024K)]


Current CompileTask:
C2:24942 6660       4       org.objectweb.asm.Type::getArgumentTypes (94 bytes)

Stack: [0x0000002b99400000,0x0000002b99500000]
Native frames: (J=compiled Java code, j=interpreted, Vv=VM code, C=native code)
V  [jvm.dll+0x7bd439]  (no source info available)
V  [jvm.dll+0x78763d]  (no source info available)
V  [jvm.dll+0xa0c885]  (no source info available)
V  [jvm.dll+0xa0ef04]  (no source info available)
V  [jvm.dll+0xa0f603]  (no source info available)
V  [jvm.dll+0x309bf6]  (no source info available)
V  [jvm.dll+0x10ea69]  (no source info available)
V  [jvm.dll+0x10ed92]  (no source info available)
V  [jvm.dll+0x1a9837]  (no source info available)
V  [jvm.dll+0x3bec92]  (no source info available)
V  [jvm.dll+0x7c2cb7]  (no source info available)
V  [jvm.dll+0x2ce046]  (no source info available)
V  [jvm.dll+0x2cd221]  (no source info available)
V  [jvm.dll+0x242ffa]  (no source info available)
V  [jvm.dll+0x2dcc05]  (no source info available)
V  [jvm.dll+0x2dae06]  (no source info available)
V  [jvm.dll+0x49b59e]  (no source info available)
V  [jvm.dll+0x9ab9c8]  (no source info available)
V  [jvm.dll+0x7bb985]  (no source info available)
C  [ucrtbase.dll+0x2cd30]  (no source info available)
C  [KERNEL32.DLL+0x2e957]  (no source info available)
C  [ntdll.dll+0xaad6c]  (no source info available)

Lock stack of current Java thread (top to bottom):


---------------  P R O C E S S  ---------------

Threads class SMR info:
_java_thread_list=0x0000019b93062770, length=35, elements={
0x0000019bedc02c20, 0x0000019bfadfc760, 0x0000019bfadfd4e0, 0x0000019bfadfdf40,
0x0000019bfae04590, 0x0000019bff02f8c0, 0x0000019bff030080, 0x0000019bfae06d60,
0x0000019bfae07520, 0x0000019bff039fe0, 0x0000019bff43b0b0, 0x0000019b908c2b80,
0x0000019bff67a140, 0x0000019b8f7cb000, 0x0000019b8f9588a0, 0x0000019b8f9598a0,
0x0000019b8f4d3ea0, 0x0000019b908cf020, 0x0000019b908cf7f0, 0x0000019b908d5d80,
0x0000019b908d3e40, 0x0000019b908d4de0, 0x0000019b908d2ea0, 0x0000019b90e357d0,
0x0000019b90e330c0, 0x0000019b90e35000, 0x0000019b90e33890, 0x0000019b90e39e20,
0x0000019b90e37ee0, 0x0000019bff033aa0, 0x0000019b90d893c0, 0x0000019b90d89b90,
0x0000019b8f81c230, 0x0000019b90d8e1e0, 0x0000019b90d8ca70
}

Java Threads: ( => current thread )
  0x0000019bedc02c20 JavaThread "main"                              [_thread_blocked, id=11476, stack(0x0000002b96500000,0x0000002b96600000) (1024K)]
  0x0000019bfadfc760 JavaThread "Common-Cleaner"             daemon [_thread_blocked, id=6176, stack(0x0000002b96d00000,0x0000002b96e00000) (1024K)]
  0x0000019bfadfd4e0 JavaThread "Reference Handler"          daemon [_thread_blocked, id=12440, stack(0x0000002b96e00000,0x0000002b96f00000) (1024K)]
  0x0000019bfadfdf40 JavaThread "Finalizer"                  daemon [_thread_blocked, id=9432, stack(0x0000002b96f00000,0x0000002b97000000) (1024K)]
  0x0000019bfae04590 JavaThread "Signal Dispatcher"          daemon [_thread_blocked, id=10680, stack(0x0000002b97000000,0x0000002b97100000) (1024K)]
  0x0000019bff02f8c0 JavaThread "Attach Listener"            daemon [_thread_blocked, id=12660, stack(0x0000002b97100000,0x0000002b97200000) (1024K)]
  0x0000019bff030080 JavaThread "Service Thread"             daemon [_thread_blocked, id=14460, stack(0x0000002b97200000,0x0000002b97300000) (1024K)]
  0x0000019bfae06d60 JavaThread "Monitor Deflation Thread"   daemon [_thread_blocked, id=11244, stack(0x0000002b97300000,0x0000002b97400000) (1024K)]
  0x0000019bfae07520 JavaThread "C2 CompilerThread0"         daemon [_thread_in_native, id=4808, stack(0x0000002b97400000,0x0000002b97500000) (1024K)]
  0x0000019bff039fe0 JavaThread "C1 CompilerThread0"         daemon [_thread_blocked, id=3312, stack(0x0000002b97500000,0x0000002b97600000) (1024K)]
  0x0000019bff43b0b0 JavaThread "Notification Thread"        daemon [_thread_blocked, id=10368, stack(0x0000002b97600000,0x0000002b97700000) (1024K)]
  0x0000019b908c2b80 JavaThread "Daemon health stats"               [_thread_blocked, id=8572, stack(0x0000002b97d00000,0x0000002b97e00000) (1024K)]
  0x0000019bff67a140 JavaThread "Incoming local TCP Connector on port 54081"        [_thread_in_native, id=8496, stack(0x0000002b97e00000,0x0000002b97f00000) (1024K)]
  0x0000019b8f7cb000 JavaThread "Daemon periodic checks"            [_thread_blocked, id=8008, stack(0x0000002b97f00000,0x0000002b98000000) (1024K)]
  0x0000019b8f9588a0 JavaThread "Daemon"                            [_thread_blocked, id=13204, stack(0x0000002b98000000,0x0000002b98100000) (1024K)]
  0x0000019b8f9598a0 JavaThread "Handler for socket connection from /127.0.0.1:54081 to /127.0.0.1:61821"        [_thread_in_native, id=14620, stack(0x0000002b98100000,0x0000002b98200000) (1024K)]
  0x0000019b8f4d3ea0 JavaThread "Cancel handler"                    [_thread_blocked, id=1616, stack(0x0000002b98500000,0x0000002b98600000) (1024K)]
  0x0000019b908cf020 JavaThread "Daemon worker"                     [_thread_in_native, id=11964, stack(0x0000002b98600000,0x0000002b98700000) (1024K)]
  0x0000019b908cf7f0 JavaThread "Asynchronous log dispatcher for DefaultDaemonConnection: socket connection from /127.0.0.1:54081 to /127.0.0.1:61821"        [_thread_blocked, id=864, stack(0x0000002b98700000,0x0000002b98800000) (1024K)]
  0x0000019b908d5d80 JavaThread "Stdin handler"                     [_thread_blocked, id=5560, stack(0x0000002b98800000,0x0000002b98900000) (1024K)]
  0x0000019b908d3e40 JavaThread "Daemon client event forwarder"        [_thread_blocked, id=14668, stack(0x0000002b98900000,0x0000002b98a00000) (1024K)]
  0x0000019b908d4de0 JavaThread "Cache worker for journal cache (C:\Users\DELL\.gradle\caches\journal-1)"        [_thread_blocked, id=12236, stack(0x0000002b98a00000,0x0000002b98b00000) (1024K)]
  0x0000019b908d2ea0 JavaThread "File lock request listener"        [_thread_in_native, id=10064, stack(0x0000002b98b00000,0x0000002b98c00000) (1024K)]
  0x0000019b90e357d0 JavaThread "Cache worker for file hash cache (C:\Users\DELL\.gradle\caches\9.3.0\fileHashes)"        [_thread_blocked, id=1356, stack(0x0000002b98c00000,0x0000002b98d00000) (1024K)]
  0x0000019b90e330c0 JavaThread "Cache worker for file hash cache (D:\me\XAGUSD\WIN\ls\.gradle\9.3.0\fileHashes)"        [_thread_blocked, id=8012, stack(0x0000002b97700000,0x0000002b97800000) (1024K)]
  0x0000019b90e35000 JavaThread "Cache worker for checksums cache (D:\me\XAGUSD\WIN\ls\.gradle\9.3.0\checksums)"        [_thread_blocked, id=11480, stack(0x0000002b98d00000,0x0000002b98e00000) (1024K)]
  0x0000019b90e33890 JavaThread "Cache worker for Build Output Cleanup Cache (D:\me\XAGUSD\WIN\ls\.gradle\buildOutputCleanup)"        [_thread_blocked, id=6512, stack(0x0000002b98e00000,0x0000002b98f00000) (1024K)]
  0x0000019b90e39e20 JavaThread "Cache worker for file content cache (C:\Users\DELL\.gradle\caches\9.3.0\fileContent)"        [_thread_blocked, id=9264, stack(0x0000002b98f00000,0x0000002b99000000) (1024K)]
  0x0000019b90e37ee0 JavaThread "File watcher server"        daemon [_thread_in_native, id=11884, stack(0x0000002b99000000,0x0000002b99100000) (1024K)]
  0x0000019bff033aa0 JavaThread "File watcher consumer"      daemon [_thread_blocked, id=10100, stack(0x0000002b99100000,0x0000002b99200000) (1024K)]
  0x0000019b90d893c0 JavaThread "Cache worker for cache directory md-supplier (C:\Users\DELL\.gradle\caches\9.3.0\md-supplier)"        [_thread_blocked, id=3348, stack(0x0000002b99200000,0x0000002b99300000) (1024K)]
  0x0000019b90d89b90 JavaThread "Cache worker for cache directory md-rule (C:\Users\DELL\.gradle\caches\9.3.0\md-rule)"        [_thread_blocked, id=4032, stack(0x0000002b99300000,0x0000002b99400000) (1024K)]
=>0x0000019b8f81c230 JavaThread "C2 CompilerThread1"         daemon [_thread_in_native, id=12132, stack(0x0000002b99400000,0x0000002b99500000) (1024K)]
  0x0000019b90d8e1e0 JavaThread "jar transforms"                    [_thread_blocked, id=5572, stack(0x0000002b99500000,0x0000002b99600000) (1024K)]
  0x0000019b90d8ca70 JavaThread "jar transforms Thread 2"           [_thread_blocked, id=1760, stack(0x0000002b99600000,0x0000002b99700000) (1024K)]
Total: 35

Other Threads:
  0x0000019bfadcadc0 VMThread "VM Thread"                           [id=4196, stack(0x0000002b96c00000,0x0000002b96d00000) (1024K)]
  0x0000019bfad4ed90 WatcherThread "VM Periodic Task Thread"        [id=3248, stack(0x0000002b96b00000,0x0000002b96c00000) (1024K)]
  0x0000019bedc6ae10 WorkerThread "GC Thread#0"                     [id=7140, stack(0x0000002b96600000,0x0000002b96700000) (1024K)]
  0x0000019b8f11a3b0 WorkerThread "GC Thread#1"                     [id=13452, stack(0x0000002b97800000,0x0000002b97900000) (1024K)]
  0x0000019b8f14ba60 WorkerThread "GC Thread#2"                     [id=11028, stack(0x0000002b97900000,0x0000002b97a00000) (1024K)]
  0x0000019b8f0dc0a0 WorkerThread "GC Thread#3"                     [id=14424, stack(0x0000002b97a00000,0x0000002b97b00000) (1024K)]
  0x0000019b8f7e7460 WorkerThread "GC Thread#4"                     [id=11104, stack(0x0000002b97b00000,0x0000002b97c00000) (1024K)]
  0x0000019b8f7e8150 WorkerThread "GC Thread#5"                     [id=1032, stack(0x0000002b97c00000,0x0000002b97d00000) (1024K)]
  0x0000019b8f7e6770 WorkerThread "GC Thread#6"                     [id=12524, stack(0x0000002b98200000,0x0000002b98300000) (1024K)]
  0x0000019b8f7e9b30 WorkerThread "GC Thread#7"                     [id=11700, stack(0x0000002b98300000,0x0000002b98400000) (1024K)]
  0x0000019bedc84d90 ConcurrentGCThread "G1 Main Marker"            [id=4508, stack(0x0000002b96700000,0x0000002b96800000) (1024K)]
  0x0000019bedc86570 WorkerThread "G1 Conc#0"                       [id=14384, stack(0x0000002b96800000,0x0000002b96900000) (1024K)]
  0x0000019b8f7e9f80 WorkerThread "G1 Conc#1"                       [id=12736, stack(0x0000002b98400000,0x0000002b98500000) (1024K)]
  0x0000019bfac20290 ConcurrentGCThread "G1 Refine#0"               [id=8396, stack(0x0000002b96900000,0x0000002b96a00000) (1024K)]
  0x0000019bfac208a0 ConcurrentGCThread "G1 Service"                [id=14156, stack(0x0000002b96a00000,0x0000002b96b00000) (1024K)]
Total: 15

Threads with active compile tasks:
C2 CompilerThread0  25122 6507 %     4       org.objectweb.asm.ClassReader::readCode @ 92 (5117 bytes)
C2 CompilerThread1  25123 6660       4       org.objectweb.asm.Type::getArgumentTypes (94 bytes)
Total: 2

VM state: not at safepoint (normal execution)

VM Mutex/Monitor currently owned by a thread: None

Heap address: 0x0000000700000000, size: 4096 MB, Compressed Oops mode: Zero based, Oop shift amount: 3

CDS archive(s) not mapped
Compressed class space mapped at: 0x00000000a3000000-0x00000000e3000000, reserved size: 1073741824
UseCompressedClassPointers 1, UseCompactObjectHeaders 0
Narrow klass pointer bits 32, Max shift 3
Narrow klass base: 0x0000000000000000, Narrow klass shift: 0
Encoding Range: [0x0000000000000000 - 0x0000000100000000), (4294967296 bytes)
Klass Range:    [0x00000000a3000000 - 0x00000000e3000000), (1073741824 bytes)
Klass ID Range:  [2734686208 - 3808428025) (1073741817)
No protection zone.

GC Precious Log:
 CardTable entry size: 512
 Card Set container configuration: InlinePtr #cards 4 size 8 Array Of Cards #cards 16 size 48 Howl #buckets 8 coarsen threshold 3686 Howl Bitmap #cards 512 size 80 coarsen threshold 460 Card regions per heap region 1 cards per card region 4096
 CPUs: 8 total, 8 available
 Memory: 7872M
 Large Page Support: Disabled
 NUMA Support: Disabled
 Compressed Oops: Enabled (Zero based)
 Heap Region Size: 2M
 Heap Min Capacity: 8M
 Heap Initial Capacity: 124M
 Heap Max Capacity: 4G
 Pre-touch: Disabled
 Parallel Workers: 8
 Concurrent Workers: 2
 Concurrent Refinement Workers: 8
 Periodic GC: Disabled

Heap:
 garbage-first heap   total reserved 4194304K, committed 108544K, used 84985K [0x0000000700000000, 0x0000000800000000)
  region size 2048K, 23 young (47104K), 1 survivors (2048K)

Heap Regions: E=young(eden), S=young(survivor), O=old, HS=humongous(starts), HC=humongous(continues), CS=collection set, F=free, TAMS=top-at-mark-start, PB=parsable bottom
|   0|0x0000000700000000, 0x0000000700200000, 0x0000000700200000|100%|HS|  |TAMS 0x0000000700000000| PB 0x0000000700000000| Complete |  0
|   1|0x0000000700200000, 0x0000000700400000, 0x0000000700400000|100%|HC|  |TAMS 0x0000000700200000| PB 0x0000000700200000| Complete |  0
|   2|0x0000000700400000, 0x0000000700600000, 0x0000000700600000|100%| O|  |TAMS 0x0000000700400000| PB 0x0000000700400000| Untracked |  0
|   3|0x0000000700600000, 0x0000000700800000, 0x0000000700800000|100%| O|  |TAMS 0x0000000700600000| PB 0x0000000700600000| Untracked |  0
|   4|0x0000000700800000, 0x0000000700a00000, 0x0000000700a00000|100%| O|  |TAMS 0x0000000700800000| PB 0x0000000700800000| Untracked |  0
|   5|0x0000000700a00000, 0x0000000700c00000, 0x0000000700c00000|100%| O|  |TAMS 0x0000000700a00000| PB 0x0000000700a00000| Untracked |  0
|   6|0x0000000700c00000, 0x0000000700e00000, 0x0000000700e00000|100%| O|  |TAMS 0x0000000700c00000| PB 0x0000000700c00000| Untracked |  0
|   7|0x0000000700e00000, 0x0000000701000000, 0x0000000701000000|100%| O|  |TAMS 0x0000000700e00000| PB 0x0000000700e00000| Untracked |  0
|   8|0x0000000701000000, 0x0000000701000000, 0x0000000701200000|  0%| F|  |TAMS 0x0000000701000000| PB 0x0000000701000000| Untracked |  0
|   9|0x0000000701200000, 0x0000000701400000, 0x0000000701400000|100%| O|  |TAMS 0x0000000701200000| PB 0x0000000701200000| Untracked |  0
|  10|0x0000000701400000, 0x0000000701600000, 0x0000000701600000|100%| O|  |TAMS 0x0000000701400000| PB 0x0000000701400000| Untracked |  0
|  11|0x0000000701600000, 0x0000000701800000, 0x0000000701800000|100%| O|  |TAMS 0x0000000701600000| PB 0x0000000701600000| Untracked |  0
|  12|0x0000000701800000, 0x0000000701a00000, 0x0000000701a00000|100%| O|  |TAMS 0x0000000701800000| PB 0x0000000701800000| Untracked |  0
|  13|0x0000000701a00000, 0x0000000701c00000, 0x0000000701c00000|100%| O|  |TAMS 0x0000000701a00000| PB 0x0000000701a00000| Untracked |  0
|  14|0x0000000701c00000, 0x0000000701c00000, 0x0000000701e00000|  0%| F|  |TAMS 0x0000000701c00000| PB 0x0000000701c00000| Untracked |  0
|  15|0x0000000701e00000, 0x0000000701e00000, 0x0000000702000000|  0%| F|  |TAMS 0x0000000701e00000| PB 0x0000000701e00000| Untracked |  0
|  16|0x0000000702000000, 0x0000000702000000, 0x0000000702200000|  0%| F|  |TAMS 0x0000000702000000| PB 0x0000000702000000| Untracked |  0
|  17|0x0000000702200000, 0x0000000702400000, 0x0000000702400000|100%| O|  |TAMS 0x0000000702200000| PB 0x0000000702200000| Untracked |  0
|  18|0x0000000702400000, 0x00000007025e3a00, 0x0000000702600000| 94%| O|  |TAMS 0x0000000702400000| PB 0x0000000702400000| Untracked |  0
|  19|0x0000000702600000, 0x0000000702600000, 0x0000000702800000|  0%| F|  |TAMS 0x0000000702600000| PB 0x0000000702600000| Untracked |  0
|  20|0x0000000702800000, 0x0000000702800000, 0x0000000702a00000|  0%| F|  |TAMS 0x0000000702800000| PB 0x0000000702800000| Untracked |  0
|  21|0x0000000702a00000, 0x0000000702b1adc0, 0x0000000702c00000| 55%| S|CS|TAMS 0x0000000702a00000| PB 0x0000000702a00000| Complete |  0
|  22|0x0000000702c00000, 0x0000000702c00000, 0x0000000702e00000|  0%| F|  |TAMS 0x0000000702c00000| PB 0x0000000702c00000| Untracked |  0
|  23|0x0000000702e00000, 0x0000000702e00000, 0x0000000703000000|  0%| F|  |TAMS 0x0000000702e00000| PB 0x0000000702e00000| Untracked |  0
|  24|0x0000000703000000, 0x0000000703000000, 0x0000000703200000|  0%| F|  |TAMS 0x0000000703000000| PB 0x0000000703000000| Untracked |  0
|  25|0x0000000703200000, 0x0000000703200000, 0x0000000703400000|  0%| F|  |TAMS 0x0000000703200000| PB 0x0000000703200000| Untracked |  0
|  26|0x0000000703400000, 0x0000000703600000, 0x0000000703600000|100%| E|  |TAMS 0x0000000703400000| PB 0x0000000703400000| Complete |  1
|  27|0x0000000703600000, 0x0000000703800000, 0x0000000703800000|100%| E|CS|TAMS 0x0000000703600000| PB 0x0000000703600000| Complete |  0
|  28|0x0000000703800000, 0x0000000703a00000, 0x0000000703a00000|100%| E|CS|TAMS 0x0000000703800000| PB 0x0000000703800000| Complete |  0
|  29|0x0000000703a00000, 0x0000000703c00000, 0x0000000703c00000|100%| E|CS|TAMS 0x0000000703a00000| PB 0x0000000703a00000| Complete |  0
|  30|0x0000000703c00000, 0x0000000703e00000, 0x0000000703e00000|100%| E|CS|TAMS 0x0000000703c00000| PB 0x0000000703c00000| Complete |  0
|  31|0x0000000703e00000, 0x0000000704000000, 0x0000000704000000|100%| E|CS|TAMS 0x0000000703e00000| PB 0x0000000703e00000| Complete |  0
|  32|0x0000000704000000, 0x0000000704200000, 0x0000000704200000|100%| E|CS|TAMS 0x0000000704000000| PB 0x0000000704000000| Complete |  0
|  33|0x0000000704200000, 0x0000000704400000, 0x0000000704400000|100%| E|CS|TAMS 0x0000000704200000| PB 0x0000000704200000| Complete |  0
|  34|0x0000000704400000, 0x0000000704600000, 0x0000000704600000|100%| E|CS|TAMS 0x0000000704400000| PB 0x0000000704400000| Complete |  0
|  35|0x0000000704600000, 0x0000000704800000, 0x0000000704800000|100%| E|CS|TAMS 0x0000000704600000| PB 0x0000000704600000| Complete |  0
|  36|0x0000000704800000, 0x0000000704a00000, 0x0000000704a00000|100%| E|CS|TAMS 0x0000000704800000| PB 0x0000000704800000| Complete |  0
|  37|0x0000000704a00000, 0x0000000704c00000, 0x0000000704c00000|100%| E|CS|TAMS 0x0000000704a00000| PB 0x0000000704a00000| Complete |  0
|  38|0x0000000704c00000, 0x0000000704e00000, 0x0000000704e00000|100%| E|CS|TAMS 0x0000000704c00000| PB 0x0000000704c00000| Complete |  0
|  39|0x0000000704e00000, 0x0000000705000000, 0x0000000705000000|100%| E|CS|TAMS 0x0000000704e00000| PB 0x0000000704e00000| Complete |  0
|  40|0x0000000705000000, 0x0000000705200000, 0x0000000705200000|100%| E|CS|TAMS 0x0000000705000000| PB 0x0000000705000000| Complete |  0
|  41|0x0000000705200000, 0x0000000705400000, 0x0000000705400000|100%| E|CS|TAMS 0x0000000705200000| PB 0x0000000705200000| Complete |  0
|  42|0x0000000705400000, 0x0000000705600000, 0x0000000705600000|100%| E|CS|TAMS 0x0000000705400000| PB 0x0000000705400000| Complete |  0
|  43|0x0000000705600000, 0x0000000705800000, 0x0000000705800000|100%| E|CS|TAMS 0x0000000705600000| PB 0x0000000705600000| Complete |  0
|  44|0x0000000705800000, 0x0000000705a00000, 0x0000000705a00000|100%| E|CS|TAMS 0x0000000705800000| PB 0x0000000705800000| Complete |  0
|  45|0x0000000705a00000, 0x0000000705c00000, 0x0000000705c00000|100%| E|CS|TAMS 0x0000000705a00000| PB 0x0000000705a00000| Complete |  0
|  46|0x0000000705c00000, 0x0000000705e00000, 0x0000000705e00000|100%| E|CS|TAMS 0x0000000705c00000| PB 0x0000000705c00000| Complete |  0
|  61|0x0000000707a00000, 0x0000000707c00000, 0x0000000707c00000|100%| E|CS|TAMS 0x0000000707a00000| PB 0x0000000707a00000| Complete |  0
|2043|0x00000007ff600000, 0x00000007ff800000, 0x00000007ff800000|100%| O|  |TAMS 0x00000007ff600000| PB 0x00000007ff600000| Untracked |  0
|2044|0x00000007ff800000, 0x00000007ffa00000, 0x00000007ffa00000|100%| O|  |TAMS 0x00000007ff800000| PB 0x00000007ff800000| Untracked |  0
|2045|0x00000007ffa00000, 0x00000007ffc00000, 0x00000007ffc00000|100%| O|  |TAMS 0x00000007ffa00000| PB 0x00000007ffa00000| Untracked |  0
|2046|0x00000007ffc00000, 0x00000007ffe00000, 0x00000007ffe00000|100%| O|  |TAMS 0x00000007ffc00000| PB 0x00000007ffc00000| Untracked |  0
|2047|0x00000007ffe00000, 0x0000000800000000, 0x0000000800000000|100%| O|  |TAMS 0x00000007ffe00000| PB 0x00000007ffe00000| Untracked |  0

Card table byte_map: [0x0000019bf3af0000,0x0000019bf42f0000] _byte_map_base: 0x0000019bf02f0000

Marking Bits: (CMBitMap*) 0x0000019bedc6c3b0
 Bits: [0x0000019bf42f0000, 0x0000019bf82f0000)

Polling page: 0x0000019bed990000

Metaspace:
Metaspace        used 64510K, committed 66048K, reserved 1114112K
 class space     used 9329K, committed 10048K, reserved 1048576K

Usage:
  Non-class:     53.89 MB used.
      Class:      9.11 MB used.
       Both:     63.00 MB used.

Virtual space:
  Non-class space:       64.00 MB reserved,      54.69 MB ( 85%) committed,  1 nodes.
      Class space:        1.00 GB reserved,       9.81 MB ( <1%) committed,  1 nodes.
             Both:        1.06 GB reserved,      64.50 MB (  6%) committed. 

Chunk freelists:
   Non-Class:  9.27 MB
       Class:  6.19 MB
        Both:  15.45 MB

MaxMetaspaceSize: unlimited
CompressedClassSpaceSize: 1.00 GB
Initial GC threshold: 21.00 MB
Current GC threshold: 98.06 MB
CDS: off
 - commit_granule_bytes: 65536.
 - commit_granule_words: 8192.
 - virtual_space_node_default_size: 8388608.
 - enlarge_chunks_in_place: 1.
UseCompressedClassPointers 1, UseCompactObjectHeaders 0
Narrow klass pointer bits 32, Max shift 3
Narrow klass base: 0x0000000000000000, Narrow klass shift: 0
Encoding Range: [0x0000000000000000 - 0x0000000100000000), (4294967296 bytes)
Klass Range:    [0x00000000a3000000 - 0x00000000e3000000), (1073741824 bytes)
Klass ID Range:  [2734686208 - 3808428025) (1073741817)
No protection zone.


Internal statistics:

num_allocs_failed_limit: 9.
num_arena_births: 2978.
num_arena_deaths: 0.
num_vsnodes_births: 2.
num_vsnodes_deaths: 0.
num_space_committed: 1032.
num_space_uncommitted: 0.
num_chunks_returned_to_freelist: 9.
num_chunks_taken_from_freelist: 5418.
num_chunk_merges: 6.
num_chunk_splits: 3597.
num_chunks_enlarged: 2303.
num_inconsistent_stats: 0.

CodeHeap 'non-profiled nmethods': size=120064Kb used=2949Kb max_used=2949Kb free=117114Kb
 bounds [0x0000019b87ac0000, 0x0000019b87db0000, 0x0000019b8f000000]
CodeHeap 'profiled nmethods': size=120000Kb used=9358Kb max_used=9358Kb free=110641Kb
 bounds [0x0000019b80000000, 0x0000019b80930000, 0x0000019b87530000]
CodeHeap 'non-nmethods': size=5696Kb used=2126Kb max_used=2298Kb free=3569Kb
 bounds [0x0000019b87530000, 0x0000019b877a0000, 0x0000019b87ac0000]
CodeCache: size=245760Kb, used=14433Kb, max_used=14605Kb, free=231324Kb
 total_blobs=6927, nmethods=6128, adapters=700, full_count=0
Compilation: enabled, stopped_count=0, restarted_count=0

Compilation events (20 events):
Event: 24.027 Thread 0x0000019bff039fe0 nmethod 6777 0x0000019b8091d888 code [0x0000019b8091d980, 0x0000019b8091dae8]
Event: 24.027 Thread 0x0000019bff039fe0 6778       2       org.objectweb.asm.ClassWriter::visitAnnotation (40 bytes)
Event: 24.028 Thread 0x0000019bff039fe0 nmethod 6778 0x0000019b8091db88 code [0x0000019b8091dc80, 0x0000019b8091ded8]
Event: 24.032 Thread 0x0000019bff039fe0 6779       2       org.objectweb.asm.commons.ClassRemapper::visitAnnotation (29 bytes)
Event: 24.033 Thread 0x0000019bff039fe0 nmethod 6779 0x0000019b8091df08 code [0x0000019b8091e000, 0x0000019b8091e290]
Event: 24.043 Thread 0x0000019bff039fe0 6781       2       org.objectweb.asm.Type::getMethodType (16 bytes)
Event: 24.044 Thread 0x0000019bff039fe0 nmethod 6781 0x0000019b8091e308 code [0x0000019b8091e400, 0x0000019b8091e5d0]
Event: 24.044 Thread 0x0000019bff039fe0 6782       2       org.objectweb.asm.SymbolTable::getConstantMethodHandleSymbolData (16 bytes)
Event: 24.045 Thread 0x0000019bff039fe0 nmethod 6782 0x0000019b8091e608 code [0x0000019b8091e700, 0x0000019b8091e820]
Event: 24.045 Thread 0x0000019bff039fe0 6783       2       org.objectweb.asm.SymbolTable::hash (23 bytes)
Event: 24.045 Thread 0x0000019bff039fe0 nmethod 6783 0x0000019b8091e908 code [0x0000019b8091ea00, 0x0000019b8091eb88]
Event: 24.045 Thread 0x0000019bff039fe0 6784       2       org.objectweb.asm.MethodVisitor::visitInvokeDynamicInsn (39 bytes)
Event: 24.046 Thread 0x0000019bff039fe0 nmethod 6784 0x0000019b8091ec08 code [0x0000019b8091ed00, 0x0000019b8091ef10]
Event: 24.046 Thread 0x0000019bff039fe0 6785       2       org.objectweb.asm.SymbolTable::addConstantMethodHandle (208 bytes)
Event: 24.048 Thread 0x0000019bff039fe0 nmethod 6785 0x0000019b8091ef88 code [0x0000019b8091f080, 0x0000019b8091f700]
Event: 24.057 Thread 0x0000019bff039fe0 6786       2       org.objectweb.asm.Handle::hashCode (43 bytes)
Event: 24.058 Thread 0x0000019bff039fe0 nmethod 6786 0x0000019b8091f788 code [0x0000019b8091f880, 0x0000019b8091fa38]
Event: 24.127 Thread 0x0000019bff039fe0 6787       2       org.objectweb.asm.commons.SignatureRemapper::visitInterface (10 bytes)
Event: 24.127 Thread 0x0000019bff039fe0 nmethod 6787 0x0000019b8091fa88 code [0x0000019b8091fb80, 0x0000019b8091fcc0]
Event: 24.127 Thread 0x0000019bff039fe0 6788       2       org.objectweb.asm.signature.SignatureWriter::visitInterface (2 bytes)

GC Heap Usage History (20 events):
Event: 8.570 {heap Before GC invocations=5 (full 0):
 garbage-first heap   total reserved 4194304K, committed 75776K, used 71727K [0x0000000700000000, 0x0000000800000000)
  region size 2048K, 31 young (63488K), 5 survivors (10240K)
}
Event: 8.596 {heap After GC invocations=6 (full 0):
 garbage-first heap   total reserved 4194304K, committed 90112K, used 23104K [0x0000000700000000, 0x0000000800000000)
  region size 2048K, 2 young (4096K), 2 survivors (4096K)
}
Event: 10.473 {heap Before GC invocations=6 (full 0):
 garbage-first heap   total reserved 4194304K, committed 90112K, used 62016K [0x0000000700000000, 0x0000000800000000)
  region size 2048K, 22 young (45056K), 2 survivors (4096K)
}
Event: 10.487 {heap After GC invocations=7 (full 0):
 garbage-first heap   total reserved 4194304K, committed 90112K, used 25516K [0x0000000700000000, 0x0000000800000000)
  region size 2048K, 3 young (6144K), 3 survivors (6144K)
}
Event: 12.351 {heap Before GC invocations=8 (full 0):
 garbage-first heap   total reserved 4194304K, committed 90112K, used 68524K [0x0000000700000000, 0x0000000800000000)
  region size 2048K, 24 young (49152K), 3 survivors (6144K)
}
Event: 12.367 {heap After GC invocations=9 (full 0):
 garbage-first heap   total reserved 4194304K, committed 90112K, used 27897K [0x0000000700000000, 0x0000000800000000)
  region size 2048K, 3 young (6144K), 3 survivors (6144K)
}
Event: 14.366 {heap Before GC invocations=9 (full 0):
 garbage-first heap   total reserved 4194304K, committed 90112K, used 70905K [0x0000000700000000, 0x0000000800000000)
  region size 2048K, 24 young (49152K), 3 survivors (6144K)
}
Event: 14.382 {heap After GC invocations=10 (full 0):
 garbage-first heap   total reserved 4194304K, committed 90112K, used 29868K [0x0000000700000000, 0x0000000800000000)
  region size 2048K, 3 young (6144K), 3 survivors (6144K)
}
Event: 16.127 {heap Before GC invocations=10 (full 0):
 garbage-first heap   total reserved 4194304K, committed 90112K, used 72876K [0x0000000700000000, 0x0000000800000000)
  region size 2048K, 24 young (49152K), 3 survivors (6144K)
}
Event: 16.143 {heap After GC invocations=11 (full 0):
 garbage-first heap   total reserved 4194304K, committed 90112K, used 32481K [0x0000000700000000, 0x0000000800000000)
  region size 2048K, 3 young (6144K), 3 survivors (6144K)
}
Event: 17.380 {heap Before GC invocations=11 (full 0):
 garbage-first heap   total reserved 4194304K, committed 90112K, used 75489K [0x0000000700000000, 0x0000000800000000)
  region size 2048K, 24 young (49152K), 3 survivors (6144K)
}
Event: 17.399 {heap After GC invocations=12 (full 0):
 garbage-first heap   total reserved 4194304K, committed 90112K, used 34973K [0x0000000700000000, 0x0000000800000000)
  region size 2048K, 3 young (6144K), 3 survivors (6144K)
}
Event: 18.971 {heap Before GC invocations=12 (full 0):
 garbage-first heap   total reserved 4194304K, committed 90112K, used 73885K [0x0000000700000000, 0x0000000800000000)
  region size 2048K, 23 young (47104K), 3 survivors (6144K)
}
Event: 18.988 {heap After GC invocations=13 (full 0):
 garbage-first heap   total reserved 4194304K, committed 90112K, used 37345K [0x0000000700000000, 0x0000000800000000)
  region size 2048K, 3 young (6144K), 3 survivors (6144K)
}
Event: 21.470 {heap Before GC invocations=14 (full 0):
 garbage-first heap   total reserved 4194304K, committed 90112K, used 78305K [0x0000000700000000, 0x0000000800000000)
  region size 2048K, 23 young (47104K), 3 survivors (6144K)
}
Event: 21.488 {heap After GC invocations=15 (full 0):
 garbage-first heap   total reserved 4194304K, committed 90112K, used 40960K [0x0000000700000000, 0x0000000800000000)
  region size 2048K, 3 young (6144K), 3 survivors (6144K)
}
Event: 22.327 {heap Before GC invocations=15 (full 0):
 garbage-first heap   total reserved 4194304K, committed 90112K, used 79872K [0x0000000700000000, 0x0000000800000000)
  region size 2048K, 22 young (45056K), 3 survivors (6144K)
}
Event: 22.347 {heap After GC invocations=16 (full 0):
 garbage-first heap   total reserved 4194304K, committed 108544K, used 42128K [0x0000000700000000, 0x0000000800000000)
  region size 2048K, 1 young (2048K), 1 survivors (2048K)
}
Event: 23.883 {heap Before GC invocations=16 (full 0):
 garbage-first heap   total reserved 4194304K, committed 108544K, used 95376K [0x0000000700000000, 0x0000000800000000)
  region size 2048K, 27 young (55296K), 1 survivors (2048K)
}
Event: 23.887 {heap After GC invocations=17 (full 0):
 garbage-first heap   total reserved 4194304K, committed 108544K, used 41977K [0x0000000700000000, 0x0000000800000000)
  region size 2048K, 1 young (2048K), 1 survivors (2048K)
}

Metaspace Usage History (20 events):
Event: 8.570 {metaspace Before GC invocations=5 (full 0):
 Metaspace       used 29919K, committed 30400K, reserved 1114112K
  class space    used 3873K, committed 4096K, reserved 1048576K
}
Event: 8.596 {metaspace After GC invocations=6 (full 0):
 Metaspace       used 29919K, committed 30400K, reserved 1114112K
  class space    used 3873K, committed 4096K, reserved 1048576K
}
Event: 10.473 {metaspace Before GC invocations=6 (full 0):
 Metaspace       used 35367K, committed 35968K, reserved 1114112K
  class space    used 4837K, committed 5120K, reserved 1048576K
}
Event: 10.487 {metaspace After GC invocations=7 (full 0):
 Metaspace       used 35367K, committed 35968K, reserved 1114112K
  class space    used 4837K, committed 5120K, reserved 1048576K
}
Event: 12.351 {metaspace Before GC invocations=8 (full 0):
 Metaspace       used 40636K, committed 41664K, reserved 1114112K
  class space    used 5689K, committed 6144K, reserved 1048576K
}
Event: 12.367 {metaspace After GC invocations=9 (full 0):
 Metaspace       used 40636K, committed 41664K, reserved 1114112K
  class space    used 5689K, committed 6144K, reserved 1048576K
}
Event: 14.366 {metaspace Before GC invocations=9 (full 0):
 Metaspace       used 46711K, committed 47936K, reserved 1114112K
  class space    used 6682K, committed 7232K, reserved 1048576K
}
Event: 14.382 {metaspace After GC invocations=10 (full 0):
 Metaspace       used 46711K, committed 47936K, reserved 1114112K
  class space    used 6682K, committed 7232K, reserved 1048576K
}
Event: 16.127 {metaspace Before GC invocations=10 (full 0):
 Metaspace       used 52225K, committed 53568K, reserved 1114112K
  class space    used 7516K, committed 8128K, reserved 1048576K
}
Event: 16.143 {metaspace After GC invocations=11 (full 0):
 Metaspace       used 52225K, committed 53568K, reserved 1114112K
  class space    used 7516K, committed 8128K, reserved 1048576K
}
Event: 17.380 {metaspace Before GC invocations=11 (full 0):
 Metaspace       used 55237K, committed 56640K, reserved 1114112K
  class space    used 8050K, committed 8704K, reserved 1048576K
}
Event: 17.399 {metaspace After GC invocations=12 (full 0):
 Metaspace       used 55237K, committed 56640K, reserved 1114112K
  class space    used 8050K, committed 8704K, reserved 1048576K
}
Event: 18.971 {metaspace Before GC invocations=12 (full 0):
 Metaspace       used 58825K, committed 60160K, reserved 1114112K
  class space    used 8516K, committed 9152K, reserved 1048576K
}
Event: 18.988 {metaspace After GC invocations=13 (full 0):
 Metaspace       used 58825K, committed 60160K, reserved 1114112K
  class space    used 8516K, committed 9152K, reserved 1048576K
}
Event: 21.470 {metaspace Before GC invocations=14 (full 0):
 Metaspace       used 63593K, committed 65216K, reserved 1114112K
  class space    used 9242K, committed 9984K, reserved 1048576K
}
Event: 21.488 {metaspace After GC invocations=15 (full 0):
 Metaspace       used 63593K, committed 65216K, reserved 1114112K
  class space    used 9242K, committed 9984K, reserved 1048576K
}
Event: 22.327 {metaspace Before GC invocations=15 (full 0):
 Metaspace       used 64328K, committed 65920K, reserved 1114112K
  class space    used 9328K, committed 10048K, reserved 1048576K
}
Event: 22.347 {metaspace After GC invocations=16 (full 0):
 Metaspace       used 64328K, committed 65920K, reserved 1114112K
  class space    used 9328K, committed 10048K, reserved 1048576K
}
Event: 23.883 {metaspace Before GC invocations=16 (full 0):
 Metaspace       used 64495K, committed 66048K, reserved 1114112K
  class space    used 9329K, committed 10048K, reserved 1048576K
}
Event: 23.888 {metaspace After GC invocations=17 (full 0):
 Metaspace       used 64495K, committed 66048K, reserved 1114112K
  class space    used 9329K, committed 10048K, reserved 1048576K
}

Dll operation events (3 events):
Event: 0.026 Loaded shared library C:\Program Files\Android\Android Studio\jbr\bin\java.dll
Event: 0.042 Loaded shared library C:\Program Files\Android\Android Studio\jbr\bin\zip.dll
Event: 1.583 Loaded shared library C:\Program Files\Android\Android Studio\jbr\bin\verify.dll

Deoptimization events (20 events):
Event: 23.587 Thread 0x0000019b908cf020 DEOPT PACKING pc=0x0000019b808f1ba8 sp=0x0000002b986f7af0
Event: 23.587 Thread 0x0000019b908cf020 DEOPT UNPACKING pc=0x0000019b875812a2 sp=0x0000002b986f6f60 mode 0
Event: 23.591 Thread 0x0000019b908cf020 DEOPT PACKING pc=0x0000019b808f1ba8 sp=0x0000002b986f7700
Event: 23.591 Thread 0x0000019b908cf020 DEOPT UNPACKING pc=0x0000019b875812a2 sp=0x0000002b986f6b70 mode 0
Event: 23.599 Thread 0x0000019b908cf020 DEOPT PACKING pc=0x0000019b808f1ba8 sp=0x0000002b986f7af0
Event: 23.599 Thread 0x0000019b908cf020 DEOPT UNPACKING pc=0x0000019b875812a2 sp=0x0000002b986f6f60 mode 0
Event: 23.606 Thread 0x0000019b908cf020 DEOPT PACKING pc=0x0000019b808f1ba8 sp=0x0000002b986f7d00
Event: 23.606 Thread 0x0000019b908cf020 DEOPT UNPACKING pc=0x0000019b875812a2 sp=0x0000002b986f7170 mode 0
Event: 23.616 Thread 0x0000019b908cf020 DEOPT PACKING pc=0x0000019b808f1ba8 sp=0x0000002b986f7700
Event: 23.616 Thread 0x0000019b908cf020 DEOPT UNPACKING pc=0x0000019b875812a2 sp=0x0000002b986f6b70 mode 0
Event: 23.627 Thread 0x0000019b908cf020 DEOPT PACKING pc=0x0000019b808f1ba8 sp=0x0000002b986f7d00
Event: 23.627 Thread 0x0000019b908cf020 DEOPT UNPACKING pc=0x0000019b875812a2 sp=0x0000002b986f7170 mode 0
Event: 23.636 Thread 0x0000019b908cf020 DEOPT PACKING pc=0x0000019b808f1ba8 sp=0x0000002b986f7af0
Event: 23.636 Thread 0x0000019b908cf020 DEOPT UNPACKING pc=0x0000019b875812a2 sp=0x0000002b986f6f60 mode 0
Event: 23.654 Thread 0x0000019b908cf020 DEOPT PACKING pc=0x0000019b808f1ba8 sp=0x0000002b986f7af0
Event: 23.654 Thread 0x0000019b908cf020 DEOPT UNPACKING pc=0x0000019b875812a2 sp=0x0000002b986f6f60 mode 0
Event: 23.748 Thread 0x0000019b908cf020 Uncommon trap: trap_request=0xffffff45 fr.pc=0x0000019b87d9ac08 relative=0x0000000000003e08
Event: 23.748 Thread 0x0000019b908cf020 Uncommon trap: reason=unstable_if action=reinterpret pc=0x0000019b87d9ac08 method=org.objectweb.asm.signature.SignatureReader.parseType(Ljava/lang/String;ILorg/objectweb/asm/signature/SignatureVisitor;)I @ 290 c2
Event: 23.748 Thread 0x0000019b908cf020 DEOPT PACKING pc=0x0000019b87d9ac08 sp=0x0000002b986f76f0
Event: 23.748 Thread 0x0000019b908cf020 DEOPT UNPACKING pc=0x0000019b87657402 sp=0x0000002b986f76d0 mode 2

Classes loaded (20 events):
Event: 20.988 Loading class com/sun/beans/finder/AbstractFinder done
Event: 20.988 Loading class com/sun/beans/finder/MethodFinder done
Event: 20.988 Loading class com/sun/beans/finder/MethodFinder$1
Event: 20.988 Loading class com/sun/beans/finder/MethodFinder$1 done
Event: 20.988 Loading class com/sun/beans/finder/FinderUtils
Event: 20.988 Loading class com/sun/beans/finder/FinderUtils done
Event: 20.989 Loading class java/lang/StringConcatHelper$Concat1
Event: 20.989 Loading class java/lang/StringConcatHelper$Concat1 done
Event: 21.783 Loading class java/nio/charset/UnsupportedCharsetException
Event: 21.784 Loading class java/nio/charset/UnsupportedCharsetException done
Event: 21.795 Loading class java/util/Collections$UnmodifiableSortedMap
Event: 21.795 Loading class java/util/Collections$UnmodifiableSortedMap done
Event: 21.799 Loading class java/util/zip/Deflater
Event: 21.800 Loading class java/util/zip/Deflater done
Event: 21.803 Loading class java/util/zip/Deflater$DeflaterZStreamRef
Event: 21.803 Loading class java/util/zip/Deflater$DeflaterZStreamRef done
Event: 21.817 Loading class java/util/zip/ZipFile$ZipEntryIterator
Event: 21.818 Loading class java/util/zip/ZipFile$ZipEntryIterator done
Event: 21.958 Loading class java/nio/StringCharBuffer
Event: 21.959 Loading class java/nio/StringCharBuffer done

Classes unloaded (0 events):
No events

Classes redefined (0 events):
No events

Internal exceptions (20 events):
Event: 20.981 Thread 0x0000019b908cf020 Exception <a 'java/lang/ClassNotFoundException'{0x0000000703008008}: groovy/lang/Closure$1BeanInfo> (0x0000000703008008) 
thrown [s\src\hotspot\share\classfile\systemDictionary.cpp, line 327]
Event: 20.982 Thread 0x0000019b908cf020 Exception <a 'java/lang/ClassNotFoundException'{0x0000000703013e10}: groovy/lang/ClosureBeanInfo> (0x0000000703013e10) 
thrown [s\src\hotspot\share\classfile\systemDictionary.cpp, line 327]
Event: 20.982 Thread 0x0000019b908cf020 Exception <a 'java/lang/ClassNotFoundException'{0x000000070301fbd8}: groovy/lang/ClosureCustomizer> (0x000000070301fbd8) 
thrown [s\src\hotspot\share\classfile\systemDictionary.cpp, line 327]
Event: 20.987 Thread 0x0000019b908cf020 Exception <a 'java/lang/ClassNotFoundException'{0x000000070304e6f8}: groovy/lang/Closure$1Customizer> (0x000000070304e6f8) 
thrown [s\src\hotspot\share\classfile\systemDictionary.cpp, line 327]
Event: 21.010 Thread 0x0000019b908cf020 Exception <a 'java/lang/ClassNotFoundException'{0x00000007030bc018}: org/gradle/configuration/internal/DefaultListenerBuildOperationDecorator$BuildOperationEmittingClosureBeanInfo> (0x00000007030bc018) 
thrown [s\src\hotspot\share\classfile\systemDictionary.cpp, line 327]
Event: 21.011 Thread 0x0000019b908cf020 Exception <a 'java/lang/ClassNotFoundException'{0x00000007030c82c8}: org/gradle/configuration/internal/DefaultListenerBuildOperationDecorator$BuildOperationEmittingClosureCustomizer> (0x00000007030c82c8) 
thrown [s\src\hotspot\share\classfile\systemDictionary.cpp, line 327]
Event: 21.018 Thread 0x0000019b908cf020 Exception <a 'sun/nio/fs/WindowsException'{0x00000007030d9ad0}> (0x00000007030d9ad0) 
thrown [s\src\hotspot\share\prims\jni.cpp, line 535]
Event: 21.093 Thread 0x0000019b908cf020 Exception <a 'java/lang/IncompatibleClassChangeError'{0x0000000702e6f348}: Found class java.lang.Object, but interface was expected> (0x0000000702e6f348) 
thrown [s\src\hotspot\share\interpreter\linkResolver.cpp, line 882]
Event: 21.138 Thread 0x0000019b908cf020 Exception <a 'sun/nio/fs/WindowsException'{0x0000000702f115c8}> (0x0000000702f115c8) 
thrown [s\src\hotspot\share\prims\jni.cpp, line 535]
Event: 21.192 Thread 0x0000019b908cf020 Exception <a 'java/lang/NoSuchMethodError'{0x0000000702c3e398}: 'java.lang.Object java.lang.invoke.Invokers$Holder.invoker(java.lang.Object, java.lang.Object, java.lang.Object, java.lang.Object, java.lang.Object, java.lang.Object)'> (0x0000000702c3e398) 
thrown [s\src\hotspot\share\interpreter\linkResolver.cpp, line 815]
Event: 21.229 Thread 0x0000019b908cf020 Exception <a 'sun/nio/fs/WindowsException'{0x0000000702d3ba18}> (0x0000000702d3ba18) 
thrown [s\src\hotspot\share\prims\jni.cpp, line 535]
Event: 21.234 Thread 0x0000019b908cf020 Exception <a 'java/lang/NoSuchMethodError'{0x0000000702d43df8}: 'java.lang.Object java.lang.invoke.DirectMethodHandle$Holder.invokeSpecial(java.lang.Object, java.lang.Object, java.lang.Object, java.lang.Object, java.lang.Object, java.lang.Object, java.lang.Object, java.lang.Object, java.lang.Object, java.lang.Object, java.lang.Object, java.lang.Object, java.lang.Object, java.lang.Object, java.lang.Object, java.lang.Object, java.lang.Object, java.lang.Object, java.lang.Object, java.lang.Object, java.lang.Ob
Event: 21.235 Thread 0x0000019b908cf020 Exception <a 'java/lang/NoSuchMethodError'{0x0000000702d4e380}: 'java.lang.Object java.lang.invoke.DelegatingMethodHandle$Holder.reinvoke_L(java.lang.Object, java.lang.Object, java.lang.Object, java.lang.Object, java.lang.Object, java.lang.Object, java.lang.Object, java.lang.Object, java.lang.Object, java.lang.Object, java.lang.Object, java.lang.Object, java.lang.Object, java.lang.Object, java.lang.Object, java.lang.Object, java.lang.Object, java.lang.Object, java.lang.Object, java.lang.Object, java.lang.O
Event: 21.237 Thread 0x0000019b908cf020 Exception <a 'java/lang/NoSuchMethodError'{0x0000000702d62968}: 'java.lang.Object java.lang.invoke.Invokers$Holder.invoker(java.lang.Object, java.lang.Object, java.lang.Object, java.lang.Object, java.lang.Object, java.lang.Object, java.lang.Object, java.lang.Object, java.lang.Object, java.lang.Object, java.lang.Object, java.lang.Object, java.lang.Object, java.lang.Object, java.lang.Object, java.lang.Object, java.lang.Object, java.lang.Object, java.lang.Object, java.lang.Object, java.lang.Object, java.lang.
Event: 21.238 Thread 0x0000019b908cf020 Exception <a 'java/lang/NoSuchMethodError'{0x0000000702d6d9b8}: 'java.lang.Object java.lang.invoke.DelegatingMethodHandle$Holder.delegate(java.lang.Object, java.lang.Object, java.lang.Object, java.lang.Object, java.lang.Object, java.lang.Object, java.lang.Object, java.lang.Object, java.lang.Object, java.lang.Object, java.lang.Object, java.lang.Object, java.lang.Object, java.lang.Object, java.lang.Object, java.lang.Object, java.lang.Object, java.lang.Object, java.lang.Object, java.lang.Object, java.lang.Obj
Event: 21.285 Thread 0x0000019b908cf020 Exception <a 'sun/nio/fs/WindowsException'{0x0000000702b4bb60}> (0x0000000702b4bb60) 
thrown [s\src\hotspot\share\prims\jni.cpp, line 535]
Event: 21.704 Thread 0x0000019b908cf020 Exception <a 'sun/nio/fs/WindowsException'{0x0000000703290258}> (0x0000000703290258) 
thrown [s\src\hotspot\share\prims\jni.cpp, line 535]
Event: 21.744 Thread 0x0000019b908cf020 Exception <a 'sun/nio/fs/WindowsException'{0x000000070335f3b0}> (0x000000070335f3b0) 
thrown [s\src\hotspot\share\prims\jni.cpp, line 535]
Event: 21.746 Thread 0x0000019b908cf020 Exception <a 'sun/nio/fs/WindowsException'{0x0000000703360d50}> (0x0000000703360d50) 
thrown [s\src\hotspot\share\prims\jni.cpp, line 535]
Event: 21.747 Thread 0x0000019b908cf020 Exception <a 'sun/nio/fs/WindowsException'{0x00000007033623c8}> (0x00000007033623c8) 
thrown [s\src\hotspot\share\prims\jni.cpp, line 535]

VM Operations (20 events):
Event: 20.705 Executing non-safepoint VM operation: HandshakeAllThreads (Deoptimize)
Event: 20.705 Executing non-safepoint VM operation: HandshakeAllThreads (Deoptimize) done
Event: 20.715 Executing non-safepoint VM operation: HandshakeAllThreads (Deoptimize)
Event: 20.715 Executing non-safepoint VM operation: HandshakeAllThreads (Deoptimize) done
Event: 20.716 Executing non-safepoint VM operation: HandshakeAllThreads (Deoptimize)
Event: 20.716 Executing non-safepoint VM operation: HandshakeAllThreads (Deoptimize) done
Event: 20.784 Executing non-safepoint VM operation: HandshakeAllThreads (Deoptimize)
Event: 20.784 Executing non-safepoint VM operation: HandshakeAllThreads (Deoptimize) done
Event: 21.470 Executing safepoint VM operation: G1CollectForAllocation (G1 Evacuation Pause)
Event: 21.488 Executing safepoint VM operation: G1CollectForAllocation (G1 Evacuation Pause) done
Event: 21.796 Executing non-safepoint VM operation: HandshakeAllThreads (Deoptimize)
Event: 21.797 Executing non-safepoint VM operation: HandshakeAllThreads (Deoptimize) done
Event: 21.860 Executing non-safepoint VM operation: HandshakeAllThreads (Deoptimize)
Event: 21.860 Executing non-safepoint VM operation: HandshakeAllThreads (Deoptimize) done
Event: 21.960 Executing non-safepoint VM operation: HandshakeAllThreads (Deoptimize)
Event: 21.961 Executing non-safepoint VM operation: HandshakeAllThreads (Deoptimize) done
Event: 22.327 Executing safepoint VM operation: G1CollectForAllocation (G1 Evacuation Pause)
Event: 22.347 Executing safepoint VM operation: G1CollectForAllocation (G1 Evacuation Pause) done
Event: 23.883 Executing safepoint VM operation: G1CollectForAllocation (G1 Evacuation Pause)
Event: 23.888 Executing safepoint VM operation: G1CollectForAllocation (G1 Evacuation Pause) done

Memory protections (0 events):
No events

Nmethod flushes (20 events):
Event: 19.077 Thread 0x0000019bfadcadc0 flushing  nmethod 0x0000019b803c1688
Event: 19.077 Thread 0x0000019bfadcadc0 flushing  nmethod 0x0000019b803f4388
Event: 19.077 Thread 0x0000019bfadcadc0 flushing  nmethod 0x0000019b87c01e08
Event: 19.077 Thread 0x0000019bfadcadc0 flushing  nmethod 0x0000019b80019708
Event: 19.077 Thread 0x0000019bfadcadc0 flushing  nmethod 0x0000019b8001d808
Event: 19.077 Thread 0x0000019bfadcadc0 flushing  nmethod 0x0000019b8003ea08
Event: 19.077 Thread 0x0000019bfadcadc0 flushing  nmethod 0x0000019b8003fd08
Event: 19.077 Thread 0x0000019bfadcadc0 flushing  nmethod 0x0000019b800c5c08
Event: 19.077 Thread 0x0000019bfadcadc0 flushing  nmethod 0x0000019b800c7408
Event: 19.077 Thread 0x0000019bfadcadc0 flushing  nmethod 0x0000019b80163d08
Event: 19.077 Thread 0x0000019bfadcadc0 flushing  nmethod 0x0000019b80164408
Event: 19.077 Thread 0x0000019bfadcadc0 flushing  nmethod 0x0000019b801ea788
Event: 19.077 Thread 0x0000019bfadcadc0 flushing  nmethod 0x0000019b80325d08
Event: 19.078 Thread 0x0000019bfadcadc0 flushing  nmethod 0x0000019b80328708
Event: 19.078 Thread 0x0000019bfadcadc0 flushing  nmethod 0x0000019b8032ad88
Event: 19.078 Thread 0x0000019bfadcadc0 flushing  nmethod 0x0000019b80454b88
Event: 19.078 Thread 0x0000019bfadcadc0 flushing  nmethod 0x0000019b80460408
Event: 19.078 Thread 0x0000019bfadcadc0 flushing  nmethod 0x0000019b804ff088
Event: 19.078 Thread 0x0000019bfadcadc0 flushing  nmethod 0x0000019b804ff688
Event: 19.078 Thread 0x0000019bfadcadc0 flushing  nmethod 0x0000019b804ff988

Events (20 events):
Event: 6.051 Thread 0x0000019b8f9588a0 Thread added: 0x0000019b8f4d3ea0
Event: 6.079 Thread 0x0000019b8f9588a0 Thread added: 0x0000019b908cf020
Event: 6.107 Thread 0x0000019b908cf020 Thread added: 0x0000019b908cf7f0
Event: 6.169 Thread 0x0000019b908cf020 Thread added: 0x0000019b908d5d80
Event: 6.186 Thread 0x0000019b908cf020 Thread added: 0x0000019b908d3e40
Event: 7.410 Thread 0x0000019b908cf020 Thread added: 0x0000019b908d4de0
Event: 7.433 Thread 0x0000019b908cf020 Thread added: 0x0000019b908d2ea0
Event: 7.608 Thread 0x0000019b908cf020 Thread added: 0x0000019b90e357d0
Event: 9.557 Thread 0x0000019bff03d850 Thread exited: 0x0000019bff03d850
Event: 10.339 Thread 0x0000019b908cf020 Thread added: 0x0000019b90e330c0
Event: 10.439 Thread 0x0000019b908cf020 Thread added: 0x0000019b90e35000
Event: 11.000 Thread 0x0000019b908cf020 Thread added: 0x0000019b90e33890
Event: 12.175 Thread 0x0000019b908cf020 Thread added: 0x0000019b90e39e20
Event: 13.189 Thread 0x0000019b908cf020 Thread added: 0x0000019b90e37ee0
Event: 13.205 Thread 0x0000019b908cf020 Thread added: 0x0000019bff033aa0
Event: 14.766 Thread 0x0000019b908cf020 Thread added: 0x0000019b90d893c0
Event: 14.927 Thread 0x0000019b908cf020 Thread added: 0x0000019b90d89b90
Event: 15.773 Thread 0x0000019bff039fe0 Thread added: 0x0000019b8f81c230
Event: 18.169 Thread 0x0000019b908cf020 Thread added: 0x0000019b90d8e1e0
Event: 20.186 Thread 0x0000019b908cf020 Thread added: 0x0000019b90d8ca70


Dynamic libraries:
0x00007ff7631a0000 - 0x00007ff7631aa000 	C:\Program Files\Android\Android Studio\jbr\bin\java.exe
0x00007ffb39f00000 - 0x00007ffb3a166000 	C:\WINDOWS\SYSTEM32\ntdll.dll
0x00007ffb39030000 - 0x00007ffb390f9000 	C:\WINDOWS\System32\KERNEL32.DLL
0x00007ffb375f0000 - 0x00007ffb379ee000 	C:\WINDOWS\System32\KERNELBASE.dll
0x00007ffb37310000 - 0x00007ffb3745c000 	C:\WINDOWS\System32\ucrtbase.dll
0x00007ffb25710000 - 0x00007ffb2572b000 	C:\Program Files\Android\Android Studio\jbr\bin\VCRUNTIME140.dll
0x00007ffb159d0000 - 0x00007ffb159e6000 	C:\Program Files\Android\Android Studio\jbr\bin\jli.dll
0x00007ffb392a0000 - 0x00007ffb39467000 	C:\WINDOWS\System32\USER32.dll
0x00007ffb0e1e0000 - 0x00007ffb0e472000 	C:\WINDOWS\WinSxS\amd64_microsoft.windows.common-controls_6595b64144ccf1df_6.0.26100.8875_none_3e0d5d42e32fe9dd\COMCTL32.dll
0x00007ffb37500000 - 0x00007ffb37527000 	C:\WINDOWS\System32\win32u.dll
0x00007ffb38cf0000 - 0x00007ffb38d1b000 	C:\WINDOWS\System32\GDI32.dll
0x00007ffb37c30000 - 0x00007ffb37cd9000 	C:\WINDOWS\System32\msvcrt.dll
0x00007ffb371e0000 - 0x00007ffb3730a000 	C:\WINDOWS\System32\gdi32full.dll
0x00007ffb37a00000 - 0x00007ffb37aa3000 	C:\WINDOWS\System32\msvcp_win.dll
0x00007ffb37d60000 - 0x00007ffb37d92000 	C:\WINDOWS\System32\IMM32.DLL
0x00007ffb2f0d0000 - 0x00007ffb2f0dc000 	C:\Program Files\Android\Android Studio\jbr\bin\vcruntime140_1.dll
0x00007ffaf3360000 - 0x00007ffaf33ed000 	C:\Program Files\Android\Android Studio\jbr\bin\msvcp140.dll
0x00007ffab9050000 - 0x00007ffab9f2a000 	C:\Program Files\Android\Android Studio\jbr\bin\server\jvm.dll
0x00007ffb39470000 - 0x00007ffb39527000 	C:\WINDOWS\System32\ADVAPI32.dll
0x00007ffb388d0000 - 0x00007ffb3897a000 	C:\WINDOWS\System32\sechost.dll
0x00007ffb38f10000 - 0x00007ffb39028000 	C:\WINDOWS\System32\RPCRT4.dll
0x00007ffb38c00000 - 0x00007ffb38c80000 	C:\WINDOWS\System32\WS2_32.dll
0x00007ffb36fa0000 - 0x00007ffb36ffe000 	C:\WINDOWS\SYSTEM32\POWRPROF.dll
0x00007ffb24ea0000 - 0x00007ffb24eab000 	C:\WINDOWS\SYSTEM32\VERSION.dll
0x00007ffb2c860000 - 0x00007ffb2c896000 	C:\WINDOWS\SYSTEM32\WINMM.dll
0x00007ffb36f80000 - 0x00007ffb36f94000 	C:\WINDOWS\SYSTEM32\UMPDC.dll
0x00007ffb35e00000 - 0x00007ffb35e1b000 	C:\WINDOWS\SYSTEM32\kernel.appcore.dll
0x00007ffb25a70000 - 0x00007ffb25a7a000 	C:\Program Files\Android\Android Studio\jbr\bin\jimage.dll
0x00007ffb346c0000 - 0x00007ffb34902000 	C:\WINDOWS\SYSTEM32\DBGHELP.DLL
0x00007ffb38540000 - 0x00007ffb388c3000 	C:\WINDOWS\System32\combase.dll
0x00007ffb38e30000 - 0x00007ffb38f09000 	C:\WINDOWS\System32\OLEAUT32.dll
0x00007ffb0a9b0000 - 0x00007ffb0a9eb000 	C:\WINDOWS\SYSTEM32\dbgcore.DLL
0x00007ffb37530000 - 0x00007ffb375dc000 	C:\WINDOWS\System32\bcryptPrimitives.dll
0x00007ffb1caf0000 - 0x00007ffb1cafe000 	C:\Program Files\Android\Android Studio\jbr\bin\instrument.dll
0x00007ffb25650000 - 0x00007ffb2566f000 	C:\Program Files\Android\Android Studio\jbr\bin\java.dll
0x00007ffb39890000 - 0x00007ffb39a29000 	C:\WINDOWS\System32\ole32.dll
0x00007ffb37da0000 - 0x00007ffb38532000 	C:\WINDOWS\System32\SHELL32.dll
0x00007ffb1c1e0000 - 0x00007ffb1c1f7000 	C:\Program Files\Android\Android Studio\jbr\bin\zip.dll
0x00007ffb34be0000 - 0x00007ffb35472000 	C:\WINDOWS\SYSTEM32\windows.storage.dll
0x00007ffb38d30000 - 0x00007ffb38e27000 	C:\WINDOWS\System32\SHCORE.dll
0x00007ffb39100000 - 0x00007ffb39167000 	C:\WINDOWS\System32\shlwapi.dll
0x00007ffb37040000 - 0x00007ffb37069000 	C:\WINDOWS\SYSTEM32\profapi.dll
0x00007ffb2f110000 - 0x00007ffb2f120000 	C:\Program Files\Android\Android Studio\jbr\bin\net.dll
0x00007ffb363b0000 - 0x00007ffb3641c000 	C:\WINDOWS\system32\mswsock.dll
0x00007ffb1bfc0000 - 0x00007ffb1bfd6000 	C:\Program Files\Android\Android Studio\jbr\bin\nio.dll
0x00007ffb25a90000 - 0x00007ffb25aa0000 	C:\Program Files\Android\Android Studio\jbr\bin\verify.dll
0x00007ffb13ac0000 - 0x00007ffb13ae7000 	C:\Users\DELL\.gradle\native\660c5614fbf4a5f2a75b1949f50a0caf5cd603558e7d8a26e50b933a0cfb79d1\windows-amd64\native-platform.dll
0x00007ffad0600000 - 0x00007ffad0677000 	C:\Users\DELL\.gradle\native\0.2.8\x86_64-windows-gnu\gradle-fileevents.dll
0x00007ffb256a0000 - 0x00007ffb256a9000 	C:\Program Files\Android\Android Studio\jbr\bin\management.dll
0x00007ffb1d230000 - 0x00007ffb1d23b000 	C:\Program Files\Android\Android Studio\jbr\bin\management_ext.dll
0x00007ffb38d20000 - 0x00007ffb38d28000 	C:\WINDOWS\System32\PSAPI.DLL
0x00007ffb357d0000 - 0x00007ffb35803000 	C:\WINDOWS\SYSTEM32\IPHLPAPI.DLL
0x00007ffb38b60000 - 0x00007ffb38b6a000 	C:\WINDOWS\System32\NSI.dll
0x00007ffb25870000 - 0x00007ffb25879000 	C:\Program Files\Android\Android Studio\jbr\bin\extnet.dll
0x00007ffb366b0000 - 0x00007ffb366cb000 	C:\WINDOWS\SYSTEM32\CRYPTSP.dll
0x00007ffb35d60000 - 0x00007ffb35d99000 	C:\WINDOWS\system32\rsaenh.dll
0x00007ffb36470000 - 0x00007ffb364a2000 	C:\WINDOWS\SYSTEM32\USERENV.dll
0x00007ffb37010000 - 0x00007ffb3703a000 	C:\WINDOWS\SYSTEM32\bcrypt.dll
0x00007ffb366d0000 - 0x00007ffb366dc000 	C:\WINDOWS\SYSTEM32\CRYPTBASE.dll
0x00007ffb1cd60000 - 0x00007ffb1cd68000 	C:\WINDOWS\system32\wshunix.dll

JVMTI agents:
C:\Users\DELL\.gradle\wrapper\dists\gradle-9.3.0-bin\79n14ral3mx1ozqr3csh2u872\gradle-9.3.0\lib\agents\gradle-instrumentation-agent-9.3.0.jar path:C:\Program Files\Android\Android Studio\jbr\bin\instrument.dll, loaded, initialized, instrumentlib options:none

dbghelp: loaded successfully - version: 4.0.5 - missing functions: none
symbol engine: initialized successfully - sym options: 0x614 - pdb path: .;C:\Program Files\Android\Android Studio\jbr\bin;C:\WINDOWS\SYSTEM32;C:\WINDOWS\WinSxS\amd64_microsoft.windows.common-controls_6595b64144ccf1df_6.0.26100.8875_none_3e0d5d42e32fe9dd;C:\Program Files\Android\Android Studio\jbr\bin\server;C:\Users\DELL\.gradle\native\660c5614fbf4a5f2a75b1949f50a0caf5cd603558e7d8a26e50b933a0cfb79d1\windows-amd64;C:\Users\DELL\.gradle\native\0.2.8\x86_64-windows-gnu

VM Arguments:
jvm_args: --add-opens=java.base/java.lang=ALL-UNNAMED --add-opens=java.base/java.lang.invoke=ALL-UNNAMED --add-opens=java.base/java.util=ALL-UNNAMED --add-opens=java.prefs/java.util.prefs=ALL-UNNAMED --add-exports=jdk.compiler/com.sun.tools.javac.api=ALL-UNNAMED --add-exports=jdk.compiler/com.sun.tools.javac.util=ALL-UNNAMED --add-opens=java.base/java.util=ALL-UNNAMED --add-opens=java.prefs/java.util.prefs=ALL-UNNAMED --add-opens=java.base/java.nio.charset=ALL-UNNAMED --add-opens=java.base/java.net=ALL-UNNAMED --add-opens=java.base/java.util.concurrent=ALL-UNNAMED --add-opens=java.base/java.util.concurrent.atomic=ALL-UNNAMED --add-opens=java.xml/javax.xml.namespace=ALL-UNNAMED --add-opens=java.base/java.time=ALL-UNNAMED --enable-native-access=ALL-UNNAMED -Xmx4g -Dfile.encoding=UTF-8 -Duser.country=US -Duser.language=en -Duser.variant -javaagent:C:\Users\DELL\.gradle\wrapper\dists\gradle-9.3.0-bin\79n14ral3mx1ozqr3csh2u872\gradle-9.3.0\lib\agents\gradle-instrumentation-agent-9.3.0.jar 
java_command: org.gradle.launcher.daemon.bootstrap.GradleDaemon 9.3.0
java_class_path (initial): C:\Users\DELL\.gradle\wrapper\dists\gradle-9.3.0-bin\79n14ral3mx1ozqr3csh2u872\gradle-9.3.0\lib\gradle-daemon-main-9.3.0.jar
Launcher Type: SUN_STANDARD

[Global flags]
     intx CICompilerCount                          = 4                                         {product} {ergonomic}
     uint ConcGCThreads                            = 2                                         {product} {ergonomic}
     uint G1ConcRefinementThreads                  = 8                                         {product} {ergonomic}
   size_t G1HeapRegionSize                         = 2097152                                   {product} {ergonomic}
   size_t InitialHeapSize                          = 130023424                                 {product} {ergonomic}
   size_t MarkStackSize                            = 4194304                                   {product} {ergonomic}
   size_t MarkStackSizeMax                         = 536870912                                 {product} {ergonomic}
   size_t MaxHeapSize                              = 4294967296                                {product} {command line}
   size_t MaxNewSize                               = 2575302656                                {product} {ergonomic}
   size_t MinHeapDeltaBytes                        = 2097152                                   {product} {ergonomic}
   size_t MinHeapSize                              = 8388608                                   {product} {ergonomic}
    uintx NonNMethodCodeHeapSize                   = 5832704                                {pd product} {ergonomic}
    uintx NonProfiledCodeHeapSize                  = 122945536                              {pd product} {ergonomic}
    uintx ProfiledCodeHeapSize                     = 122880000                              {pd product} {ergonomic}
    uintx ReservedCodeCacheSize                    = 251658240                              {pd product} {ergonomic}
     bool SegmentedCodeCache                       = true                                      {product} {ergonomic}
   size_t SoftMaxHeapSize                          = 4294967296                             {manageable} {ergonomic}
     bool UseCompressedOops                        = true                           {product lp64_product} {ergonomic}
     bool UseG1GC                                  = true                                      {product} {ergonomic}
     bool UseLargePagesIndividualAllocation        = false                                  {pd product} {ergonomic}

Logging:
Log output configuration:
 #0: stdout all=warning uptime,level,tags foldmultilines=false
 #1: stderr all=off uptime,level,tags foldmultilines=false

Release file:
JAVA_VERSION="25.0.2" 
MODULES="java.base java.compiler java.datatransfer java.xml java.prefs java.desktop java.instrument java.logging java.management java.security.sasl java.naming java.rmi java.management.rmi java.net.http java.scripting java.security.jgss java.transaction.xa java.sql java.sql.rowset java.xml.crypto java.se java.smartcardio jdk.accessibility jdk.internal.jvmstat jdk.attach jdk.charsets jdk.internal.opt jdk.zipfs jdk.compiler jdk.crypto.cryptoki jdk.crypto.ec jdk.dynalink jdk.hotspot.agent jdk.httpserver jdk.internal.ed jdk.internal.le jdk.internal.md jdk.internal.vm.ci jdk.jartool jdk.javadoc jdk.jcmd jdk.jdeps jdk.jdwp.agent jdk.jdi jdk.jfr jdk.jlink jdk.localedata jdk.management jdk.management.agent jdk.management.jfr jdk.naming.dns jdk.naming.rmi jdk.net jdk.sctp jdk.security.auth jdk.security.jgss jdk.unsupported jdk.unsupported.desktop jdk.xml.dom" 
IMPLEMENTOR="JetBrains s.r.o." 
JAVA_RUNTIME_VERSION="25.0.2+-15348964-b329.117" 
LIBC="default" 
OS_ARCH="x86_64" 
OS_NAME="Windows" 
SOURCE=".:git:3cf398e84a39" 

Environment Variables:
PATH=C:\WINDOWS\system32;C:\WINDOWS;C:\WINDOWS\System32\Wbem;C:\WINDOWS\System32\WindowsPowerShell\v1.0\;C:\WINDOWS\System32\OpenSSH\;C:\Program Files\Git\cmd;C:\Program Files\Microsoft SQL Server\170\Tools\Binn\;C:\Program Files\dotnet\;C:\Program Files\nodejs\;C:\Users\DELL\AppData\Local\jcode\bin;C:\Users\DELL\AppData\Local\Microsoft\WindowsApps;C:\Users\DELL\.dotnet\tools;C:\Users\DELL\AppData\Local\Programs\Microsoft VS Code\bin;C:\Users\DELL\AppData\Roaming\npm
USERNAME=DELL
OS=Windows_NT
PROCESSOR_IDENTIFIER=Intel64 Family 6 Model 140 Stepping 1, GenuineIntel
TMP=C:\Users\DELL\AppData\Local\Temp
TEMP=C:\Users\DELL\AppData\Local\Temp




Compilation memory statistics disabled.

Periodic native trim disabled

JNI global refs:
JNI global refs: 26, weak refs: 16

JNI global refs memory usage: 835, weak refs: 833

Process memory usage:
Resident Set Size: 309632K (3% of 8061192K total physical memory with 389664K free physical memory)

OOME stack traces (most recent first):
Classloader memory used:
Loader org.gradle.internal.classloader.VisitableURLClassLoader                         : 33864 K
Loader bootstrap                                                                       : 22996 K
Loader org.gradle.initialization.MixInLegacyTypesClassLoader                           : 7016 K
Loader jdk.internal.loader.ClassLoaders$PlatformClassLoader                            : 374 K
Loader jdk.internal.loader.ClassLoaders$AppClassLoader                                 : 224 K
Loader org.gradle.groovy.scripts.internal.DefaultScriptCompilationHandler$ScriptClassLoader: 20800 B
Loader groovy.lang.GroovyClassLoader$InnerLoader                                       : 13816 B

Classes loaded by more than one classloader:
Class org.gradle.internal.classloader.FilteringClassLoader                            : loaded 2 times (x 106B)
Class org.gradle.internal.classloader.ClassLoaderHierarchy                            : loaded 2 times (x 72B)
Class org.gradle.api.internal.classpath.ManifestUtil                                  : loaded 2 times (x 73B)
Class org.gradle.internal.classloader.DefaultClassLoaderFactory                       : loaded 2 times (x 84B)
Class org.gradle.internal.classloader.ClassLoaderVisitor                              : loaded 2 times (x 78B)
Class org.gradle.api.internal.classpath.EffectiveClassPath                            : loaded 2 times (x 92B)
Class org.gradle.api.internal.DefaultClassPathProvider                                : loaded 2 times (x 78B)
Class [Lorg.gradle.api.internal.ClassPathProvider;                                    : loaded 2 times (x 71B)
Class org.gradle.api.internal.ClassPathProvider                                       : loaded 2 times (x 72B)
Class org.gradle.internal.service.UnknownServiceException                             : loaded 2 times (x 85B)
Class org.gradle.internal.classpath.TransformedClassPath                              : loaded 2 times (x 98B)
Class org.gradle.internal.classloader.InstrumentingClassLoader                        : loaded 2 times (x 72B)
Class org.gradle.internal.service.ServiceLocator                                      : loaded 2 times (x 72B)
Class org.gradle.internal.classloader.ClasspathUtil$1                                 : loaded 2 times (x 78B)
Class org.gradle.api.internal.classpath.DefaultModuleRegistry$DefaultModule           : loaded 2 times (x 88B)
Class org.gradle.api.internal.classpath.Module                                        : loaded 2 times (x 72B)
Class org.gradle.api.internal.classpath.UnknownModuleException                        : loaded 2 times (x 84B)
Class org.gradle.api.internal.DefaultClassPathRegistry                                : loaded 2 times (x 78B)
Class org.gradle.api.internal.ClassPathRegistry                                       : loaded 2 times (x 72B)
Class org.gradle.internal.classpath.DefaultClassPath$ImmutableUniqueList              : loaded 2 times (x 201B)
Class org.gradle.internal.classpath.ClassPath                                         : loaded 2 times (x 72B)
Class org.gradle.api.internal.classpath.ModuleRegistry                                : loaded 2 times (x 72B)
Class org.gradle.internal.installation.GradleInstallation$1                           : loaded 2 times (x 77B)
Class org.gradle.api.internal.classpath.DefaultModuleRegistry                         : loaded 2 times (x 88B)
Class org.gradle.internal.service.ServiceLookupException                              : loaded 2 times (x 84B)
Class org.gradle.internal.classloader.ClassLoaderFactory                              : loaded 2 times (x 72B)
Class org.gradle.internal.service.CachingServiceLocator                               : loaded 2 times (x 84B)
Class org.gradle.internal.classloader.ClasspathUtil                                   : loaded 2 times (x 73B)
Class org.gradle.api.specs.Spec                                                       : loaded 2 times (x 72B)
Class org.gradle.internal.classloader.VisitableURLClassLoader$InstrumentingVisitableURLClassLoader: loaded 2 times (x 124B)
Class org.gradle.internal.classloader.VisitableURLClassLoader$Spec                    : loaded 2 times (x 76B)
Class org.gradle.internal.classpath.DefaultClassPath                                  : loaded 2 times (x 92B)
Class org.gradle.internal.classloader.ClassLoaderSpec                                 : loaded 2 times (x 73B)
Class org.gradle.internal.classloader.VisitableURLClassLoader                         : loaded 2 times (x 118B)
Class org.gradle.internal.Cast                                                        : loaded 2 times (x 73B)
Class org.gradle.api.Action                                                           : loaded 2 times (x 72B)
Class org.gradle.internal.classpath.DefaultClassPath$ImmutableUniqueList$Builder      : loaded 2 times (x 77B)
Class org.gradle.api.GradleException                                                  : loaded 2 times (x 84B)
Class org.gradle.internal.IoActions                                                   : loaded 2 times (x 73B)
Class org.gradle.internal.classloader.SystemClassLoaderSpec                           : loaded 2 times (x 73B)
Class org.gradle.api.internal.classpath.GlobalCacheRootsProvider                      : loaded 2 times (x 72B)
Class org.gradle.internal.installation.CurrentGradleInstallationLocator               : loaded 2 times (x 73B)
Class org.gradle.internal.service.DefaultServiceLocator                               : loaded 2 times (x 85B)
Class org.gradle.internal.installation.CurrentGradleInstallation                      : loaded 2 times (x 75B)
Class org.gradle.util.internal.GUtil                                                  : loaded 2 times (x 73B)
Class org.gradle.internal.installation.GradleInstallation                             : loaded 2 times (x 77B)

---------------  S Y S T E M  ---------------

OS:
 Windows 11 , 64 bit Build 26100 (10.0.26100.8875)
OS uptime: 2 days 11:47 hours

CPU: total 8 (initial active 8) (4 cores per cpu, 2 threads per core) family 6 model 140 stepping 1 microcode 0xbe, cx8, cmov, fxsr, ht, mmx, 3dnowpref, sse, sse2, sse3, ssse3, sse4.1, sse4.2, popcnt, lzcnt, tsc, tscinvbit, avx, avx2, aes, erms, clmul, bmi1, bmi2, adx, avx512f, avx512dq, avx512cd, avx512bw, avx512vl, sha, fma, vzeroupper, avx512_vpopcntdq, avx512_vpclmulqdq, avx512_vaes, avx512_vnni, clflush, clflushopt, clwb, avx512_vbmi2, avx512_vbmi, rdtscp, rdpid, fsrm, gfni, avx512_bitalg, f16c, pku, cet_ibt, cet_ss, avx512_ifma
Processor Information for processor 0
  Max Mhz: 2419, Current Mhz: 2419, Mhz Limit: 2419
Processor Information for processor 1
  Max Mhz: 2419, Current Mhz: 2419, Mhz Limit: 2419
Processor Information for processor 2
  Max Mhz: 2419, Current Mhz: 2419, Mhz Limit: 2419
Processor Information for processor 3
  Max Mhz: 2419, Current Mhz: 2419, Mhz Limit: 2419
Processor Information for processor 4
  Max Mhz: 2419, Current Mhz: 2419, Mhz Limit: 2419
Processor Information for processor 5
  Max Mhz: 2419, Current Mhz: 2419, Mhz Limit: 2419
Processor Information for processor 6
  Max Mhz: 2419, Current Mhz: 1007, Mhz Limit: 2419
Processor Information for processor 7
  Max Mhz: 2419, Current Mhz: 1007, Mhz Limit: 2419

Memory: 4k page, system-wide physical 7872M (387M free)
TotalPageFile size 7872M (AvailPageFile size 19M)
current process WorkingSet (physical memory assigned to process): 296M, peak: 306M
current process commit charge ("private bytes"): 327M, peak: 348M

vm_info: OpenJDK 64-Bit Server VM (25.0.2+-15348964-b329.117) for windows-amd64 JRE (25.0.2+-15348964-b329.117), built on 2026-05-05T18:25:19Z with MS VC++ 16.10 / 16.11 (VS2019)

END.
