#
# There is insufficient memory for the Java Runtime Environment to continue.
# Native memory allocation (malloc) failed to allocate 1265496 bytes. Error detail: Chunk::new
# Possible reasons:
#   The system is out of physical RAM or swap space
#   This process is running with CompressedOops enabled, and the Java Heap may be blocking the growth of the native heap
# Possible solutions:
#   Reduce memory load on the system
#   Increase physical memory or swap space
#   Check if swap backing store is full
#   Decrease Java heap size (-Xmx/-Xms)
#   Decrease number of Java threads
#   Decrease Java thread stack sizes (-Xss)
#   Set larger code cache with -XX:ReservedCodeCacheSize=
#   JVM is running with Zero Based Compressed Oops mode in which the Java heap is
#     placed in the first 32GB address space. The Java Heap base address is the
#     maximum limit for the native heap growth. Please use -XX:HeapBaseMinAddress
#     to set the Java Heap base and to place the Java Heap above 32GB virtual address.
# This output file may be truncated or incomplete.
#
#  Out of Memory Error (arena.cpp:186), pid=3628, tid=7744
#
# JRE version: OpenJDK Runtime Environment (25.0.2) (build 25.0.2+-15348964-b329.117)
# Java VM: OpenJDK 64-Bit Server VM (25.0.2+-15348964-b329.117, mixed mode, tiered, compressed oops, compressed class ptrs, g1 gc, windows-amd64)
# No core dump will be written. Minidumps are not enabled by default on client versions of Windows
#

---------------  S U M M A R Y ------------

Command Line: --add-opens=java.base/java.lang=ALL-UNNAMED --add-opens=java.base/java.lang.invoke=ALL-UNNAMED --add-opens=java.base/java.util=ALL-UNNAMED --add-opens=java.prefs/java.util.prefs=ALL-UNNAMED --add-exports=jdk.compiler/com.sun.tools.javac.api=ALL-UNNAMED --add-exports=jdk.compiler/com.sun.tools.javac.util=ALL-UNNAMED --add-opens=java.base/java.nio.charset=ALL-UNNAMED --add-opens=java.base/java.net=ALL-UNNAMED --add-opens=java.base/java.util.concurrent=ALL-UNNAMED --add-opens=java.base/java.util.concurrent.atomic=ALL-UNNAMED --add-opens=java.xml/javax.xml.namespace=ALL-UNNAMED --add-opens=java.base/java.time=ALL-UNNAMED --enable-native-access=ALL-UNNAMED -Xmx4g -Dfile.encoding=UTF-8 -Duser.country=US -Duser.language=en -Duser.variant -javaagent:C:\Users\DELL\.gradle\wrapper\dists\gradle-9.6.1-bin\4ticwg1pgcbps2hj28r8so764\gradle-9.6.1\lib\agents\gradle-instrumentation-agent-9.6.1.jar org.gradle.launcher.daemon.bootstrap.GradleDaemon 9.6.1

Host: 11th Gen Intel(R) Core(TM) i5-1135G7 @ 2.40GHz, 8 cores, 7G,  Windows 11 , 64 bit Build 26100 (10.0.26100.8875)
Time: Mon Aug 10 13:30:51 2026 E. Africa Standard Time elapsed time: 46.344566 seconds (0d 0h 0m 46s)

---------------  T H R E A D  ---------------

Current thread (0x0000021da04d89d0):  JavaThread "C2 CompilerThread0" daemon [_thread_in_native, id=7744, stack(0x0000002cb1000000,0x0000002cb1100000) (1024K)]


Current CompileTask:
C2:46344 4471       4       java.lang.invoke.LambdaFormBuffer::indexOf (33 bytes)

Stack: [0x0000002cb1000000,0x0000002cb1100000]
Native frames: (J=compiled Java code, j=interpreted, Vv=VM code, C=native code)
V  [jvm.dll+0x7bd439]  (no source info available)
V  [jvm.dll+0x78763d]  (no source info available)
V  [jvm.dll+0xa0c885]  (no source info available)
V  [jvm.dll+0xa0ef04]  (no source info available)
V  [jvm.dll+0xa0f603]  (no source info available)
V  [jvm.dll+0x309bf6]  (no source info available)
V  [jvm.dll+0x10ea69]  (no source info available)
V  [jvm.dll+0x10ed92]  (no source info available)
V  [jvm.dll+0x1a9837]  (no source info available)
V  [jvm.dll+0x3bec92]  (no source info available)
V  [jvm.dll+0x7c2cb7]  (no source info available)
V  [jvm.dll+0x2ce046]  (no source info available)
V  [jvm.dll+0x2cd221]  (no source info available)
V  [jvm.dll+0x242ffa]  (no source info available)
V  [jvm.dll+0x2dcc05]  (no source info available)
V  [jvm.dll+0x2dae06]  (no source info available)
V  [jvm.dll+0x49b59e]  (no source info available)
V  [jvm.dll+0x9ab9c8]  (no source info available)
V  [jvm.dll+0x7bb985]  (no source info available)
C  [ucrtbase.dll+0x2cd30]  (no source info available)
C  [KERNEL32.DLL+0x2e957]  (no source info available)
C  [ntdll.dll+0xaad6c]  (no source info available)

Lock stack of current Java thread (top to bottom):


---------------  P R O C E S S  ---------------

Threads class SMR info:
_java_thread_list=0x0000021da56254d0, length=41, elements={
0x0000021d860dcab0, 0x0000021da04c5940, 0x0000021da04c96b0, 0x0000021da0500a60,
0x0000021da0501220, 0x0000021da0501de0, 0x0000021da04d5230, 0x0000021da04d59f0,
0x0000021da04d89d0, 0x0000021da04e2150, 0x0000021da096bd00, 0x0000021da5c60e60,
0x0000021da6273130, 0x0000021da61c5aa0, 0x0000021da5cccaf0, 0x0000021da728adc0,
0x0000021da720a220, 0x0000021da720a9f0, 0x0000021da7209a50, 0x0000021da7208ab0,
0x0000021da72fa7f0, 0x0000021da72fbf60, 0x0000021da72fa020, 0x0000021da7e9ce80,
0x0000021da7e9d650, 0x0000021da7e9de20, 0x0000021da7e9b710, 0x0000021da7ea1ca0,
0x0000021da7e9f590, 0x0000021da7e9fd60, 0x0000021da7ea0d00, 0x0000021da7ea0530,
0x0000021da886a800, 0x0000021da90a6180, 0x0000021da90a9060, 0x0000021da90a7120,
0x0000021da90abf40, 0x0000021da90ab770, 0x0000021da886deb0, 0x0000021da886cf10,
0x0000021da84e7c80
}

Java Threads: ( => current thread )
  0x0000021d860dcab0 JavaThread "main"                              [_thread_blocked, id=10660, stack(0x0000002cb0100000,0x0000002cb0200000) (1024K)]
  0x0000021da04c5940 JavaThread "Common-Cleaner"             daemon [_thread_blocked, id=11164, stack(0x0000002cb0900000,0x0000002cb0a00000) (1024K)]
  0x0000021da04c96b0 JavaThread "Reference Handler"          daemon [_thread_blocked, id=13396, stack(0x0000002cb0a00000,0x0000002cb0b00000) (1024K)]
  0x0000021da0500a60 JavaThread "Finalizer"                  daemon [_thread_blocked, id=11608, stack(0x0000002cb0b00000,0x0000002cb0c00000) (1024K)]
  0x0000021da0501220 JavaThread "Signal Dispatcher"          daemon [_thread_blocked, id=12564, stack(0x0000002cb0c00000,0x0000002cb0d00000) (1024K)]
  0x0000021da0501de0 JavaThread "Attach Listener"            daemon [_thread_blocked, id=11912, stack(0x0000002cb0d00000,0x0000002cb0e00000) (1024K)]
  0x0000021da04d5230 JavaThread "Service Thread"             daemon [_thread_blocked, id=12916, stack(0x0000002cb0e00000,0x0000002cb0f00000) (1024K)]
  0x0000021da04d59f0 JavaThread "Monitor Deflation Thread"   daemon [_thread_blocked, id=8108, stack(0x0000002cb0f00000,0x0000002cb1000000) (1024K)]
=>0x0000021da04d89d0 JavaThread "C2 CompilerThread0"         daemon [_thread_in_native, id=7744, stack(0x0000002cb1000000,0x0000002cb1100000) (1024K)]
  0x0000021da04e2150 JavaThread "C1 CompilerThread0"         daemon [_thread_blocked, id=9232, stack(0x0000002cb1100000,0x0000002cb1200000) (1024K)]
  0x0000021da096bd00 JavaThread "Notification Thread"        daemon [_thread_blocked, id=12200, stack(0x0000002cb1200000,0x0000002cb1300000) (1024K)]
  0x0000021da5c60e60 JavaThread "Daemon health stats"               [_thread_blocked, id=8240, stack(0x0000002cb1300000,0x0000002cb1400000) (1024K)]
  0x0000021da6273130 JavaThread "Incoming local TCP Connector on port 61546"        [_thread_in_native, id=13704, stack(0x0000002cb1b00000,0x0000002cb1c00000) (1024K)]
  0x0000021da61c5aa0 JavaThread "Daemon periodic checks"            [_thread_blocked, id=14140, stack(0x0000002cb1c00000,0x0000002cb1d00000) (1024K)]
  0x0000021da5cccaf0 JavaThread "Daemon"                            [_thread_blocked, id=1908, stack(0x0000002cb1d00000,0x0000002cb1e00000) (1024K)]
  0x0000021da728adc0 JavaThread "Handler for socket connection from /127.0.0.1:61546 to /127.0.0.1:61548"        [_thread_in_native, id=4924, stack(0x0000002cb1e00000,0x0000002cb1f00000) (1024K)]
  0x0000021da720a220 JavaThread "Cancel handler"                    [_thread_blocked, id=7356, stack(0x0000002cb2000000,0x0000002cb2100000) (1024K)]
  0x0000021da720a9f0 JavaThread "Daemon worker"                     [_thread_in_vm, id=11868, stack(0x0000002cb2100000,0x0000002cb2200000) (1024K)]
  0x0000021da7209a50 JavaThread "Asynchronous log dispatcher for DefaultDaemonConnection: socket connection from /127.0.0.1:61546 to /127.0.0.1:61548"        [_thread_blocked, id=10728, stack(0x0000002cb2200000,0x0000002cb2300000) (1024K)]
  0x0000021da7208ab0 JavaThread "Stdin handler"                     [_thread_blocked, id=13172, stack(0x0000002cb2300000,0x0000002cb2400000) (1024K)]
  0x0000021da72fa7f0 JavaThread "Daemon client event forwarder"        [_thread_blocked, id=1472, stack(0x0000002cb2400000,0x0000002cb2500000) (1024K)]
  0x0000021da72fbf60 JavaThread "Cache worker for journal cache (C:\Users\DELL\.gradle\caches\journal-1)"        [_thread_blocked, id=12516, stack(0x0000002cb2500000,0x0000002cb2600000) (1024K)]
  0x0000021da72fa020 JavaThread "File lock request listener"        [_thread_in_native, id=11248, stack(0x0000002cb2600000,0x0000002cb2700000) (1024K)]
  0x0000021da7e9ce80 JavaThread "Cache worker for file hash cache (C:\Users\DELL\.gradle\caches\9.6.1\fileHashes)"        [_thread_blocked, id=11636, stack(0x0000002cb2700000,0x0000002cb2800000) (1024K)]
  0x0000021da7e9d650 JavaThread "Cache worker for file hash cache (D:\me\XAGUSD\WIN\ls\.gradle\9.6.1\fileHashes)"        [_thread_blocked, id=4920, stack(0x0000002cb2900000,0x0000002cb2a00000) (1024K)]
  0x0000021da7e9de20 JavaThread "Cache worker for Build Output Cleanup Cache (D:\me\XAGUSD\WIN\ls\.gradle\buildOutputCleanup)"        [_thread_blocked, id=15176, stack(0x0000002cb2a00000,0x0000002cb2b00000) (1024K)]
  0x0000021da7e9b710 JavaThread "File watcher server"        daemon [_thread_in_native, id=3132, stack(0x0000002cb2b00000,0x0000002cb2c00000) (1024K)]
  0x0000021da7ea1ca0 JavaThread "File watcher consumer"      daemon [_thread_blocked, id=8988, stack(0x0000002cb2c00000,0x0000002cb2d00000) (1024K)]
  0x0000021da7e9f590 JavaThread "jar transforms"                    [_thread_blocked, id=8432, stack(0x0000002cb2d00000,0x0000002cb2e00000) (1024K)]
  0x0000021da7e9fd60 JavaThread "jar transforms Thread 2"           [_thread_blocked, id=2988, stack(0x0000002cb2e00000,0x0000002cb2f00000) (1024K)]
  0x0000021da7ea0d00 JavaThread "jar transforms Thread 3"           [_thread_blocked, id=10464, stack(0x0000002cb2f00000,0x0000002cb3000000) (1024K)]
  0x0000021da7ea0530 JavaThread "jar transforms Thread 4"           [_thread_blocked, id=12492, stack(0x0000002cb3000000,0x0000002cb3100000) (1024K)]
  0x0000021da886a800 JavaThread "jar transforms Thread 5"           [_thread_blocked, id=15148, stack(0x0000002cb3100000,0x0000002cb3200000) (1024K)]
  0x0000021da90a6180 JavaThread "jar transforms Thread 6"           [_thread_blocked, id=13040, stack(0x0000002cb3200000,0x0000002cb3300000) (1024K)]
  0x0000021da90a9060 JavaThread "jar transforms Thread 7"           [_thread_blocked, id=7560, stack(0x0000002cb3300000,0x0000002cb3400000) (1024K)]
  0x0000021da90a7120 JavaThread "jar transforms Thread 8"           [_thread_blocked, id=4272, stack(0x0000002cb3400000,0x0000002cb3500000) (1024K)]
  0x0000021da90abf40 JavaThread "Cache worker for file content cache (C:\Users\DELL\.gradle\caches\9.6.1\fileContent)"        [_thread_blocked, id=5448, stack(0x0000002cb3500000,0x0000002cb3600000) (1024K)]
  0x0000021da90ab770 JavaThread "Cache worker for checksums cache (D:\me\XAGUSD\WIN\ls\.gradle\9.6.1\checksums)"        [_thread_blocked, id=2076, stack(0x0000002cb3600000,0x0000002cb3700000) (1024K)]
  0x0000021da886deb0 JavaThread "Cache worker for cache directory md-supplier (C:\Users\DELL\.gradle\caches\9.6.1\md-supplier)"        [_thread_blocked, id=3552, stack(0x0000002cb2800000,0x0000002cb2900000) (1024K)]
  0x0000021da886cf10 JavaThread "Cache worker for cache directory md-rule (C:\Users\DELL\.gradle\caches\9.6.1\md-rule)"        [_thread_blocked, id=5096, stack(0x0000002cb3700000,0x0000002cb3800000) (1024K)]
  0x0000021da84e7c80 JavaThread "C2 CompilerThread1"         daemon [_thread_blocked, id=2188, stack(0x0000002cb3800000,0x0000002cb3900000) (1024K)]
Total: 41

Other Threads:
  0x0000021da0474510 VMThread "VM Thread"                           [id=10032, stack(0x0000002cb0800000,0x0000002cb0900000) (1024K)]
  0x0000021da044d7f0 WatcherThread "VM Periodic Task Thread"        [id=5600, stack(0x0000002cb0700000,0x0000002cb0800000) (1024K)]
  0x0000021d86146030 WorkerThread "GC Thread#0"                     [id=12628, stack(0x0000002cb0200000,0x0000002cb0300000) (1024K)]
  0x0000021da5d659a0 WorkerThread "GC Thread#1"                     [id=3656, stack(0x0000002cb1400000,0x0000002cb1500000) (1024K)]
  0x0000021da5d78790 WorkerThread "GC Thread#2"                     [id=9448, stack(0x0000002cb1500000,0x0000002cb1600000) (1024K)]
  0x0000021da5d78fd0 WorkerThread "GC Thread#3"                     [id=11140, stack(0x0000002cb1600000,0x0000002cb1700000) (1024K)]
  0x0000021da5d79800 WorkerThread "GC Thread#4"                     [id=5836, stack(0x0000002cb1700000,0x0000002cb1800000) (1024K)]
  0x0000021da5d7be50 WorkerThread "GC Thread#5"                     [id=5580, stack(0x0000002cb1800000,0x0000002cb1900000) (1024K)]
  0x0000021da5a14100 WorkerThread "GC Thread#6"                     [id=14104, stack(0x0000002cb1900000,0x0000002cb1a00000) (1024K)]
  0x0000021da5a12720 WorkerThread "GC Thread#7"                     [id=12984, stack(0x0000002cb1a00000,0x0000002cb1b00000) (1024K)]
  0x0000021d861605f0 ConcurrentGCThread "G1 Main Marker"            [id=10612, stack(0x0000002cb0300000,0x0000002cb0400000) (1024K)]
  0x0000021d86161190 WorkerThread "G1 Conc#0"                       [id=8560, stack(0x0000002cb0400000,0x0000002cb0500000) (1024K)]
  0x0000021da61840d0 WorkerThread "G1 Conc#1"                       [id=14760, stack(0x0000002cb1f00000,0x0000002cb2000000) (1024K)]
  0x0000021d8619ea00 ConcurrentGCThread "G1 Refine#0"               [id=6832, stack(0x0000002cb0500000,0x0000002cb0600000) (1024K)]
  0x0000021da0323530 ConcurrentGCThread "G1 Service"                [id=1676, stack(0x0000002cb0600000,0x0000002cb0700000) (1024K)]
Total: 15

Threads with active compile tasks:
C2 CompilerThread0  46481 4471       4       java.lang.invoke.LambdaFormBuffer::indexOf (33 bytes)
C2 CompilerThread1  46481 4516       4       jdk.internal.loader.URLClassPath$JarLoader$1::getBytes (48 bytes)
Total: 2

VM state: not at safepoint (normal execution)

VM Mutex/Monitor currently owned by a thread: None

Heap address: 0x0000000700000000, size: 4096 MB, Compressed Oops mode: Zero based, Oop shift amount: 3

CDS archive(s) not mapped
Compressed class space mapped at: 0x0000000097000000-0x00000000d7000000, reserved size: 1073741824
UseCompressedClassPointers 1, UseCompactObjectHeaders 0
Narrow klass pointer bits 32, Max shift 3
Narrow klass base: 0x0000000000000000, Narrow klass shift: 0
Encoding Range: [0x0000000000000000 - 0x0000000100000000), (4294967296 bytes)
Klass Range:    [0x0000000097000000 - 0x00000000d7000000), (1073741824 bytes)
Klass ID Range:  [2533359616 - 3607101433) (1073741817)
No protection zone.

GC Precious Log:
 CardTable entry size: 512
 Card Set container configuration: InlinePtr #cards 4 size 8 Array Of Cards #cards 16 size 48 Howl #buckets 8 coarsen threshold 3686 Howl Bitmap #cards 512 size 80 coarsen threshold 460 Card regions per heap region 1 cards per card region 4096
 CPUs: 8 total, 8 available
 Memory: 7872M
 Large Page Support: Disabled
 NUMA Support: Disabled
 Compressed Oops: Enabled (Zero based)
 Heap Region Size: 2M
 Heap Min Capacity: 8M
 Heap Initial Capacity: 124M
 Heap Max Capacity: 4G
 Pre-touch: Disabled
 Parallel Workers: 8
 Concurrent Workers: 2
 Concurrent Refinement Workers: 8
 Periodic GC: Disabled

Heap:
 garbage-first heap   total reserved 4194304K, committed 90112K, used 53075K [0x0000000700000000, 0x0000000800000000)
  region size 2048K, 2 young (4096K), 1 survivors (2048K)

Heap Regions: E=young(eden), S=young(survivor), O=old, HS=humongous(starts), HC=humongous(continues), CS=collection set, F=free, TAMS=top-at-mark-start, PB=parsable bottom
|   0|0x0000000700000000, 0x0000000700200000, 0x0000000700200000|100%|HS|  |TAMS 0x0000000700000000| PB 0x0000000700000000| Complete |  0
|   1|0x0000000700200000, 0x0000000700400000, 0x0000000700400000|100%|HC|  |TAMS 0x0000000700200000| PB 0x0000000700200000| Complete |  0
|   2|0x0000000700400000, 0x0000000700600000, 0x0000000700600000|100%| O|  |TAMS 0x0000000700400000| PB 0x0000000700400000| Untracked |  0
|   3|0x0000000700600000, 0x0000000700800000, 0x0000000700800000|100%| O|  |TAMS 0x0000000700600000| PB 0x0000000700600000| Untracked |  0
|   4|0x0000000700800000, 0x0000000700a00000, 0x0000000700a00000|100%| O|  |TAMS 0x0000000700800000| PB 0x0000000700800000| Untracked |  0
|   5|0x0000000700a00000, 0x0000000700c00000, 0x0000000700c00000|100%| O|  |TAMS 0x0000000700a00000| PB 0x0000000700a00000| Untracked |  0
|   6|0x0000000700c00000, 0x0000000700e00000, 0x0000000700e00000|100%| O|  |TAMS 0x0000000700c00000| PB 0x0000000700c00000| Untracked |  0
|   7|0x0000000700e00000, 0x0000000701000000, 0x0000000701000000|100%| O|Cm|TAMS 0x0000000700e00000| PB 0x0000000700e00000| Complete |  0
|   8|0x0000000701000000, 0x0000000701200000, 0x0000000701200000|100%| O|  |TAMS 0x0000000701000000| PB 0x0000000701000000| Untracked |  0
|   9|0x0000000701200000, 0x0000000701400000, 0x0000000701400000|100%| O|  |TAMS 0x0000000701200000| PB 0x0000000701200000| Untracked |  0
|  10|0x0000000701400000, 0x0000000701600000, 0x0000000701600000|100%| O|  |TAMS 0x0000000701400000| PB 0x0000000701400000| Untracked |  0
|  11|0x0000000701600000, 0x0000000701800000, 0x0000000701800000|100%| O|  |TAMS 0x0000000701600000| PB 0x0000000701600000| Untracked |  0
|  12|0x0000000701800000, 0x0000000701a00000, 0x0000000701a00000|100%|HS|  |TAMS 0x0000000701800000| PB 0x0000000701800000| Complete |  0
|  13|0x0000000701a00000, 0x0000000701c00000, 0x0000000701c00000|100%|HC|  |TAMS 0x0000000701a00000| PB 0x0000000701a00000| Complete |  0
|  14|0x0000000701c00000, 0x0000000701e00000, 0x0000000701e00000|100%|HC|  |TAMS 0x0000000701c00000| PB 0x0000000701c00000| Complete |  0
|  15|0x0000000701e00000, 0x0000000702000000, 0x0000000702000000|100%| O|  |TAMS 0x0000000701e00000| PB 0x0000000701e00000| Untracked |  0
|  16|0x0000000702000000, 0x0000000702200000, 0x0000000702200000|100%| O|  |TAMS 0x0000000702000000| PB 0x0000000702000000| Untracked |  0
|  17|0x0000000702200000, 0x0000000702200000, 0x0000000702400000|  0%| F|  |TAMS 0x0000000702200000| PB 0x0000000702200000| Untracked |  0
|  18|0x0000000702400000, 0x0000000702400000, 0x0000000702600000|  0%| F|  |TAMS 0x0000000702400000| PB 0x0000000702400000| Untracked |  0
|  19|0x0000000702600000, 0x0000000702800000, 0x0000000702800000|100%|HS|  |TAMS 0x0000000702600000| PB 0x0000000702600000| Complete |  0
|  20|0x0000000702800000, 0x0000000702a00000, 0x0000000702a00000|100%|HC|  |TAMS 0x0000000702800000| PB 0x0000000702800000| Complete |  0
|  21|0x0000000702a00000, 0x0000000702c00000, 0x0000000702c00000|100%|HC|  |TAMS 0x0000000702a00000| PB 0x0000000702a00000| Complete |  0
|  22|0x0000000702c00000, 0x0000000702e00000, 0x0000000702e00000|100%| O|  |TAMS 0x0000000702c00000| PB 0x0000000702c00000| Untracked |  0
|  23|0x0000000702e00000, 0x0000000703000000, 0x0000000703000000|100%| O|  |TAMS 0x0000000702e00000| PB 0x0000000702e00000| Untracked |  0
|  24|0x0000000703000000, 0x0000000703000000, 0x0000000703200000|  0%| F|  |TAMS 0x0000000703000000| PB 0x0000000703000000| Untracked |  0
|  25|0x0000000703200000, 0x0000000703200000, 0x0000000703400000|  0%| F|  |TAMS 0x0000000703200000| PB 0x0000000703200000| Untracked |  0
|  26|0x0000000703400000, 0x0000000703400000, 0x0000000703600000|  0%| F|  |TAMS 0x0000000703400000| PB 0x0000000703400000| Untracked |  0
|  27|0x0000000703600000, 0x0000000703600000, 0x0000000703800000|  0%| F|  |TAMS 0x0000000703600000| PB 0x0000000703600000| Untracked |  0
|  28|0x0000000703800000, 0x0000000703800000, 0x0000000703a00000|  0%| F|  |TAMS 0x0000000703800000| PB 0x0000000703800000| Untracked |  0
|  29|0x0000000703a00000, 0x0000000703a00000, 0x0000000703c00000|  0%| F|  |TAMS 0x0000000703a00000| PB 0x0000000703a00000| Untracked |  0
|  30|0x0000000703c00000, 0x0000000703dd4e48, 0x0000000703e00000| 91%| S|CS|TAMS 0x0000000703c00000| PB 0x0000000703c00000| Complete |  0
|  31|0x0000000703e00000, 0x0000000703e00000, 0x0000000704000000|  0%| F|  |TAMS 0x0000000703e00000| PB 0x0000000703e00000| Untracked |  0
|  32|0x0000000704000000, 0x0000000704000000, 0x0000000704200000|  0%| F|  |TAMS 0x0000000704000000| PB 0x0000000704000000| Untracked |  0
|  33|0x0000000704200000, 0x0000000704200000, 0x0000000704400000|  0%| F|  |TAMS 0x0000000704200000| PB 0x0000000704200000| Untracked |  0
|  34|0x0000000704400000, 0x0000000704400000, 0x0000000704600000|  0%| F|  |TAMS 0x0000000704400000| PB 0x0000000704400000| Untracked |  0
|  35|0x0000000704600000, 0x0000000704600000, 0x0000000704800000|  0%| F|  |TAMS 0x0000000704600000| PB 0x0000000704600000| Untracked |  0
|  36|0x0000000704800000, 0x0000000704800000, 0x0000000704a00000|  0%| F|  |TAMS 0x0000000704800000| PB 0x0000000704800000| Untracked |  0
|  37|0x0000000704a00000, 0x0000000704a00000, 0x0000000704c00000|  0%| F|  |TAMS 0x0000000704a00000| PB 0x0000000704a00000| Untracked |  0
|  38|0x0000000704c00000, 0x0000000704c00000, 0x0000000704e00000|  0%| F|  |TAMS 0x0000000704c00000| PB 0x0000000704c00000| Untracked |  0
|  54|0x0000000706c00000, 0x0000000706c61b20, 0x0000000706e00000| 19%| E|  |TAMS 0x0000000706c00000| PB 0x0000000706c00000| Complete |  0
|  61|0x0000000707a00000, 0x0000000707c00000, 0x0000000707c00000|100%| E|CS|TAMS 0x0000000707a00000| PB 0x0000000707a00000| Complete |  0
|2045|0x00000007ffa00000, 0x00000007ffc00000, 0x00000007ffc00000|100%| O|  |TAMS 0x00000007ffa00000| PB 0x00000007ffa00000| Untracked |  0
|2046|0x00000007ffc00000, 0x00000007ffe00000, 0x00000007ffe00000|100%| O|  |TAMS 0x00000007ffc00000| PB 0x00000007ffc00000| Untracked |  0
|2047|0x00000007ffe00000, 0x0000000800000000, 0x0000000800000000|100%| O|  |TAMS 0x00000007ffe00000| PB 0x00000007ffe00000| Untracked |  0

Card table byte_map: [0x0000021d99210000,0x0000021d99a10000] _byte_map_base: 0x0000021d95a10000

Marking Bits: (CMBitMap*) 0x0000021d861467c0
 Bits: [0x0000021d99a10000, 0x0000021d9da10000)

Polling page: 0x0000021d858a0000

Metaspace:
Metaspace        used 45572K, committed 46848K, reserved 1114112K
 class space     used 6691K, committed 7296K, reserved 1048576K

Usage:
  Non-class:     37.97 MB used.
      Class:      6.53 MB used.
       Both:     44.50 MB used.

Virtual space:
  Non-class space:       64.00 MB reserved,      38.62 MB ( 60%) committed,  1 nodes.
      Class space:        1.00 GB reserved,       7.12 MB ( <1%) committed,  1 nodes.
             Both:        1.06 GB reserved,      45.75 MB (  4%) committed. 

Chunk freelists:
   Non-Class:  9.27 MB
       Class:  8.91 MB
        Both:  18.17 MB

MaxMetaspaceSize: unlimited
CompressedClassSpaceSize: 1.00 GB
Initial GC threshold: 21.00 MB
Current GC threshold: 72.62 MB
CDS: off
 - commit_granule_bytes: 65536.
 - commit_granule_words: 8192.
 - virtual_space_node_default_size: 8388608.
 - enlarge_chunks_in_place: 1.
UseCompressedClassPointers 1, UseCompactObjectHeaders 0
Narrow klass pointer bits 32, Max shift 3
Narrow klass base: 0x0000000000000000, Narrow klass shift: 0
Encoding Range: [0x0000000000000000 - 0x0000000100000000), (4294967296 bytes)
Klass Range:    [0x0000000097000000 - 0x00000000d7000000), (1073741824 bytes)
Klass ID Range:  [2533359616 - 3607101433) (1073741817)
No protection zone.


Internal statistics:

num_allocs_failed_limit: 6.
num_arena_births: 2326.
num_arena_deaths: 0.
num_vsnodes_births: 2.
num_vsnodes_deaths: 0.
num_space_committed: 732.
num_space_uncommitted: 0.
num_chunks_returned_to_freelist: 6.
num_chunks_taken_from_freelist: 4000.
num_chunk_merges: 6.
num_chunk_splits: 2589.
num_chunks_enlarged: 1583.
num_inconsistent_stats: 0.

CodeHeap 'non-profiled nmethods': size=120064Kb used=1821Kb max_used=1821Kb free=118242Kb
 bounds [0x0000021d91090000, 0x0000021d91300000, 0x0000021d985d0000]
CodeHeap 'profiled nmethods': size=120000Kb used=5783Kb max_used=5982Kb free=114216Kb
 bounds [0x0000021d895d0000, 0x0000021d89bb0000, 0x0000021d90b00000]
CodeHeap 'non-nmethods': size=5696Kb used=1666Kb max_used=1834Kb free=4029Kb
 bounds [0x0000021d90b00000, 0x0000021d90d70000, 0x0000021d91090000]
CodeCache: size=245760Kb, used=9270Kb, max_used=9637Kb, free=236487Kb
 total_blobs=4590, nmethods=3940, adapters=552, full_count=0
Compilation: enabled, stopped_count=0, restarted_count=0

Compilation events (20 events):
Event: 45.295 Thread 0x0000021da04e2150 4468       3       java.lang.invoke.LambdaFormBuffer::replaceFunctions (121 bytes)
Event: 45.296 Thread 0x0000021da04e2150 nmethod 4468 0x0000021d8976e808 code [0x0000021d8976e900, 0x0000021d8976f008]
Event: 45.298 Thread 0x0000021da04d89d0 nmethod 4467 0x0000021d91177708 code [0x0000021d91177800, 0x0000021d91177ea8]
Event: 45.298 Thread 0x0000021da04d89d0 4469       4       java.lang.invoke.LambdaForm$Name::<init> (20 bytes)
Event: 45.308 Thread 0x0000021da04d89d0 nmethod 4469 0x0000021d91252088 code [0x0000021d91252180, 0x0000021d91252a80]
Event: 45.308 Thread 0x0000021da04d89d0 4471       4       java.lang.invoke.LambdaFormBuffer::indexOf (33 bytes)
Event: 45.309 Thread 0x0000021da04e2150 4476       3       jdk.internal.classfile.impl.DirectCodeBuilder::invokevirtual (22 bytes)
Event: 45.309 Thread 0x0000021da04e2150 nmethod 4476 0x0000021d896cd408 code [0x0000021d896cd500, 0x0000021d896cd9b0]
Event: 45.310 Thread 0x0000021da04e2150 4478       3       java.lang.invoke.DirectMethodHandle::ftypeKind (39 bytes)
Event: 45.311 Thread 0x0000021da04e2150 nmethod 4478 0x0000021d89852f88 code [0x0000021d89853080, 0x0000021d898535d8]
Event: 45.315 Thread 0x0000021da04e2150 4482       3       java.lang.invoke.ClassSpecializer::methodDesc (45 bytes)
Event: 45.316 Thread 0x0000021da04e2150 nmethod 4482 0x0000021d89711f88 code [0x0000021d89712080, 0x0000021d89712b38]
Event: 45.318 Thread 0x0000021da04e2150 4486       3       jdk.internal.reflect.Reflection::verifyMemberAccess (200 bytes)
Event: 45.323 Thread 0x0000021da04e2150 nmethod 4486 0x0000021d8970de08 code [0x0000021d8970df00, 0x0000021d8970fd90]
Event: 45.323 Thread 0x0000021da04e2150 4487       3       jdk.internal.reflect.Reflection::verifyModuleAccess (24 bytes)
Event: 45.325 Thread 0x0000021da04e2150 nmethod 4487 0x0000021d898e8488 code [0x0000021d898e8580, 0x0000021d898e8bd0]
Event: 45.982 Thread 0x0000021da04e2150 4488       3       javax.management.ObjectName::addProperty (80 bytes)
Event: 45.983 Thread 0x0000021da04e2150 nmethod 4488 0x0000021d8998e088 code [0x0000021d8998e180, 0x0000021d8998e8c0]
Event: 45.983 Thread 0x0000021da04e2150 4489       3       java.util.stream.AbstractPipeline::sourceStageSpliterator (94 bytes)
Event: 45.984 Thread 0x0000021da04e2150 nmethod 4489 0x0000021d896d3688 code [0x0000021d896d3780, 0x0000021d896d3de8]

GC Heap Usage History (18 events):
Event: 14.531 {heap Before GC invocations=0 (full 0):
 garbage-first heap   total reserved 4194304K, committed 126976K, used 51200K [0x0000000700000000, 0x0000000800000000)
  region size 2048K, 24 young (49152K), 0 survivors (0K)
}
Event: 14.548 {heap After GC invocations=1 (full 0):
 garbage-first heap   total reserved 4194304K, committed 126976K, used 12288K [0x0000000700000000, 0x0000000800000000)
  region size 2048K, 3 young (6144K), 3 survivors (6144K)
}
Event: 26.442 {heap Before GC invocations=1 (full 0):
 garbage-first heap   total reserved 4194304K, committed 126976K, used 61440K [0x0000000700000000, 0x0000000800000000)
  region size 2048K, 27 young (55296K), 3 survivors (6144K)
}
Event: 26.466 {heap After GC invocations=2 (full 0):
 garbage-first heap   total reserved 4194304K, committed 126976K, used 20042K [0x0000000700000000, 0x0000000800000000)
  region size 2048K, 4 young (8192K), 4 survivors (8192K)
}
Event: 29.238 {heap Before GC invocations=2 (full 0):
 garbage-first heap   total reserved 4194304K, committed 126976K, used 32330K [0x0000000700000000, 0x0000000800000000)
  region size 2048K, 11 young (22528K), 4 survivors (8192K)
}
Event: 29.252 {heap After GC invocations=3 (full 0):
 garbage-first heap   total reserved 4194304K, committed 126976K, used 22073K [0x0000000700000000, 0x0000000800000000)
  region size 2048K, 1 young (2048K), 1 survivors (2048K)
}
Event: 36.878 {heap Before GC invocations=4 (full 0):
 garbage-first heap   total reserved 4194304K, committed 75776K, used 65081K [0x0000000700000000, 0x0000000800000000)
  region size 2048K, 22 young (45056K), 1 survivors (2048K)
}
Event: 36.894 {heap After GC invocations=5 (full 0):
 garbage-first heap   total reserved 4194304K, committed 75776K, used 24241K [0x0000000700000000, 0x0000000800000000)
  region size 2048K, 2 young (4096K), 2 survivors (4096K)
}
Event: 40.815 {heap Before GC invocations=5 (full 0):
 garbage-first heap   total reserved 4194304K, committed 75776K, used 57009K [0x0000000700000000, 0x0000000800000000)
  region size 2048K, 18 young (36864K), 2 survivors (4096K)
}
Event: 40.829 {heap After GC invocations=6 (full 0):
 garbage-first heap   total reserved 4194304K, committed 75776K, used 26018K [0x0000000700000000, 0x0000000800000000)
  region size 2048K, 3 young (6144K), 3 survivors (6144K)
}
Event: 41.483 {heap Before GC invocations=6 (full 0):
 garbage-first heap   total reserved 4194304K, committed 75776K, used 44450K [0x0000000700000000, 0x0000000800000000)
  region size 2048K, 13 young (26624K), 3 survivors (6144K)
}
Event: 41.493 {heap After GC invocations=7 (full 0):
 garbage-first heap   total reserved 4194304K, committed 75776K, used 27248K [0x0000000700000000, 0x0000000800000000)
  region size 2048K, 2 young (4096K), 2 survivors (4096K)
}
Event: 42.605 {heap Before GC invocations=8 (full 0):
 garbage-first heap   total reserved 4194304K, committed 75776K, used 64112K [0x0000000700000000, 0x0000000800000000)
  region size 2048K, 18 young (36864K), 2 survivors (4096K)
}
Event: 42.615 {heap After GC invocations=9 (full 0):
 garbage-first heap   total reserved 4194304K, committed 77824K, used 39923K [0x0000000700000000, 0x0000000800000000)
  region size 2048K, 3 young (6144K), 3 survivors (6144K)
}
Event: 43.930 {heap Before GC invocations=9 (full 0):
 garbage-first heap   total reserved 4194304K, committed 77824K, used 68595K [0x0000000700000000, 0x0000000800000000)
  region size 2048K, 15 young (30720K), 3 survivors (6144K)
}
Event: 43.939 {heap After GC invocations=10 (full 0):
 garbage-first heap   total reserved 4194304K, committed 83968K, used 51148K [0x0000000700000000, 0x0000000800000000)
  region size 2048K, 2 young (4096K), 2 survivors (4096K)
}
Event: 44.792 {heap Before GC invocations=10 (full 0):
 garbage-first heap   total reserved 4194304K, committed 83968K, used 71628K [0x0000000700000000, 0x0000000800000000)
  region size 2048K, 12 young (24576K), 2 survivors (4096K)
}
Event: 44.798 {heap After GC invocations=11 (full 0):
 garbage-first heap   total reserved 4194304K, committed 83968K, used 52164K [0x0000000700000000, 0x0000000800000000)
  region size 2048K, 1 young (2048K), 1 survivors (2048K)
}

Metaspace Usage History (18 events):
Event: 14.531 {metaspace Before GC invocations=0 (full 0):
 Metaspace       used 13218K, committed 13312K, reserved 1114112K
  class space    used 1502K, committed 1536K, reserved 1048576K
}
Event: 14.548 {metaspace After GC invocations=1 (full 0):
 Metaspace       used 13218K, committed 13312K, reserved 1114112K
  class space    used 1502K, committed 1536K, reserved 1048576K
}
Event: 26.442 {metaspace Before GC invocations=1 (full 0):
 Metaspace       used 17022K, committed 17344K, reserved 1114112K
  class space    used 2041K, committed 2176K, reserved 1048576K
}
Event: 26.466 {metaspace After GC invocations=2 (full 0):
 Metaspace       used 17022K, committed 17344K, reserved 1114112K
  class space    used 2041K, committed 2176K, reserved 1048576K
}
Event: 29.238 {metaspace Before GC invocations=2 (full 0):
 Metaspace       used 21225K, committed 21504K, reserved 1114112K
  class space    used 2565K, committed 2688K, reserved 1048576K
}
Event: 29.252 {metaspace After GC invocations=3 (full 0):
 Metaspace       used 21225K, committed 21504K, reserved 1114112K
  class space    used 2565K, committed 2688K, reserved 1048576K
}
Event: 36.878 {metaspace Before GC invocations=4 (full 0):
 Metaspace       used 28581K, committed 29056K, reserved 1114112K
  class space    used 3745K, committed 3968K, reserved 1048576K
}
Event: 36.894 {metaspace After GC invocations=5 (full 0):
 Metaspace       used 28581K, committed 29056K, reserved 1114112K
  class space    used 3745K, committed 3968K, reserved 1048576K
}
Event: 40.815 {metaspace Before GC invocations=5 (full 0):
 Metaspace       used 32902K, committed 33536K, reserved 1114112K
  class space    used 4559K, committed 4864K, reserved 1048576K
}
Event: 40.829 {metaspace After GC invocations=6 (full 0):
 Metaspace       used 32902K, committed 33536K, reserved 1114112K
  class space    used 4559K, committed 4864K, reserved 1048576K
}
Event: 41.483 {metaspace Before GC invocations=6 (full 0):
 Metaspace       used 35234K, committed 35968K, reserved 1114112K
  class space    used 4952K, committed 5312K, reserved 1048576K
}
Event: 41.494 {metaspace After GC invocations=7 (full 0):
 Metaspace       used 35234K, committed 35968K, reserved 1114112K
  class space    used 4952K, committed 5312K, reserved 1048576K
}
Event: 42.605 {metaspace Before GC invocations=8 (full 0):
 Metaspace       used 38176K, committed 39104K, reserved 1114112K
  class space    used 5516K, committed 5952K, reserved 1048576K
}
Event: 42.615 {metaspace After GC invocations=9 (full 0):
 Metaspace       used 38176K, committed 39104K, reserved 1114112K
  class space    used 5516K, committed 5952K, reserved 1048576K
}
Event: 43.930 {metaspace Before GC invocations=9 (full 0):
 Metaspace       used 41282K, committed 42240K, reserved 1114112K
  class space    used 5872K, committed 6336K, reserved 1048576K
}
Event: 43.939 {metaspace After GC invocations=10 (full 0):
 Metaspace       used 41282K, committed 42240K, reserved 1114112K
  class space    used 5872K, committed 6336K, reserved 1048576K
}
Event: 44.792 {metaspace Before GC invocations=10 (full 0):
 Metaspace       used 43505K, committed 44608K, reserved 1114112K
  class space    used 6291K, committed 6784K, reserved 1048576K
}
Event: 44.798 {metaspace After GC invocations=11 (full 0):
 Metaspace       used 43505K, committed 44608K, reserved 1114112K
  class space    used 6291K, committed 6784K, reserved 1048576K
}

Dll operation events (3 events):
Event: 0.063 Loaded shared library C:\Program Files\Android\Android Studio\jbr\bin\java.dll
Event: 0.108 Loaded shared library C:\Program Files\Android\Android Studio\jbr\bin\zip.dll
Event: 10.461 Loaded shared library C:\Program Files\Android\Android Studio\jbr\bin\verify.dll

Deoptimization events (20 events):
Event: 44.175 Thread 0x0000021da720a9f0 DEOPT PACKING pc=0x0000021d9123d688 sp=0x0000002cb21f65d0
Event: 44.175 Thread 0x0000021da720a9f0 DEOPT UNPACKING pc=0x0000021d90c27402 sp=0x0000002cb21f6550 mode 2
Event: 44.185 Thread 0x0000021da720a9f0 Uncommon trap: trap_request=0xffffffbe fr.pc=0x0000021d9123d688 relative=0x0000000000000908
Event: 44.185 Thread 0x0000021da720a9f0 Uncommon trap: reason=profile_predicate action=maybe_recompile pc=0x0000021d9123d688 method=java.lang.invoke.InvokerBytecodeGenerator.<init>(Ljava/lang/String;Ljava/lang/String;Ljava/lang/invoke/LambdaForm;Ljava/lang/invoke/MethodType;)V @ 33 c2
Event: 44.185 Thread 0x0000021da720a9f0 DEOPT PACKING pc=0x0000021d9123d688 sp=0x0000002cb21f78b0
Event: 44.185 Thread 0x0000021da720a9f0 DEOPT UNPACKING pc=0x0000021d90c27402 sp=0x0000002cb21f7830 mode 2
Event: 44.186 Thread 0x0000021da720a9f0 Uncommon trap: trap_request=0xffffffbe fr.pc=0x0000021d9123d688 relative=0x0000000000000908
Event: 44.186 Thread 0x0000021da720a9f0 Uncommon trap: reason=profile_predicate action=maybe_recompile pc=0x0000021d9123d688 method=java.lang.invoke.InvokerBytecodeGenerator.<init>(Ljava/lang/String;Ljava/lang/String;Ljava/lang/invoke/LambdaForm;Ljava/lang/invoke/MethodType;)V @ 33 c2
Event: 44.186 Thread 0x0000021da720a9f0 DEOPT PACKING pc=0x0000021d9123d688 sp=0x0000002cb21f78b0
Event: 44.186 Thread 0x0000021da720a9f0 DEOPT UNPACKING pc=0x0000021d90c27402 sp=0x0000002cb21f7830 mode 2
Event: 44.187 Thread 0x0000021da720a9f0 Uncommon trap: trap_request=0xffffffbe fr.pc=0x0000021d9123d688 relative=0x0000000000000908
Event: 44.187 Thread 0x0000021da720a9f0 Uncommon trap: reason=profile_predicate action=maybe_recompile pc=0x0000021d9123d688 method=java.lang.invoke.InvokerBytecodeGenerator.<init>(Ljava/lang/String;Ljava/lang/String;Ljava/lang/invoke/LambdaForm;Ljava/lang/invoke/MethodType;)V @ 33 c2
Event: 44.187 Thread 0x0000021da720a9f0 DEOPT PACKING pc=0x0000021d9123d688 sp=0x0000002cb21f77b0
Event: 44.187 Thread 0x0000021da720a9f0 DEOPT UNPACKING pc=0x0000021d90c27402 sp=0x0000002cb21f7730 mode 2
Event: 44.346 Thread 0x0000021da720a9f0 Uncommon trap: trap_request=0xffffff45 fr.pc=0x0000021d911602e8 relative=0x00000000000002e8
Event: 44.346 Thread 0x0000021da720a9f0 Uncommon trap: reason=unstable_if action=reinterpret pc=0x0000021d911602e8 method=java.util.HashMap.hash(Ljava/lang/Object;)I @ 1 c2
Event: 44.346 Thread 0x0000021da720a9f0 DEOPT PACKING pc=0x0000021d911602e8 sp=0x0000002cb21f7220
Event: 44.346 Thread 0x0000021da720a9f0 DEOPT UNPACKING pc=0x0000021d90c27402 sp=0x0000002cb21f70b8 mode 2
Event: 45.295 Thread 0x0000021da720a9f0 DEOPT PACKING pc=0x0000021d89ad4a65 sp=0x0000002cb21f7cb0
Event: 45.295 Thread 0x0000021da720a9f0 DEOPT UNPACKING pc=0x0000021d90b512a2 sp=0x0000002cb21f7120 mode 0

Classes loaded (20 events):
Event: 44.386 Loading class java/lang/SafeVarargs
Event: 44.386 Loading class java/lang/SafeVarargs done
Event: 44.662 Loading class java/util/regex/Pattern$GroupCurly
Event: 44.662 Loading class java/util/regex/Pattern$GroupCurly done
Event: 44.670 Loading class java/util/TreeSet
Event: 44.671 Loading class java/util/TreeSet done
Event: 44.672 Loading class java/util/TreeMap$KeyIterator
Event: 44.673 Loading class java/util/TreeMap$KeyIterator done
Event: 44.778 Loading class jdk/internal/reflect/MethodHandleIntegerFieldAccessorImpl
Event: 44.778 Loading class jdk/internal/reflect/MethodHandleIntegerFieldAccessorImpl done
Event: 45.298 Loading class java/lang/invoke/BoundMethodHandle$Species_LLLLLLLLLLLLLLLLLLLLLLLLLLL
Event: 45.298 Loading class java/lang/invoke/BoundMethodHandle$Species_LLLLLLLLLLLLLLLLLLLLLLLLLLL done
Event: 45.304 Loading class java/lang/invoke/BoundMethodHandle$Species_LLLLLLLLLLLLLLLLLLLLLLLLLLLL
Event: 45.304 Loading class java/lang/invoke/BoundMethodHandle$Species_LLLLLLLLLLLLLLLLLLLLLLLLLLLL done
Event: 45.308 Loading class java/lang/invoke/BoundMethodHandle$Species_LLLLLLLLLLLLLLLLLLLLLLLLLLLLL
Event: 45.308 Loading class java/lang/invoke/BoundMethodHandle$Species_LLLLLLLLLLLLLLLLLLLLLLLLLLLLL done
Event: 45.311 Loading class java/lang/invoke/BoundMethodHandle$Species_LLLLLLLLLLLLLLLLLLLLLLLLLLLLLL
Event: 45.311 Loading class java/lang/invoke/BoundMethodHandle$Species_LLLLLLLLLLLLLLLLLLLLLLLLLLLLLL done
Event: 45.314 Loading class java/lang/invoke/BoundMethodHandle$Species_LLLLLLLLLLLLLLLLLLLLLLLLLLLLLLL
Event: 45.314 Loading class java/lang/invoke/BoundMethodHandle$Species_LLLLLLLLLLLLLLLLLLLLLLLLLLLLLLL done

Classes unloaded (0 events):
No events

Classes redefined (0 events):
No events

Internal exceptions (20 events):
Event: 44.221 Thread 0x0000021da720a9f0 Exception <a 'sun/nio/fs/WindowsException'{0x000000070413fe60}> (0x000000070413fe60) 
thrown [s\src\hotspot\share\prims\jni.cpp, line 535]
Event: 44.222 Thread 0x0000021da720a9f0 Exception <a 'sun/nio/fs/WindowsException'{0x0000000704141b30}> (0x0000000704141b30) 
thrown [s\src\hotspot\share\prims\jni.cpp, line 535]
Event: 44.256 Thread 0x0000021da720a9f0 Exception <a 'java/lang/NoSuchMethodError'{0x0000000703e3e180}: 'java.lang.Object java.lang.invoke.DirectMethodHandle$Holder.invokeVirtual(java.lang.Object, java.lang.Object, java.lang.Object, java.lang.Object, java.lang.Object, java.lang.Object, java.lang.Object, java.lang.Object, java.lang.Object, java.lang.Object, java.lang.Object, java.lang.Object, java.lang.Object, java.lang.Object, java.lang.Object, java.lang.Object, java.lang.Object, java.lang.Object, java.lang.Object, java.lang.Object, java.lang.Ob
Event: 44.257 Thread 0x0000021da720a9f0 Exception <a 'java/lang/NoSuchMethodError'{0x0000000703e499c8}: 'java.lang.Object java.lang.invoke.DirectMethodHandle$Holder.invokeSpecial(java.lang.Object, java.lang.Object, java.lang.Object, java.lang.Object, java.lang.Object, java.lang.Object, java.lang.Object, java.lang.Object, java.lang.Object, java.lang.Object, java.lang.Object, java.lang.Object, java.lang.Object, java.lang.Object, java.lang.Object, java.lang.Object, java.lang.Object, java.lang.Object, java.lang.Object, java.lang.Object, java.lang.Ob
Event: 44.257 Thread 0x0000021da720a9f0 Exception <a 'java/lang/NoSuchMethodError'{0x0000000703e54400}: 'java.lang.Object java.lang.invoke.DelegatingMethodHandle$Holder.reinvoke_L(java.lang.Object, java.lang.Object, java.lang.Object, java.lang.Object, java.lang.Object, java.lang.Object, java.lang.Object, java.lang.Object, java.lang.Object, java.lang.Object, java.lang.Object, java.lang.Object, java.lang.Object, java.lang.Object, java.lang.Object, java.lang.Object, java.lang.Object, java.lang.Object, java.lang.Object, java.lang.Object, java.lang.O
Event: 44.346 Thread 0x0000021da720a9f0 Implicit null exception at 0x0000021d9116004d to 0x0000021d911602d0
Event: 44.768 Thread 0x0000021da720a9f0 Exception <a 'java/lang/NoSuchMethodError'{0x000000070374a858}: 'java.lang.Object java.lang.invoke.DirectMethodHandle$Holder.newInvokeSpecial(java.lang.Object, java.lang.Object, int, int)'> (0x000000070374a858) 
thrown [s\src\hotspot\share\interpreter\linkResolver.cpp, line 815]
Event: 44.779 Thread 0x0000021da720a9f0 Exception <a 'java/lang/NoSuchMethodError'{0x00000007037a7d40}: 'void java.lang.invoke.DirectMethodHandle$Holder.invokeSpecial(java.lang.Object, java.lang.Object, int)'> (0x00000007037a7d40) 
thrown [s\src\hotspot\share\interpreter\linkResolver.cpp, line 815]
Event: 44.779 Thread 0x0000021da720a9f0 Exception <a 'java/lang/NoSuchMethodError'{0x00000007037b0f08}: 'void java.lang.invoke.Invokers$Holder.invokeExact_MT(java.lang.Object, int, java.lang.Object)'> (0x00000007037b0f08) 
thrown [s\src\hotspot\share\interpreter\linkResolver.cpp, line 815]
Event: 44.966 Thread 0x0000021da720a9f0 Exception <a 'java/lang/NoSuchMethodError'{0x0000000706c9b5e0}: 'java.lang.Object java.lang.invoke.DirectMethodHandle$Holder.newInvokeSpecial(java.lang.Object, java.lang.Object, java.lang.Object, java.lang.Object, java.lang.Object, java.lang.Object, java.lang.Object, java.lang.Object, java.lang.Object, java.lang.Object, java.lang.Object)'> (0x0000000706c9b5e0) 
thrown [s\src\hotspot\share\interpreter\linkResolver.cpp, line 815]
Event: 44.996 Thread 0x0000021da720a9f0 Exception <a 'sun/nio/fs/WindowsException'{0x0000000704c6bcf8}> (0x0000000704c6bcf8) 
thrown [s\src\hotspot\share\prims\jni.cpp, line 535]
Event: 45.040 Thread 0x0000021da720a9f0 Exception <a 'java/lang/NoSuchMethodError'{0x0000000704dc6e38}: 'java.lang.Object java.lang.invoke.Invokers$Holder.linkToTargetMethod(java.lang.Object, java.lang.Object, java.lang.Object, java.lang.Object, java.lang.Object, java.lang.Object, java.lang.Object, java.lang.Object, java.lang.Object, java.lang.Object, java.lang.Object, java.lang.Object)'> (0x0000000704dc6e38) 
thrown [s\src\hotspot\share\interpreter\linkResolver.cpp, line 815]
Event: 45.065 Thread 0x0000021da720a9f0 Exception <a 'sun/nio/fs/WindowsException'{0x0000000704a9c668}> (0x0000000704a9c668) 
thrown [s\src\hotspot\share\prims\jni.cpp, line 535]
Event: 45.215 Thread 0x0000021da720a9f0 Exception <a 'sun/nio/fs/WindowsException'{0x00000007047c9e50}> (0x00000007047c9e50) 
thrown [s\src\hotspot\share\prims\jni.cpp, line 535]
Event: 45.281 Thread 0x0000021da720a9f0 Exception <a 'java/lang/NoSuchMethodError'{0x00000007045f7710}: 'java.lang.Object java.lang.invoke.DelegatingMethodHandle$Holder.reinvoke_L(java.lang.Object, java.lang.Object, java.lang.Object, java.lang.Object, java.lang.Object, java.lang.Object, java.lang.Object, java.lang.Object, java.lang.Object, java.lang.Object, java.lang.Object, java.lang.Object, java.lang.Object, java.lang.Object, java.lang.Object, java.lang.Object, java.lang.Object, java.lang.Object, java.lang.Object, java.lang.Object, java.lang.O
Event: 45.301 Thread 0x0000021da720a9f0 Exception <a 'java/lang/NoSuchMethodError'{0x000000070439d108}: 'java.lang.Object java.lang.invoke.DirectMethodHandle$Holder.invokeStatic(java.lang.Object, java.lang.Object, java.lang.Object, java.lang.Object, java.lang.Object, java.lang.Object, java.lang.Object, java.lang.Object, java.lang.Object, java.lang.Object, java.lang.Object, java.lang.Object, java.lang.Object, java.lang.Object, java.lang.Object, java.lang.Object, java.lang.Object, java.lang.Object, java.lang.Object, java.lang.Object, java.lang.Obj
Event: 45.306 Thread 0x0000021da720a9f0 Exception <a 'java/lang/NoSuchMethodError'{0x00000007043de940}: 'java.lang.Object java.lang.invoke.DirectMethodHandle$Holder.invokeStatic(java.lang.Object, java.lang.Object, java.lang.Object, java.lang.Object, java.lang.Object, java.lang.Object, java.lang.Object, java.lang.Object, java.lang.Object, java.lang.Object, java.lang.Object, java.lang.Object, java.lang.Object, java.lang.Object, java.lang.Object, java.lang.Object, java.lang.Object, java.lang.Object, java.lang.Object, java.lang.Object, java.lang.Obj
Event: 45.310 Thread 0x0000021da720a9f0 Exception <a 'java/lang/NoSuchMethodError'{0x0000000704021900}: 'java.lang.Object java.lang.invoke.DirectMethodHandle$Holder.invokeStatic(java.lang.Object, java.lang.Object, java.lang.Object, java.lang.Object, java.lang.Object, java.lang.Object, java.lang.Object, java.lang.Object, java.lang.Object, java.lang.Object, java.lang.Object, java.lang.Object, java.lang.Object, java.lang.Object, java.lang.Object, java.lang.Object, java.lang.Object, java.lang.Object, java.lang.Object, java.lang.Object, java.lang.Obj
Event: 45.313 Thread 0x0000021da720a9f0 Exception <a 'java/lang/NoSuchMethodError'{0x0000000704065060}: 'java.lang.Object java.lang.invoke.DirectMethodHandle$Holder.invokeStatic(java.lang.Object, java.lang.Object, java.lang.Object, java.lang.Object, java.lang.Object, java.lang.Object, java.lang.Object, java.lang.Object, java.lang.Object, java.lang.Object, java.lang.Object, java.lang.Object, java.lang.Object, java.lang.Object, java.lang.Object, java.lang.Object, java.lang.Object, java.lang.Object, java.lang.Object, java.lang.Object, java.lang.Obj
Event: 45.315 Thread 0x0000021da720a9f0 Exception <a 'java/lang/NoSuchMethodError'{0x00000007040a9960}: 'java.lang.Object java.lang.invoke.DirectMethodHandle$Holder.invokeStatic(java.lang.Object, java.lang.Object, java.lang.Object, java.lang.Object, java.lang.Object, java.lang.Object, java.lang.Object, java.lang.Object, java.lang.Object, java.lang.Object, java.lang.Object, java.lang.Object, java.lang.Object, java.lang.Object, java.lang.Object, java.lang.Object, java.lang.Object, java.lang.Object, java.lang.Object, java.lang.Object, java.lang.Obj

VM Operations (20 events):
Event: 41.545 Executing safepoint VM operation: G1PauseCleanup
Event: 41.545 Executing safepoint VM operation: G1PauseCleanup done
Event: 42.057 Executing non-safepoint VM operation: HandshakeAllThreads (Deoptimize)
Event: 42.057 Executing non-safepoint VM operation: HandshakeAllThreads (Deoptimize) done
Event: 42.222 Executing non-safepoint VM operation: HandshakeAllThreads (Deoptimize)
Event: 42.222 Executing non-safepoint VM operation: HandshakeAllThreads (Deoptimize) done
Event: 42.605 Executing safepoint VM operation: G1CollectForAllocation (G1 Evacuation Pause)
Event: 42.615 Executing safepoint VM operation: G1CollectForAllocation (G1 Evacuation Pause) done
Event: 43.930 Executing safepoint VM operation: G1CollectForAllocation (G1 Evacuation Pause)
Event: 43.939 Executing safepoint VM operation: G1CollectForAllocation (G1 Evacuation Pause) done
Event: 44.062 Executing non-safepoint VM operation: HandshakeAllThreads (Deoptimize)
Event: 44.062 Executing non-safepoint VM operation: HandshakeAllThreads (Deoptimize) done
Event: 44.353 Executing non-safepoint VM operation: HandshakeAllThreads (Deoptimize)
Event: 44.353 Executing non-safepoint VM operation: HandshakeAllThreads (Deoptimize) done
Event: 44.792 Executing safepoint VM operation: G1CollectForAllocation (G1 Evacuation Pause)
Event: 44.798 Executing safepoint VM operation: G1CollectForAllocation (G1 Evacuation Pause) done
Event: 44.853 Executing safepoint VM operation: G1PauseRemark
Event: 44.859 Executing safepoint VM operation: G1PauseRemark done
Event: 44.880 Executing safepoint VM operation: G1PauseCleanup
Event: 44.880 Executing safepoint VM operation: G1PauseCleanup done

Memory protections (0 events):
No events

Nmethod flushes (20 events):
Event: 44.857 Thread 0x0000021da0474510 flushing  nmethod 0x0000021d8972ee88
Event: 44.857 Thread 0x0000021da0474510 flushing  nmethod 0x0000021d8972fc88
Event: 44.857 Thread 0x0000021da0474510 flushing  nmethod 0x0000021d89730e88
Event: 44.857 Thread 0x0000021da0474510 flushing  nmethod 0x0000021d89731608
Event: 44.857 Thread 0x0000021da0474510 flushing  nmethod 0x0000021d89731908
Event: 44.857 Thread 0x0000021da0474510 flushing  nmethod 0x0000021d89731c08
Event: 44.857 Thread 0x0000021da0474510 flushing  nmethod 0x0000021d89732888
Event: 44.858 Thread 0x0000021da0474510 flushing  nmethod 0x0000021d89733008
Event: 44.858 Thread 0x0000021da0474510 flushing  nmethod 0x0000021d89765408
Event: 44.858 Thread 0x0000021da0474510 flushing  nmethod 0x0000021d89765e88
Event: 44.858 Thread 0x0000021da0474510 flushing  nmethod 0x0000021d89767588
Event: 44.858 Thread 0x0000021da0474510 flushing  nmethod 0x0000021d897a8d08
Event: 44.858 Thread 0x0000021da0474510 flushing  nmethod 0x0000021d897ac488
Event: 44.858 Thread 0x0000021da0474510 flushing  nmethod 0x0000021d897ad788
Event: 44.858 Thread 0x0000021da0474510 flushing  nmethod 0x0000021d897ae408
Event: 44.858 Thread 0x0000021da0474510 flushing  nmethod 0x0000021d89899388
Event: 44.858 Thread 0x0000021da0474510 flushing  nmethod 0x0000021d898ddd08
Event: 44.858 Thread 0x0000021da0474510 flushing  nmethod 0x0000021d898de788
Event: 44.858 Thread 0x0000021da0474510 flushing  nmethod 0x0000021d89939608
Event: 44.858 Thread 0x0000021da0474510 flushing  nmethod 0x0000021d899f6308

Events (20 events):
Event: 34.450 Thread 0x0000021da720a9f0 Thread added: 0x0000021da72fa020
Event: 35.192 Thread 0x0000021da720a9f0 Thread added: 0x0000021da7e9ce80
Event: 40.549 Thread 0x0000021da04e2150 Thread added: 0x0000021da5a625f0
Event: 41.437 Thread 0x0000021da720a9f0 Thread added: 0x0000021da7e9d650
Event: 41.468 Thread 0x0000021da720a9f0 Thread added: 0x0000021da7e9de20
Event: 41.964 Thread 0x0000021da720a9f0 Thread added: 0x0000021da7e9b710
Event: 41.976 Thread 0x0000021da720a9f0 Thread added: 0x0000021da7ea1ca0
Event: 42.196 Thread 0x0000021da720a9f0 Thread added: 0x0000021da7e9f590
Event: 42.197 Thread 0x0000021da720a9f0 Thread added: 0x0000021da7e9fd60
Event: 42.197 Thread 0x0000021da720a9f0 Thread added: 0x0000021da7ea0d00
Event: 42.197 Thread 0x0000021da720a9f0 Thread added: 0x0000021da7ea0530
Event: 42.197 Thread 0x0000021da720a9f0 Thread added: 0x0000021da886a800
Event: 42.197 Thread 0x0000021da720a9f0 Thread added: 0x0000021da90a6180
Event: 42.197 Thread 0x0000021da720a9f0 Thread added: 0x0000021da90a9060
Event: 42.198 Thread 0x0000021da720a9f0 Thread added: 0x0000021da90a7120
Event: 43.947 Thread 0x0000021da720a9f0 Thread added: 0x0000021da90abf40
Event: 44.155 Thread 0x0000021da720a9f0 Thread added: 0x0000021da90ab770
Event: 44.764 Thread 0x0000021da5a625f0 Thread exited: 0x0000021da5a625f0
Event: 45.062 Thread 0x0000021da720a9f0 Thread added: 0x0000021da886deb0
Event: 45.212 Thread 0x0000021da720a9f0 Thread added: 0x0000021da886cf10


Dynamic libraries:
0x00007ff6c33d0000 - 0x00007ff6c33da000 	C:\Program Files\Android\Android Studio\jbr\bin\java.exe
0x00007ffb39f00000 - 0x00007ffb3a166000 	C:\WINDOWS\SYSTEM32\ntdll.dll
0x00007ffb39030000 - 0x00007ffb390f9000 	C:\WINDOWS\System32\KERNEL32.DLL
0x00007ffb375f0000 - 0x00007ffb379ee000 	C:\WINDOWS\System32\KERNELBASE.dll
0x00007ffb37310000 - 0x00007ffb3745c000 	C:\WINDOWS\System32\ucrtbase.dll
0x00007ffb1d280000 - 0x00007ffb1d296000 	C:\Program Files\Android\Android Studio\jbr\bin\jli.dll
0x00007ffb392a0000 - 0x00007ffb39467000 	C:\WINDOWS\System32\USER32.dll
0x00007ffb37500000 - 0x00007ffb37527000 	C:\WINDOWS\System32\win32u.dll
0x00007ffb38cf0000 - 0x00007ffb38d1b000 	C:\WINDOWS\System32\GDI32.dll
0x00007ffb371e0000 - 0x00007ffb3730a000 	C:\WINDOWS\System32\gdi32full.dll
0x00007ffb37a00000 - 0x00007ffb37aa3000 	C:\WINDOWS\System32\msvcp_win.dll
0x00007ffb25710000 - 0x00007ffb2572b000 	C:\Program Files\Android\Android Studio\jbr\bin\VCRUNTIME140.dll
0x00007ffb0e1e0000 - 0x00007ffb0e472000 	C:\WINDOWS\WinSxS\amd64_microsoft.windows.common-controls_6595b64144ccf1df_6.0.26100.8875_none_3e0d5d42e32fe9dd\COMCTL32.dll
0x00007ffb37c30000 - 0x00007ffb37cd9000 	C:\WINDOWS\System32\msvcrt.dll
0x00007ffb37d60000 - 0x00007ffb37d92000 	C:\WINDOWS\System32\IMM32.DLL
0x00007ffb2f110000 - 0x00007ffb2f11c000 	C:\Program Files\Android\Android Studio\jbr\bin\vcruntime140_1.dll
0x00007ffacbf30000 - 0x00007ffacbfbd000 	C:\Program Files\Android\Android Studio\jbr\bin\msvcp140.dll
0x00007ffab9050000 - 0x00007ffab9f2a000 	C:\Program Files\Android\Android Studio\jbr\bin\server\jvm.dll
0x00007ffb39470000 - 0x00007ffb39527000 	C:\WINDOWS\System32\ADVAPI32.dll
0x00007ffb388d0000 - 0x00007ffb3897a000 	C:\WINDOWS\System32\sechost.dll
0x00007ffb38f10000 - 0x00007ffb39028000 	C:\WINDOWS\System32\RPCRT4.dll
0x00007ffb38c00000 - 0x00007ffb38c80000 	C:\WINDOWS\System32\WS2_32.dll
0x00007ffb2c860000 - 0x00007ffb2c896000 	C:\WINDOWS\SYSTEM32\WINMM.dll
0x00007ffb24ea0000 - 0x00007ffb24eab000 	C:\WINDOWS\SYSTEM32\VERSION.dll
0x00007ffb36fa0000 - 0x00007ffb36ffe000 	C:\WINDOWS\SYSTEM32\POWRPROF.dll
0x00007ffb36f80000 - 0x00007ffb36f94000 	C:\WINDOWS\SYSTEM32\UMPDC.dll
0x00007ffb35e00000 - 0x00007ffb35e1b000 	C:\WINDOWS\SYSTEM32\kernel.appcore.dll
0x00007ffb2f0d0000 - 0x00007ffb2f0da000 	C:\Program Files\Android\Android Studio\jbr\bin\jimage.dll
0x00007ffb346c0000 - 0x00007ffb34902000 	C:\WINDOWS\SYSTEM32\DBGHELP.DLL
0x00007ffb38540000 - 0x00007ffb388c3000 	C:\WINDOWS\System32\combase.dll
0x00007ffb38e30000 - 0x00007ffb38f09000 	C:\WINDOWS\System32\OLEAUT32.dll
0x00007ffb0a9b0000 - 0x00007ffb0a9eb000 	C:\WINDOWS\SYSTEM32\dbgcore.DLL
0x00007ffb37530000 - 0x00007ffb375dc000 	C:\WINDOWS\System32\bcryptPrimitives.dll
0x00007ffb1d270000 - 0x00007ffb1d27e000 	C:\Program Files\Android\Android Studio\jbr\bin\instrument.dll
0x00007ffb1c080000 - 0x00007ffb1c09f000 	C:\Program Files\Android\Android Studio\jbr\bin\java.dll
0x00007ffb39890000 - 0x00007ffb39a29000 	C:\WINDOWS\System32\ole32.dll
0x00007ffb37da0000 - 0x00007ffb38532000 	C:\WINDOWS\System32\SHELL32.dll
0x00007ffb1c060000 - 0x00007ffb1c077000 	C:\Program Files\Android\Android Studio\jbr\bin\zip.dll
0x00007ffb34be0000 - 0x00007ffb35472000 	C:\WINDOWS\SYSTEM32\windows.storage.dll
0x00007ffb38d30000 - 0x00007ffb38e27000 	C:\WINDOWS\System32\SHCORE.dll
0x00007ffb39100000 - 0x00007ffb39167000 	C:\WINDOWS\System32\shlwapi.dll
0x00007ffb37040000 - 0x00007ffb37069000 	C:\WINDOWS\SYSTEM32\profapi.dll
0x00007ffb25ad0000 - 0x00007ffb25ae0000 	C:\Program Files\Android\Android Studio\jbr\bin\net.dll
0x00007ffb363b0000 - 0x00007ffb3641c000 	C:\WINDOWS\system32\mswsock.dll
0x00007ffb1c040000 - 0x00007ffb1c056000 	C:\Program Files\Android\Android Studio\jbr\bin\nio.dll
0x00007ffb1bfc0000 - 0x00007ffb1bfd0000 	C:\Program Files\Android\Android Studio\jbr\bin\verify.dll
0x00007ffb15cb0000 - 0x00007ffb15cd7000 	C:\Users\DELL\.gradle\native\660c5614fbf4a5f2a75b1949f50a0caf5cd603558e7d8a26e50b933a0cfb79d1\windows-amd64\native-platform.dll
0x00007ffb1c980000 - 0x00007ffb1c9f7000 	C:\Users\DELL\.gradle\native\0.2.8\x86_64-windows-gnu\gradle-fileevents.dll
0x00007ffb25870000 - 0x00007ffb25879000 	C:\Program Files\Android\Android Studio\jbr\bin\management.dll
0x00007ffb1d230000 - 0x00007ffb1d23b000 	C:\Program Files\Android\Android Studio\jbr\bin\management_ext.dll
0x00007ffb38d20000 - 0x00007ffb38d28000 	C:\WINDOWS\System32\PSAPI.DLL
0x00007ffb357d0000 - 0x00007ffb35803000 	C:\WINDOWS\SYSTEM32\IPHLPAPI.DLL
0x00007ffb38b60000 - 0x00007ffb38b6a000 	C:\WINDOWS\System32\NSI.dll
0x00007ffb25a70000 - 0x00007ffb25a79000 	C:\Program Files\Android\Android Studio\jbr\bin\extnet.dll
0x00007ffb366b0000 - 0x00007ffb366cb000 	C:\WINDOWS\SYSTEM32\CRYPTSP.dll
0x00007ffb35d60000 - 0x00007ffb35d99000 	C:\WINDOWS\system32\rsaenh.dll
0x00007ffb36470000 - 0x00007ffb364a2000 	C:\WINDOWS\SYSTEM32\USERENV.dll
0x00007ffb37010000 - 0x00007ffb3703a000 	C:\WINDOWS\SYSTEM32\bcrypt.dll
0x00007ffb366d0000 - 0x00007ffb366dc000 	C:\WINDOWS\SYSTEM32\CRYPTBASE.dll
0x00007ffb1cd60000 - 0x00007ffb1cd68000 	C:\WINDOWS\system32\wshunix.dll

JVMTI agents:
C:\Users\DELL\.gradle\wrapper\dists\gradle-9.6.1-bin\4ticwg1pgcbps2hj28r8so764\gradle-9.6.1\lib\agents\gradle-instrumentation-agent-9.6.1.jar path:C:\Program Files\Android\Android Studio\jbr\bin\instrument.dll, loaded, initialized, instrumentlib options:none

dbghelp: loaded successfully - version: 4.0.5 - missing functions: none
symbol engine: initialized successfully - sym options: 0x614 - pdb path: .;C:\Program Files\Android\Android Studio\jbr\bin;C:\WINDOWS\SYSTEM32;C:\WINDOWS\WinSxS\amd64_microsoft.windows.common-controls_6595b64144ccf1df_6.0.26100.8875_none_3e0d5d42e32fe9dd;C:\Program Files\Android\Android Studio\jbr\bin\server;C:\Users\DELL\.gradle\native\660c5614fbf4a5f2a75b1949f50a0caf5cd603558e7d8a26e50b933a0cfb79d1\windows-amd64;C:\Users\DELL\.gradle\native\0.2.8\x86_64-windows-gnu

VM Arguments:
jvm_args: --add-opens=java.base/java.lang=ALL-UNNAMED --add-opens=java.base/java.lang.invoke=ALL-UNNAMED --add-opens=java.base/java.util=ALL-UNNAMED --add-opens=java.prefs/java.util.prefs=ALL-UNNAMED --add-exports=jdk.compiler/com.sun.tools.javac.api=ALL-UNNAMED --add-exports=jdk.compiler/com.sun.tools.javac.util=ALL-UNNAMED --add-opens=java.base/java.nio.charset=ALL-UNNAMED --add-opens=java.base/java.net=ALL-UNNAMED --add-opens=java.base/java.util.concurrent=ALL-UNNAMED --add-opens=java.base/java.util.concurrent.atomic=ALL-UNNAMED --add-opens=java.xml/javax.xml.namespace=ALL-UNNAMED --add-opens=java.base/java.time=ALL-UNNAMED --enable-native-access=ALL-UNNAMED -Xmx4g -Dfile.encoding=UTF-8 -Duser.country=US -Duser.language=en -Duser.variant -javaagent:C:\Users\DELL\.gradle\wrapper\dists\gradle-9.6.1-bin\4ticwg1pgcbps2hj28r8so764\gradle-9.6.1\lib\agents\gradle-instrumentation-agent-9.6.1.jar 
java_command: org.gradle.launcher.daemon.bootstrap.GradleDaemon 9.6.1
java_class_path (initial): C:\Users\DELL\.gradle\wrapper\dists\gradle-9.6.1-bin\4ticwg1pgcbps2hj28r8so764\gradle-9.6.1\lib\gradle-daemon-main-9.6.1.jar
Launcher Type: SUN_STANDARD

[Global flags]
     intx CICompilerCount                          = 4                                         {product} {ergonomic}
     uint ConcGCThreads                            = 2                                         {product} {ergonomic}
     uint G1ConcRefinementThreads                  = 8                                         {product} {ergonomic}
   size_t G1HeapRegionSize                         = 2097152                                   {product} {ergonomic}
   size_t InitialHeapSize                          = 130023424                                 {product} {ergonomic}
   size_t MarkStackSize                            = 4194304                                   {product} {ergonomic}
   size_t MarkStackSizeMax                         = 536870912                                 {product} {ergonomic}
   size_t MaxHeapSize                              = 4294967296                                {product} {command line}
   size_t MaxNewSize                               = 2575302656                                {product} {ergonomic}
   size_t MinHeapDeltaBytes                        = 2097152                                   {product} {ergonomic}
   size_t MinHeapSize                              = 8388608                                   {product} {ergonomic}
    uintx NonNMethodCodeHeapSize                   = 5832704                                {pd product} {ergonomic}
    uintx NonProfiledCodeHeapSize                  = 122945536                              {pd product} {ergonomic}
    uintx ProfiledCodeHeapSize                     = 122880000                              {pd product} {ergonomic}
    uintx ReservedCodeCacheSize                    = 251658240                              {pd product} {ergonomic}
     bool SegmentedCodeCache                       = true                                      {product} {ergonomic}
   size_t SoftMaxHeapSize                          = 4294967296                             {manageable} {ergonomic}
     bool UseCompressedOops                        = true                           {product lp64_product} {ergonomic}
     bool UseG1GC                                  = true                                      {product} {ergonomic}
     bool UseLargePagesIndividualAllocation        = false                                  {pd product} {ergonomic}

Logging:
Log output configuration:
 #0: stdout all=warning uptime,level,tags foldmultilines=false
 #1: stderr all=off uptime,level,tags foldmultilines=false

Release file:
JAVA_VERSION="25.0.2" 
MODULES="java.base java.compiler java.datatransfer java.xml java.prefs java.desktop java.instrument java.logging java.management java.security.sasl java.naming java.rmi java.management.rmi java.net.http java.scripting java.security.jgss java.transaction.xa java.sql java.sql.rowset java.xml.crypto java.se java.smartcardio jdk.accessibility jdk.internal.jvmstat jdk.attach jdk.charsets jdk.internal.opt jdk.zipfs jdk.compiler jdk.crypto.cryptoki jdk.crypto.ec jdk.dynalink jdk.hotspot.agent jdk.httpserver jdk.internal.ed jdk.internal.le jdk.internal.md jdk.internal.vm.ci jdk.jartool jdk.javadoc jdk.jcmd jdk.jdeps jdk.jdwp.agent jdk.jdi jdk.jfr jdk.jlink jdk.localedata jdk.management jdk.management.agent jdk.management.jfr jdk.naming.dns jdk.naming.rmi jdk.net jdk.sctp jdk.security.auth jdk.security.jgss jdk.unsupported jdk.unsupported.desktop jdk.xml.dom" 
IMPLEMENTOR="JetBrains s.r.o." 
JAVA_RUNTIME_VERSION="25.0.2+-15348964-b329.117" 
LIBC="default" 
OS_ARCH="x86_64" 
OS_NAME="Windows" 
SOURCE=".:git:3cf398e84a39" 

Environment Variables:
PATH=C:\WINDOWS\system32;C:\WINDOWS;C:\WINDOWS\System32\Wbem;C:\WINDOWS\System32\WindowsPowerShell\v1.0\;C:\WINDOWS\System32\OpenSSH\;C:\Program Files\Git\cmd;C:\Program Files\Microsoft SQL Server\170\Tools\Binn\;C:\Program Files\dotnet\;C:\Program Files\nodejs\;C:\Users\DELL\AppData\Local\jcode\bin;C:\Users\DELL\AppData\Local\Microsoft\WindowsApps;C:\Users\DELL\.dotnet\tools;C:\Users\DELL\AppData\Roaming\npm
USERNAME=DELL
OS=Windows_NT
PROCESSOR_IDENTIFIER=Intel64 Family 6 Model 140 Stepping 1, GenuineIntel
TMP=C:\Users\DELL\AppData\Local\Temp
TEMP=C:\Users\DELL\AppData\Local\Temp




Compilation memory statistics disabled.

Periodic native trim disabled

JNI global refs:
JNI global refs: 22, weak refs: 0

JNI global refs memory usage: 835, weak refs: 833

Process memory usage:
Resident Set Size: 260272K (3% of 8061192K total physical memory with 433268K free physical memory)

OOME stack traces (most recent first):
Classloader memory used:
Loader org.gradle.internal.classloader.VisitableURLClassLoader                         : 20421 K
Loader bootstrap                                                                       : 19927 K
Loader org.gradle.initialization.MixInLegacyTypesClassLoader                           : 4324 K
Loader org.gradle.internal.classloader.VisitableURLClassLoader                         : 762 K
Loader jdk.internal.loader.ClassLoaders$AppClassLoader                                 : 186 K
Loader jdk.internal.loader.ClassLoaders$PlatformClassLoader                            : 99840 B

Classes loaded by more than one classloader:
Class org.gradle.internal.IoActions                                                   : loaded 3 times (x 73B)
Class org.gradle.api.Action                                                           : loaded 3 times (x 72B)
Class org.gradle.api.GradleException                                                  : loaded 3 times (x 84B)
Class org.gradle.internal.operations.MultipleBuildOperationFailures                   : loaded 2 times (x 97B)
Class org.gradle.internal.classloader.DefaultClassLoaderFactory                       : loaded 2 times (x 84B)
Class kotlin.collections.AbstractList$Companion                                       : loaded 2 times (x 73B)
Class org.gradle.api.internal.DefaultClassPathProvider                                : loaded 2 times (x 78B)
Class [Lorg.gradle.api.internal.ClassPathProvider;                                    : loaded 2 times (x 71B)
Class org.gradle.api.internal.ClassPathProvider                                       : loaded 2 times (x 72B)
Class org.gradle.internal.service.UnknownServiceException                             : loaded 2 times (x 85B)
Class org.gradle.internal.classpath.TransformedClassPath                              : loaded 2 times (x 98B)
Class org.gradle.internal.classloader.InstrumentingClassLoader                        : loaded 2 times (x 72B)
Class kotlin.enums.EnumEntriesList                                                    : loaded 2 times (x 225B)
Class org.gradle.internal.service.ServiceLocator                                      : loaded 2 times (x 72B)
Class org.gradle.internal.time.DefaultTimer                                           : loaded 2 times (x 82B)
Class org.gradle.api.internal.classpath.DefaultModuleRegistry$DefaultModule           : loaded 2 times (x 84B)
Class org.gradle.internal.time.DefaultCountdownTimer                                  : loaded 2 times (x 90B)
Class org.gradle.api.internal.classpath.Module                                        : loaded 2 times (x 72B)
Class org.gradle.api.internal.classpath.UnknownModuleException                        : loaded 2 times (x 84B)
Class org.gradle.api.internal.DefaultClassPathRegistry                                : loaded 2 times (x 78B)
Class org.gradle.internal.classpath.DefaultClassPath$ImmutableUniqueList              : loaded 2 times (x 201B)
Class org.gradle.api.internal.ClassPathRegistry                                       : loaded 2 times (x 72B)
Class org.gradle.internal.classpath.ClassPath                                         : loaded 2 times (x 72B)
Class org.gradle.api.internal.classpath.DefaultModuleRegistry$DefaultModuleAlias      : loaded 2 times (x 82B)
Class org.gradle.tooling.model.Model                                                  : loaded 2 times (x 72B)
Class kotlin.UninitializedPropertyAccessException                                     : loaded 2 times (x 84B)
Class org.gradle.api.internal.classpath.ModuleRegistry                                : loaded 2 times (x 72B)
Class org.gradle.internal.installation.GradleInstallation$1                           : loaded 2 times (x 77B)
Class org.gradle.tooling.model.idea.BasicIdeaProject                                  : loaded 2 times (x 72B)
Class org.gradle.internal.classloader.ClassLoaderHierarchy                            : loaded 2 times (x 72B)
Class org.gradle.tooling.model.GradleProject                                          : loaded 2 times (x 72B)
Class org.gradle.internal.time.MonotonicClock                                         : loaded 2 times (x 79B)
Class org.gradle.internal.service.ServiceLookupException                              : loaded 2 times (x 84B)
Class org.gradle.internal.classloader.ClassLoaderFactory                              : loaded 2 times (x 72B)
Class org.gradle.internal.service.CachingServiceLocator                               : loaded 2 times (x 84B)
Class org.gradle.internal.time.TimeSource                                             : loaded 2 times (x 72B)
Class kotlin.enums.EnumEntries                                                        : loaded 2 times (x 72B)
Class org.gradle.internal.exceptions.ResolutionProvider                               : loaded 2 times (x 72B)
Class org.gradle.internal.classloader.ClasspathUtil                                   : loaded 2 times (x 73B)
Class org.gradle.internal.time.TimeSource$1                                           : loaded 2 times (x 79B)
Class org.gradle.api.specs.Spec                                                       : loaded 2 times (x 72B)
Class org.gradle.internal.time.Clock                                                  : loaded 2 times (x 72B)
Class org.gradle.tooling.model.BuildModel                                             : loaded 2 times (x 72B)
Class org.gradle.tooling.model.Element                                                : loaded 2 times (x 72B)
Class kotlin.collections.AbstractList                                                 : loaded 2 times (x 199B)
Class kotlin.collections.AbstractCollection                                           : loaded 2 times (x 119B)
Class org.gradle.internal.classloader.VisitableURLClassLoader$InstrumentingVisitableURLClassLoader: loaded 2 times (x 124B)
Class org.gradle.internal.classloader.VisitableURLClassLoader$Spec                    : loaded 2 times (x 76B)
Class org.gradle.internal.classpath.DefaultClassPath                                  : loaded 2 times (x 92B)
Class org.gradle.util.internal.DefaultGradleVersion                                   : loaded 2 times (x 84B)
Class org.gradle.internal.classloader.ClassLoaderSpec                                 : loaded 2 times (x 73B)
Class org.gradle.api.internal.classpath.Module$ModuleAlias                            : loaded 2 times (x 72B)
Class org.gradle.internal.classloader.VisitableURLClassLoader                         : loaded 2 times (x 118B)
Class org.gradle.internal.classloader.FilteringClassLoader                            : loaded 2 times (x 106B)
Class org.gradle.tooling.model.eclipse.EclipseProject                                 : loaded 2 times (x 72B)
Class org.gradle.internal.Cast                                                        : loaded 2 times (x 73B)
Class org.gradle.internal.classpath.DefaultClassPath$ImmutableUniqueList$Builder      : loaded 2 times (x 77B)
Class org.gradle.api.internal.classpath.DefaultModuleRegistry                         : loaded 2 times (x 86B)
Class org.gradle.internal.exceptions.NonGradleCauseExceptionsHolder                   : loaded 2 times (x 72B)
Class org.gradle.tooling.model.eclipse.HierarchicalEclipseProject                     : loaded 2 times (x 72B)
Class kotlin.NotImplementedError                                                      : loaded 2 times (x 84B)
Class kotlin.enums.EnumEntriesKt                                                      : loaded 2 times (x 73B)
Class org.gradle.internal.exceptions.MultiCauseException                              : loaded 2 times (x 72B)
Class org.gradle.internal.time.CountdownTimer                                         : loaded 2 times (x 72B)
Class kotlin.jvm.internal.Intrinsics                                                  : loaded 2 times (x 73B)
Class org.gradle.tooling.model.ProjectModel                                           : loaded 2 times (x 72B)
Class org.gradle.tooling.model.gradle.GradleBuild                                     : loaded 2 times (x 72B)
Class kotlin.KotlinNullPointerException                                               : loaded 2 times (x 84B)
Class org.gradle.internal.exceptions.DefaultMultiCauseException                       : loaded 2 times (x 97B)
Class org.gradle.tooling.model.HierarchicalElement                                    : loaded 2 times (x 72B)
Class org.gradle.internal.time.Time                                                   : loaded 2 times (x 73B)
Class kotlin.NoWhenBranchMatchedException                                             : loaded 2 times (x 84B)
Class org.gradle.tooling.model.BuildableElement                                       : loaded 2 times (x 72B)
Class org.gradle.tooling.model.HasGradleProject                                       : loaded 2 times (x 72B)
Class org.gradle.internal.time.Timer                                                  : loaded 2 times (x 72B)
Class kotlin.jvm.internal.markers.KMappedMarker                                       : loaded 2 times (x 72B)
Class org.gradle.internal.installation.CurrentGradleInstallationLocator               : loaded 2 times (x 73B)
Class org.gradle.tooling.model.idea.IdeaProject                                       : loaded 2 times (x 72B)
Class org.gradle.internal.service.DefaultServiceLocator                               : loaded 2 times (x 85B)
Class org.gradle.util.GradleVersion                                                   : loaded 2 times (x 83B)
Class org.gradle.internal.installation.CurrentGradleInstallation                      : loaded 2 times (x 75B)
Class org.gradle.tooling.model.gradle.ProjectPublications                             : loaded 2 times (x 72B)
Class org.gradle.util.internal.GUtil                                                  : loaded 2 times (x 73B)
Class org.gradle.internal.installation.GradleInstallation                             : loaded 2 times (x 77B)

---------------  S Y S T E M  ---------------

OS:
 Windows 11 , 64 bit Build 26100 (10.0.26100.8875)
OS uptime: 2 days 12:26 hours

CPU: total 8 (initial active 8) (4 cores per cpu, 2 threads per core) family 6 model 140 stepping 1 microcode 0xbe, cx8, cmov, fxsr, ht, mmx, 3dnowpref, sse, sse2, sse3, ssse3, sse4.1, sse4.2, popcnt, lzcnt, tsc, tscinvbit, avx, avx2, aes, erms, clmul, bmi1, bmi2, adx, avx512f, avx512dq, avx512cd, avx512bw, avx512vl, sha, fma, vzeroupper, avx512_vpopcntdq, avx512_vpclmulqdq, avx512_vaes, avx512_vnni, clflush, clflushopt, clwb, avx512_vbmi2, avx512_vbmi, rdtscp, rdpid, fsrm, gfni, avx512_bitalg, f16c, pku, cet_ibt, cet_ss, avx512_ifma
Processor Information for processor 0
  Max Mhz: 2419, Current Mhz: 2419, Mhz Limit: 2419
Processor Information for processor 1
  Max Mhz: 2419, Current Mhz: 2419, Mhz Limit: 2419
Processor Information for processor 2
  Max Mhz: 2419, Current Mhz: 1007, Mhz Limit: 2419
Processor Information for processor 3
  Max Mhz: 2419, Current Mhz: 2419, Mhz Limit: 2419
Processor Information for processor 4
  Max Mhz: 2419, Current Mhz: 2419, Mhz Limit: 2419
Processor Information for processor 5
  Max Mhz: 2419, Current Mhz: 2419, Mhz Limit: 2419
Processor Information for processor 6
  Max Mhz: 2419, Current Mhz: 2419, Mhz Limit: 2419
Processor Information for processor 7
  Max Mhz: 2419, Current Mhz: 2419, Mhz Limit: 2419

Memory: 4k page, system-wide physical 7872M (427M free)
TotalPageFile size 7872M (AvailPageFile size 25M)
current process WorkingSet (physical memory assigned to process): 255M, peak: 255M
current process commit charge ("private bytes"): 294M, peak: 303M

vm_info: OpenJDK 64-Bit Server VM (25.0.2+-15348964-b329.117) for windows-amd64 JRE (25.0.2+-15348964-b329.117), built on 2026-05-05T18:25:19Z with MS VC++ 16.10 / 16.11 (VS2019)

END.
